Component: ARM Compiler 5.06 update 6 (build 750) Tool: armlink [4d35ed]

==============================================================================

Section Cross References

    startup_stm32f10x_hd.o(RESET) refers to startup_stm32f10x_hd.o(STACK) for __initial_sp
    startup_stm32f10x_hd.o(RESET) refers to startup_stm32f10x_hd.o(.text) for Reset_Handler
    startup_stm32f10x_hd.o(RESET) refers to stm32f10x_it.o(.text) for NMI_Handler
    startup_stm32f10x_hd.o(RESET) refers to exti_key.o(.text) for EXTI3_IRQHandler
    startup_stm32f10x_hd.o(RESET) refers to adc_double.o(.text) for DMA1_Channel1_IRQHandler
    startup_stm32f10x_hd.o(RESET) refers to pwm_ic.o(.text) for TIM1_CC_IRQHandler
    startup_stm32f10x_hd.o(.text) refers to system_stm32f10x.o(.text) for SystemInit
    startup_stm32f10x_hd.o(.text) refers to entry.o(.ARM.Collect$$$$00000000) for __main
    system_stm32f10x.o(.text) refers to system_stm32f10x.o(.data) for SystemCoreClock
    stm32f10x_adc.o(.text) refers to stm32f10x_rcc.o(.text) for RCC_APB2PeriphResetCmd
    stm32f10x_bkp.o(.text) refers to stm32f10x_rcc.o(.text) for RCC_BackupResetCmd
    stm32f10x_can.o(.text) refers to stm32f10x_rcc.o(.text) for RCC_APB1PeriphResetCmd
    stm32f10x_cec.o(.text) refers to stm32f10x_rcc.o(.text) for RCC_APB1PeriphResetCmd
    stm32f10x_dac.o(.text) refers to stm32f10x_rcc.o(.text) for RCC_APB1PeriphResetCmd
    stm32f10x_gpio.o(.text) refers to stm32f10x_rcc.o(.text) for RCC_APB2PeriphResetCmd
    stm32f10x_i2c.o(.text) refers to stm32f10x_rcc.o(.text) for RCC_APB1PeriphResetCmd
    stm32f10x_pwr.o(.text) refers to stm32f10x_rcc.o(.text) for RCC_APB1PeriphResetCmd
    stm32f10x_rcc.o(.text) refers to stm32f10x_rcc.o(.data) for APBAHBPrescTable
    stm32f10x_spi.o(.text) refers to stm32f10x_rcc.o(.text) for RCC_APB2PeriphResetCmd
    stm32f10x_tim.o(.text) refers to stm32f10x_rcc.o(.text) for RCC_APB2PeriphResetCmd
    stm32f10x_usart.o(.text) refers to stm32f10x_rcc.o(.text) for RCC_APB2PeriphResetCmd
    stm32f10x_wwdg.o(.text) refers to stm32f10x_rcc.o(.text) for RCC_APB1PeriphResetCmd
    main.o(.text) refers to misc.o(.text) for NVIC_PriorityGroupConfig
    main.o(.text) refers to bsp_usart.o(.text) for USART_Config
    main.o(.text) refers to lcd.o(.text) for LCD_Init
    main.o(.text) refers to control.o(.text) for Frame
    main.o(.text) refers to adc_double.o(.text) for TIM2_Init
    main.o(.text) refers to tim.o(.text) for TIM4_Init
    main.o(.text) refers to lcd.o(.data) for POINT_COLOR
    main.o(.text) refers to adc_double.o(.bss) for MagBufArray
    main.o(.text) refers to main.o(.data) for MAX
    stm32f10x_it.o(.text) refers to stm32f10x_usart.o(.text) for USART_GetITStatus
    bsp_usart.o(.text) refers to stm32f10x_rcc.o(.text) for RCC_APB2PeriphClockCmd
    bsp_usart.o(.text) refers to stm32f10x_gpio.o(.text) for GPIO_Init
    bsp_usart.o(.text) refers to stm32f10x_usart.o(.text) for USART_Init
    exti_key.o(.text) refers to misc.o(.text) for NVIC_Init
    exti_key.o(.text) refers to stm32f10x_rcc.o(.text) for RCC_APB2PeriphClockCmd
    exti_key.o(.text) refers to stm32f10x_gpio.o(.text) for GPIO_Init
    exti_key.o(.text) refers to stm32f10x_exti.o(.text) for EXTI_Init
    exti_key.o(.text) refers to stm32f10x_tim.o(.text) for TIM_Cmd
    pwm_ic.o(.text) refers to misc.o(.text) for NVIC_Init
    pwm_ic.o(.text) refers to stm32f10x_rcc.o(.text) for RCC_APB2PeriphClockCmd
    pwm_ic.o(.text) refers to stm32f10x_gpio.o(.text) for GPIO_Init
    pwm_ic.o(.text) refers to stm32f10x_tim.o(.text) for TIM_TimeBaseInit
    pwm_ic.o(.text) refers to fflti.o(.text) for __aeabi_i2f
    pwm_ic.o(.text) refers to fdiv.o(.text) for __aeabi_fdiv
    pwm_ic.o(.text) refers to f2d.o(.text) for __aeabi_f2d
    pwm_ic.o(.text) refers to printfa.o(i.__0printf) for __2printf
    pwm_ic.o(.text) refers to pwm_ic.o(.data) for IC1Value
    tim.o(.text) refers to stm32f10x_rcc.o(.text) for RCC_APB2PeriphClockCmd
    tim.o(.text) refers to stm32f10x_gpio.o(.text) for GPIO_Init
    tim.o(.text) refers to stm32f10x_tim.o(.text) for TIM_TimeBaseInit
    adc_double.o(.text) refers to fflti.o(.text) for __aeabi_i2f
    adc_double.o(.text) refers to fmul.o(.text) for __aeabi_fmul
    adc_double.o(.text) refers to fdiv.o(.text) for __aeabi_fdiv
    adc_double.o(.text) refers to fadd.o(.text) for __aeabi_fadd
    adc_double.o(.text) refers to f2d.o(.text) for __aeabi_f2d
    adc_double.o(.text) refers to sqrt.o(i.sqrt) for sqrt
    adc_double.o(.text) refers to ddiv.o(.text) for __aeabi_ddiv
    adc_double.o(.text) refers to d2f.o(.text) for __aeabi_d2f
    adc_double.o(.text) refers to ffixui.o(.text) for __aeabi_f2uiz
    adc_double.o(.text) refers to stm32f10x_rcc.o(.text) for RCC_APB2PeriphClockCmd
    adc_double.o(.text) refers to stm32f10x_gpio.o(.text) for GPIO_Init
    adc_double.o(.text) refers to stm32f10x_tim.o(.text) for TIM_TimeBaseInit
    adc_double.o(.text) refers to stm32f10x_dma.o(.text) for DMA_DeInit
[...]
    ..\..\Libraries\FWlib\src\stm32f10x_rcc.c 0x00000000   Number         0  stm32f10x_rcc.o ABSOLUTE
    ..\..\Libraries\FWlib\src\stm32f10x_rtc.c 0x00000000   Number         0  stm32f10x_rtc.o ABSOLUTE
    ..\..\Libraries\FWlib\src\stm32f10x_sdio.c 0x00000000   Number         0  stm32f10x_sdio.o ABSOLUTE
    ..\..\Libraries\FWlib\src\stm32f10x_spi.c 0x00000000   Number         0  stm32f10x_spi.o ABSOLUTE
    ..\..\Libraries\FWlib\src\stm32f10x_tim.c 0x00000000   Number         0  stm32f10x_tim.o ABSOLUTE
    ..\..\Libraries\FWlib\src\stm32f10x_usart.c 0x00000000   Number         0  stm32f10x_usart.o ABSOLUTE
    ..\..\Libraries\FWlib\src\stm32f10x_wwdg.c 0x00000000   Number         0  stm32f10x_wwdg.o ABSOLUTE
    ..\..\User\AD_DA\DAC.c                   0x00000000   Number         0  dac.o ABSOLUTE
    ..\..\User\AD_DA\adc_Double.c            0x00000000   Number         0  adc_double.o ABSOLUTE
    ..\..\User\AD_DA\bsp_adc.c               0x00000000   Number         0  bsp_adc.o ABSOLUTE
    ..\..\User\TIM\PWM_IC.c                  0x00000000   Number         0  pwm_ic.o ABSOLUTE
    ..\..\User\TIM\TIM.c                     0x00000000   Number         0  tim.o ABSOLUTE
    ..\..\User\exit\exti_key.c               0x00000000   Number         0  exti_key.o ABSOLUTE
    ..\..\User\main.c                        0x00000000   Number         0  main.o ABSOLUTE
    ..\..\User\stm32f10x_it.c                0x00000000   Number         0  stm32f10x_it.o ABSOLUTE
    ..\..\User\tft\Control.c                 0x00000000   Number         0  control.o ABSOLUTE
    ..\..\User\tft\lcd.c                     0x00000000   Number         0  lcd.o ABSOLUTE
    ..\..\User\usart\bsp_usart.c             0x00000000   Number         0  bsp_usart.o ABSOLUTE
    ..\\..\\Libraries\\CMSIS\\core_cm3.c     0x00000000   Number         0  core_cm3.o ABSOLUTE
    ..\\..\\Libraries\\CMSIS\\system_stm32f10x.c 0x00000000   Number         0  system_stm32f10x.o ABSOLUTE
    ..\\..\\Libraries\\FWlib\\src\\misc.c    0x00000000   Number         0  misc.o ABSOLUTE
    ..\\..\\Libraries\\FWlib\\src\\stm32f10x_adc.c 0x00000000   Number         0  stm32f10x_adc.o ABSOLUTE
    ..\\..\\Libraries\\FWlib\\src\\stm32f10x_bkp.c 0x00000000   Number         0  stm32f10x_bkp.o ABSOLUTE
    ..\\..\\Libraries\\FWlib\\src\\stm32f10x_can.c 0x00000000   Number         0  stm32f10x_can.o ABSOLUTE
    ..\\..\\Libraries\\FWlib\\src\\stm32f10x_cec.c 0x00000000   Number         0  stm32f10x_cec.o ABSOLUTE
    ..\\..\\Libraries\\FWlib\\src\\stm32f10x_crc.c 0x00000000   Number         0  stm32f10x_crc.o ABSOLUTE
    ..\\..\\Libraries\\FWlib\\src\\stm32f10x_dac.c 0x00000000   Number         0  stm32f10x_dac.o ABSOLUTE
    ..\\..\\Libraries\\FWlib\\src\\stm32f10x_dbgmcu.c 0x00000000   Number         0  stm32f10x_dbgmcu.o ABSOLUTE
    ..\\..\\Libraries\\FWlib\\src\\stm32f10x_dma.c 0x00000000   Number         0  stm32f10x_dma.o ABSOLUTE
    ..\\..\\Libraries\\FWlib\\src\\stm32f10x_exti.c 0x00000000   Number         0  stm32f10x_exti.o ABSOLUTE
    ..\\..\\Libraries\\FWlib\\src\\stm32f10x_flash.c 0x00000000   Number         0  stm32f10x_flash.o ABSOLUTE
    ..\\..\\Libraries\\FWlib\\src\\stm32f10x_fsmc.c 0x00000000   Number         0  stm32f10x_fsmc.o ABSOLUTE
    ..\\..\\Libraries\\FWlib\\src\\stm32f10x_gpio.c 0x00000000   Number         0  stm32f10x_gpio.o ABSOLUTE
    ..\\..\\Libraries\\FWlib\\src\\stm32f10x_i2c.c 0x00000000   Number         0  stm32f10x_i2c.o ABSOLUTE
    ..\\..\\Libraries\\FWlib\\src\\stm32f10x_iwdg.c 0x00000000   Number         0  stm32f10x_iwdg.o ABSOLUTE
    ..\\..\\Libraries\\FWlib\\src\\stm32f10x_pwr.c 0x00000000   Number         0  stm32f10x_pwr.o ABSOLUTE
    ..\\..\\Libraries\\FWlib\\src\\stm32f10x_rcc.c 0x00000000   Number         0  stm32f10x_rcc.o ABSOLUTE
    ..\\..\\Libraries\\FWlib\\src\\stm32f10x_rtc.c 0x00000000   Number         0  stm32f10x_rtc.o ABSOLUTE
    ..\\..\\Libraries\\FWlib\\src\\stm32f10x_sdio.c 0x00000000   Number         0  stm32f10x_sdio.o ABSOLUTE
    ..\\..\\Libraries\\FWlib\\src\\stm32f10x_spi.c 0x00000000   Number         0  stm32f10x_spi.o ABSOLUTE
    ..\\..\\Libraries\\FWlib\\src\\stm32f10x_tim.c 0x00000000   Number         0  stm32f10x_tim.o ABSOLUTE
    ..\\..\\Libraries\\FWlib\\src\\stm32f10x_usart.c 0x00000000   Number         0  stm32f10x_usart.o ABSOLUTE
    ..\\..\\Libraries\\FWlib\\src\\stm32f10x_wwdg.c 0x00000000   Number         0  stm32f10x_wwdg.o ABSOLUTE
    ..\\..\\User\\AD_DA\\DAC.c               0x00000000   Number         0  dac.o ABSOLUTE
    ..\\..\\User\\AD_DA\\adc_Double.c        0x00000000   Number         0  adc_double.o ABSOLUTE
    ..\\..\\User\\AD_DA\\bsp_adc.c           0x00000000   Number         0  bsp_adc.o ABSOLUTE
    ..\\..\\User\\TIM\\PWM_IC.c              0x00000000   Number         0  pwm_ic.o ABSOLUTE
    ..\\..\\User\\TIM\\TIM.c                 0x00000000   Number         0  tim.o ABSOLUTE
    ..\\..\\User\\exit\\exti_key.c           0x00000000   Number         0  exti_key.o ABSOLUTE
    ..\\..\\User\\main.c                     0x00000000   Number         0  main.o ABSOLUTE
    ..\\..\\User\\stm32f10x_it.c             0x00000000   Number         0  stm32f10x_it.o ABSOLUTE
    ..\\..\\User\\tft\\Control.c             0x00000000   Number         0  control.o ABSOLUTE
    ..\\..\\User\\tft\\lcd.c                 0x00000000   Number         0  lcd.o ABSOLUTE
    ..\\..\\User\\usart\\bsp_usart.c         0x00000000   Number         0  bsp_usart.o ABSOLUTE
    arm_bitreversal2.c                       0x00000000   Number         0  arm_bitreversal2.o ABSOLUTE
    arm_cfft_f32.c                           0x00000000   Number         0  arm_cfft_f32.o ABSOLUTE
    arm_cfft_radix8_f32.c                    0x00000000   Number         0  arm_cfft_radix8_f32.o ABSOLUTE
    arm_common_tables.c                      0x00000000   Number         0  arm_common_tables.o ABSOLUTE
    arm_rfft_fast_f32.c                      0x00000000   Number         0  arm_rfft_fast_f32.o ABSOLUTE
    arm_rfft_fast_init_f32.c                 0x00000000   Number         0  arm_rfft_fast_init_f32.o ABSOLUTE
    cdcmple.s                                0x00000000   Number         0  cdcmple.o ABSOLUTE
    cdrcmple.s                               0x00000000   Number         0  cdrcmple.o ABSOLUTE
    dc.s                                     0x00000000   Number         0  dc.o ABSOLUTE
    handlers.s                               0x00000000   Number         0  handlers.o ABSOLUTE
    init.s                                   0x00000000   Number         0  init.o ABSOLUTE
    RESET                                    0x08000000   Section      304  startup_stm32f10x_hd.o(RESET)
    .ARM.Collect$$$$00000000                 0x08000130   Section        0  entry.o(.ARM.Collect$$$$00000000)
    .ARM.Collect$$$$00000001                 0x08000130   Section        4  entry2.o(.ARM.Collect$$$$00000001)
    .ARM.Collect$$$$00000004                 0x08000134   Section        4  entry5.o(.ARM.Collect$$$$00000004)
    .ARM.Collect$$$$00000008                 0x08000138   Section        0  entry7b.o(.ARM.Collect$$$$00000008)
    .ARM.Collect$$$$0000000A                 0x08000138   Section        0  entry8b.o(.ARM.Collect$$$$0000000A)
    .ARM.Collect$$$$0000000B                 0x08000138   Section        8  entry9a.o(.ARM.Collect$$$$0000000B)
    .ARM.Collect$$$$0000000D                 0x08000140   Section        0  entry10a.o(.ARM.Collect$$$$0000000D)
    .ARM.Collect$$$$0000000F                 0x08000140   Section        0  entry11a.o(.ARM.Collect$$$$0000000F)
    .ARM.Collect$$$$00002712                 0x08000140   Section        4  entry2.o(.ARM.Collect$$$$00002712)
    __lit__00000000                          0x08000140   Data           4  entry2.o(.ARM.Collect$$$$00002712)
    .text                                    0x08000144   Section       36  startup_stm32f10x_hd.o(.text)
    .text                                    0x08000168   Section        0  system_stm32f10x.o(.text)
    SetSysClockTo72                          0x08000169   Thumb Code   214  system_stm32f10x.o(.text)
    SetSysClock                              0x0800023f   Thumb Code     8  system_stm32f10x.o(.text)
    .text                                    0x08000348   Section     1502  cr4_fft_256_stm32.o(.text)
    .text                                    0x08000928   Section        0  misc.o(.text)
    .text                                    0x08000a04   Section        0  stm32f10x_adc.o(.text)
    .text                                    0x08000e54   Section        0  stm32f10x_dma.o(.text)
    .text                                    0x080010a8   Section        0  stm32f10x_exti.o(.text)
    .text                                    0x080011c4   Section        0  stm32f10x_fsmc.o(.text)
    .text                                    0x080017d0   Section        0  stm32f10x_gpio.o(.text)
    .text                                    0x08001b2c   Section        0  stm32f10x_rcc.o(.text)
    .text                                    0x08001ed0   Section        0  stm32f10x_tim.o(.text)
    TI4_Config                               0x08002377   Thumb Code   130  stm32f10x_tim.o(.text)
    TI3_Config                               0x0800240b   Thumb Code   122  stm32f10x_tim.o(.text)
    TI2_Config                               0x0800249f   Thumb Code   130  stm32f10x_tim.o(.text)
    TI1_Config                               0x08002533   Thumb Code   108  stm32f10x_tim.o(.text)
    .text                                    0x08002cec   Section        0  stm32f10x_usart.o(.text)
    .text                                    0x080030f4   Section        0  main.o(.text)
    .text                                    0x080031a8   Section        0  stm32f10x_it.o(.text)
    .text                                    0x080031e8   Section        0  bsp_usart.o(.text)
    .text                                    0x08003394   Section        0  exti_key.o(.text)
    NVIC_Configuration                       0x08003395   Thumb Code    54  exti_key.o(.text)
    .text                                    0x08003480   Section        0  pwm_ic.o(.text)
    ADVANCEX_TIM_NVIC_Config                 0x08003481   Thumb Code    32  pwm_ic.o(.text)
    ADVANCEX_TIM_GPIO_Config                 0x080034a1   Thumb Code    34  pwm_ic.o(.text)
    ADVANCEX_TIM_Mode_Config                 0x080034c3   Thumb Code   136  pwm_ic.o(.text)
    .text                                    0x08003638   Section        0  tim.o(.text)
    .text                                    0x080036c4   Section        0  adc_double.o(.text)
    ADCx_GPIO_Config                         0x08003797   Thumb Code    32  adc_double.o(.text)
    ADCx_Mode_Config                         0x08003819   Thumb Code   280  adc_double.o(.text)
    .text                                    0x08003a54   Section        0  lcd.o(.text)
    .text                                    0x08008278   Section        0  control.o(.text)
    .text                                    0x08008370   Section        0  fadd.o(.text)
    .text                                    0x08008420   Section        0  fmul.o(.text)
    .text                                    0x08008484   Section        0  fdiv.o(.text)
    .text                                    0x08008500   Section        0  ddiv.o(.text)
    .text                                    0x080085de   Section        0  fflti.o(.text)
    .text                                    0x080085f0   Section        0  ffltui.o(.text)
    .text                                    0x080085fa   Section        0  ffixui.o(.text)
    .text                                    0x08008622   Section        0  f2d.o(.text)
    .text                                    0x08008648   Section        0  d2f.o(.text)
    .text                                    0x08008680   Section        0  uidiv.o(.text)
    .text                                    0x080086ac   Section        0  uldiv.o(.text)
    .text                                    0x0800870e   Section        0  fepilogue.o(.text)
    .text                                    0x0800870e   Section        0  iusefp.o(.text)
    .text                                    0x0800877c   Section        0  depilogue.o(.text)
    .text                                    0x08008836   Section        0  dadd.o(.text)
    .text                                    0x08008984   Section        0  dmul.o(.text)
    .text                                    0x08008a68   Section        0  dsqrt.o(.text)
    .text                                    0x08008b0a   Section        0  dfixul.o(.text)
    .text                                    0x08008b3c   Section       48  cdrcmple.o(.text)
    .text                                    0x08008b6c   Section       36  init.o(.text)
    .text                                    0x08008b90   Section        0  llshl.o(.text)
    .text                                    0x08008bae   Section        0  llushr.o(.text)
    .text                                    0x08008bce   Section        0  llsshr.o(.text)
    .text                                    0x08008bf2   Section        0  __dclz77c.o(.text)
    [Anonymous Symbol]                       0x08008c50   Section        0  arm_bitreversal2.o(.text.arm_bitreversal_32)
    [Anonymous Symbol]                       0x08008c90   Section        0  arm_cfft_f32.o(.text.arm_cfft_f32)
    [Anonymous Symbol]                       0x08008d90   Section        0  arm_cfft_f32.o(.text.arm_cfft_radix8by2_f32)
    [Anonymous Symbol]                       0x08009014   Section        0  arm_cfft_f32.o(.text.arm_cfft_radix8by4_f32)
    [Anonymous Symbol]                       0x080096b0   Section        0  arm_cfft_radix8_f32.o(.text.arm_radix8_butterfly_f32)
    [Anonymous Symbol]                       0x08009f36   Section        0  arm_rfft_fast_init_f32.o(.text.arm_rfft_1024_fast_init_f32)
    [Anonymous Symbol]                       0x08009f72   Section        0  arm_rfft_fast_init_f32.o(.text.arm_rfft_2048_fast_init_f32)
    [Anonymous Symbol]                       0x08009fae   Section        0  arm_rfft_fast_init_f32.o(.text.arm_rfft_256_fast_init_f32)
    [Anonymous Symbol]                       0x08009fe6   Section        0  arm_rfft_fast_init_f32.o(.text.arm_rfft_32_fast_init_f32)
    [Anonymous Symbol]                       0x0800a01c   Section        0  arm_rfft_fast_init_f32.o(.text.arm_rfft_4096_fast_init_f32)
    [Anonymous Symbol]                       0x0800a058   Section        0  arm_rfft_fast_init_f32.o(.text.arm_rfft_512_fast_init_f32)
    [Anonymous Symbol]                       0x0800a094   Section        0  arm_rfft_fast_init_f32.o(.text.arm_rfft_64_fast_init_f32)
    [Anonymous Symbol]                       0x0800a0ca   Section        0  arm_rfft_fast_f32.o(.text.arm_rfft_fast_f32)
    [Anonymous Symbol]                       0x0800a11a   Section        0  arm_rfft_fast_init_f32.o(.text.arm_rfft_fast_init_f32)
    [Anonymous Symbol]                       0x0800a198   Section        0  arm_rfft_fast_f32.o(.text.merge_rfft_f32)
    [Anonymous Symbol]                       0x0800a2b4   Section        0  arm_rfft_fast_f32.o(.text.stage_rfft_f32)
    i.__0printf                              0x0800a3d0   Section        0  printfa.o(i.__0printf)
    i.__scatterload_copy                     0x0800a3f0   Section       14  handlers.o(i.__scatterload_copy)
    i.__scatterload_null                     0x0800a3fe   Section        2  handlers.o(i.__scatterload_null)
    i.__scatterload_zeroinit                 0x0800a400   Section       14  handlers.o(i.__scatterload_zeroinit)
    i.__set_errno                            0x0800a410   Section        0  errno.o(i.__set_errno)
    i._fp_digits                             0x0800a41c   Section        0  printfa.o(i._fp_digits)
    _fp_digits                               0x0800a41d   Thumb Code   366  printfa.o(i._fp_digits)
    i._printf_core                           0x0800a5a0   Section        0  printfa.o(i._printf_core)
    _printf_core                             0x0800a5a1   Thumb Code  1744  printfa.o(i._printf_core)
    i._printf_post_padding                   0x0800ac7c   Section        0  printfa.o(i._printf_post_padding)
    _printf_post_padding                     0x0800ac7d   Thumb Code    36  printfa.o(i._printf_post_padding)
    i._printf_pre_padding                    0x0800aca0   Section        0  printfa.o(i._printf_pre_padding)
    _printf_pre_padding                      0x0800aca1   Thumb Code    46  printfa.o(i._printf_pre_padding)
    i.sqrt                                   0x0800acce   Section        0  sqrt.o(i.sqrt)
    .constdata                               0x0800ad1a   Section     2660  lcd.o(.constdata)
    .data                                    0x20000000   Section       20  system_stm32f10x.o(.data)
    .data                                    0x20000014   Section       20  stm32f10x_rcc.o(.data)
    APBAHBPrescTable                         0x20000014   Data          16  stm32f10x_rcc.o(.data)
    ADCPrescTable                            0x20000024   Data           4  stm32f10x_rcc.o(.data)
    .data                                    0x20000028   Section        8  main.o(.data)
    .data                                    0x20000030   Section       12  pwm_ic.o(.data)
    .data                                    0x2000003c   Section     4098  adc_double.o(.data)
    .data                                    0x2000103e   Section        4  lcd.o(.data)
    .data                                    0x20001042   Section        8  control.o(.data)
    .data                                    0x2000104c   Section        4  stdout.o(.data)
    .data                                    0x20001050   Section        4  errno.o(.data)
    _errno                                   0x20001050   Data           4  errno.o(.data)
    .bss                                     0x20001054   Section    11776  adc_double.o(.bss)
    .bss                                     0x20003e54   Section       14  lcd.o(.bss)
    STACK                                    0x20003e68   Section     1024  startup_stm32f10x_hd.o(STACK)

    Global Symbols

    Symbol Name                              Value     Ov Type        Size  Object(Section)

    BuildAttributes$$THM_ISAv4$P$D$K$B$S$PE$A:L22UL41UL21$X:L11$S22US41US21$IEEE1$IW$USESV6$~STKCKD$USESV7$~SHL$OTIME$ROPI$IEEEJ$EBA8$MICROLIB$REQ8$PRES8$EABIv2 0x00000000   Number         0  anon$$obj.o ABSOLUTE
    __ARM_use_no_argv                        0x00000000   Number         0  main.o ABSOLUTE
    _printf_a                                0x00000000   Number         0  stubs.o ABSOLUTE
    _printf_c                                0x00000000   Number         0  stubs.o ABSOLUTE
    _printf_charcount                        0x00000000   Number         0  stubs.o ABSOLUTE
    _printf_d                                0x00000000   Number         0  stubs.o ABSOLUTE
    _printf_e                                0x00000000   Number         0  stubs.o ABSOLUTE
    _printf_f                                0x00000000   Number         0  stubs.o ABSOLUTE
    _printf_flags                            0x00000000   Number         0  stubs.o ABSOLUTE
    _printf_fp_dec                           0x00000000   Number         0  stubs.o ABSOLUTE
    _printf_fp_hex                           0x00000000   Number         0  stubs.o ABSOLUTE
    _printf_g                                0x00000000   Number         0  stubs.o ABSOLUTE
    _printf_i                                0x00000000   Number         0  stubs.o ABSOLUTE
    _printf_int_dec                          0x00000000   Number         0  stubs.o ABSOLUTE
    _printf_l                                0x00000000   Number         0  stubs.o ABSOLUTE
    _printf_lc                               0x00000000   Number         0  stubs.o ABSOLUTE
    _printf_ll                               0x00000000   Number         0  stubs.o ABSOLUTE
    _printf_lld                              0x00000000   Number         0  stubs.o ABSOLUTE
    _printf_lli                              0x00000000   Number         0  stubs.o ABSOLUTE
    _printf_llo                              0x00000000   Number         0  stubs.o ABSOLUTE
    _printf_llu                              0x00000000   Number         0  stubs.o ABSOLUTE
    _printf_llx                              0x00000000   Number         0  stubs.o ABSOLUTE
    _printf_longlong_dec                     0x00000000   Number         0  stubs.o ABSOLUTE
    _printf_longlong_hex                     0x00000000   Number         0  stubs.o ABSOLUTE
    _printf_longlong_oct                     0x00000000   Number         0  stubs.o ABSOLUTE
    _printf_ls                               0x00000000   Number         0  stubs.o ABSOLUTE
    _printf_mbtowc                           0x00000000   Number         0  stubs.o ABSOLUTE
    _printf_n                                0x00000000   Number         0  stubs.o ABSOLUTE
    _printf_o                                0x00000000   Number         0  stubs.o ABSOLUTE
    _printf_p                                0x00000000   Number         0  stubs.o ABSOLUTE
    _printf_percent                          0x00000000   Number         0  stubs.o ABSOLUTE
    _printf_pre_padding                      0x00000000   Number         0  stubs.o ABSOLUTE
    _printf_return_value                     0x00000000   Number         0  stubs.o ABSOLUTE
    _printf_s                                0x00000000   Number         0  stubs.o ABSOLUTE
    _printf_sizespec                         0x00000000   Number         0  stubs.o ABSOLUTE
    _printf_str                              0x00000000   Number         0  stubs.o ABSOLUTE
    _printf_truncate_signed                  0x00000000   Number         0  stubs.o ABSOLUTE
    _printf_truncate_unsigned                0x00000000   Number         0  stubs.o ABSOLUTE
    _printf_u                                0x00000000   Number         0  stubs.o ABSOLUTE
    _printf_wc                               0x00000000   Number         0  stubs.o ABSOLUTE
    _printf_wctomb                           0x00000000   Number         0  stubs.o ABSOLUTE
    _printf_widthprec                        0x00000000   Number         0  stubs.o ABSOLUTE
    _printf_x                                0x00000000   Number         0  stubs.o ABSOLUTE
    __cpp_initialize__aeabi_                  - Undefined Weak Reference
    __cxa_finalize                            - Undefined Weak Reference
    _clock_init                               - Undefined Weak Reference
    _microlib_exit                            - Undefined Weak Reference
    __Vectors_Size                           0x00000130   Number         0  startup_stm32f10x_hd.o ABSOLUTE
    __Vectors                                0x08000000   Data           4  startup_stm32f10x_hd.o(RESET)
    __Vectors_End                            0x08000130   Data           0  startup_stm32f10x_hd.o(RESET)
    __main                                   0x08000131   Thumb Code     0  entry.o(.ARM.Collect$$$$00000000)
    _main_stk                                0x08000131   Thumb Code     0  entry2.o(.ARM.Collect$$$$00000001)
    _main_scatterload                        0x08000135   Thumb Code     0  entry5.o(.ARM.Collect$$$$00000004)
    __main_after_scatterload                 0x08000139   Thumb Code     0  entry5.o(.ARM.Collect$$$$00000004)
    _main_clock                              0x08000139   Thumb Code     0  entry7b.o(.ARM.Collect$$$$00000008)
    _main_cpp_init                           0x08000139   Thumb Code     0  entry8b.o(.ARM.Collect$$$$0000000A)
    _main_init                               0x08000139   Thumb Code     0  entry9a.o(.ARM.Collect$$$$0000000B)
    __rt_final_cpp                           0x08000141   Thumb Code     0  entry10a.o(.ARM.Collect$$$$0000000D)
    __rt_final_exit                          0x08000141   Thumb Code     0  entry11a.o(.ARM.Collect$$$$0000000F)
    Reset_Handler                            0x08000145   Thumb Code     8  startup_stm32f10x_hd.o(.text)
    ADC1_2_IRQHandler                        0x0800015f   Thumb Code     0  startup_stm32f10x_hd.o(.text)
    ADC3_IRQHandler                          0x0800015f   Thumb Code     0  startup_stm32f10x_hd.o(.text)
    CAN1_RX1_IRQHandler                      0x0800015f   Thumb Code     0  startup_stm32f10x_hd.o(.text)
    CAN1_SCE_IRQHandler                      0x0800015f   Thumb Code     0  startup_stm32f10x_hd.o(.text)
    DMA1_Channel2_IRQHandler                 0x0800015f   Thumb Code     0  startup_stm32f10x_hd.o(.text)
    DMA1_Channel3_IRQHandler                 0x0800015f   Thumb Code     0  startup_stm32f10x_hd.o(.text)
    DMA1_Channel4_IRQHandler                 0x0800015f   Thumb Code     0  startup_stm32f10x_hd.o(.text)
    DMA1_Channel5_IRQHandler                 0x0800015f   Thumb Code     0  startup_stm32f10x_hd.o(.text)
    DMA1_Channel6_IRQHandler                 0x0800015f   Thumb Code     0  startup_stm32f10x_hd.o(.text)
    DMA1_Channel7_IRQHandler                 0x0800015f   Thumb Code     0  startup_stm32f10x_hd.o(.text)
    DMA2_Channel1_IRQHandler                 0x0800015f   Thumb Code     0  startup_stm32f10x_hd.o(.text)
    DMA2_Channel2_IRQHandler                 0x0800015f   Thumb Code     0  startup_stm32f10x_hd.o(.text)
    DMA2_Channel3_IRQHandler                 0x0800015f   Thumb Code     0  startup_stm32f10x_hd.o(.text)
    DMA2_Channel4_5_IRQHandler               0x0800015f   Thumb Code     0  startup_stm32f10x_hd.o(.text)
    EXTI0_IRQHandler                         0x0800015f   Thumb Code     0  startup_stm32f10x_hd.o(.text)
    EXTI15_10_IRQHandler                     0x0800015f   Thumb Code     0  startup_stm32f10x_hd.o(.text)
    EXTI1_IRQHandler                         0x0800015f   Thumb Code     0  startup_stm32f10x_hd.o(.text)
    EXTI2_IRQHandler                         0x0800015f   Thumb Code     0  startup_stm32f10x_hd.o(.text)
    EXTI9_5_IRQHandler                       0x0800015f   Thumb Code     0  startup_stm32f10x_hd.o(.text)
    FLASH_IRQHandler                         0x0800015f   Thumb Code     0  startup_stm32f10x_hd.o(.text)
    FSMC_IRQHandler                          0x0800015f   Thumb Code     0  startup_stm32f10x_hd.o(.text)
    I2C1_ER_IRQHandler                       0x0800015f   Thumb Code     0  startup_stm32f10x_hd.o(.text)
    I2C1_EV_IRQHandler                       0x0800015f   Thumb Code     0  startup_stm32f10x_hd.o(.text)
    I2C2_ER_IRQHandler                       0x0800015f   Thumb Code     0  startup_stm32f10x_hd.o(.text)
    I2C2_EV_IRQHandler                       0x0800015f   Thumb Code     0  startup_stm32f10x_hd.o(.text)
    PVD_IRQHandler                           0x0800015f   Thumb Code     0  startup_stm32f10x_hd.o(.text)
    RCC_IRQHandler                           0x0800015f   Thumb Code     0  startup_stm32f10x_hd.o(.text)
    RTCAlarm_IRQHandler                      0x0800015f   Thumb Code     0  startup_stm32f10x_hd.o(.text)
    RTC_IRQHandler                           0x0800015f   Thumb Code     0  startup_stm32f10x_hd.o(.text)
    SDIO_IRQHandler                          0x0800015f   Thumb Code     0  startup_stm32f10x_hd.o(.text)
    SPI1_IRQHandler                          0x0800015f   Thumb Code     0  startup_stm32f10x_hd.o(.text)
    SPI2_IRQHandler                          0x0800015f   Thumb Code     0  startup_stm32f10x_hd.o(.text)
    SPI3_IRQHandler                          0x0800015f   Thumb Code     0  startup_stm32f10x_hd.o(.text)
    TAMPER_IRQHandler                        0x0800015f   Thumb Code     0  startup_stm32f10x_hd.o(.text)
    TIM1_BRK_IRQHandler                      0x0800015f   Thumb Code     0  startup_stm32f10x_hd.o(.text)
    TIM1_TRG_COM_IRQHandler                  0x0800015f   Thumb Code     0  startup_stm32f10x_hd.o(.text)
    TIM1_UP_IRQHandler                       0x0800015f   Thumb Code     0  startup_stm32f10x_hd.o(.text)
    TIM2_IRQHandler                          0x0800015f   Thumb Code     0  startup_stm32f10x_hd.o(.text)
    TIM3_IRQHandler                          0x0800015f   Thumb Code     0  startup_stm32f10x_hd.o(.text)
    TIM4_IRQHandler                          0x0800015f   Thumb Code     0  startup_stm32f10x_hd.o(.text)
    TIM5_IRQHandler                          0x0800015f   Thumb Code     0  startup_stm32f10x_hd.o(.text)
    TIM6_IRQHandler                          0x0800015f   Thumb Code     0  startup_stm32f10x_hd.o(.text)
    TIM7_IRQHandler                          0x0800015f   Thumb Code     0  startup_stm32f10x_hd.o(.text)
    TIM8_BRK_IRQHandler                      0x0800015f   Thumb Code     0  startup_stm32f10x_hd.o(.text)
    TIM8_CC_IRQHandler                       0x0800015f   Thumb Code     0  startup_stm32f10x_hd.o(.text)
    TIM8_TRG_COM_IRQHandler                  0x0800015f   Thumb Code     0  startup_stm32f10x_hd.o(.text)
    TIM8_UP_IRQHandler                       0x0800015f   Thumb Code     0  startup_stm32f10x_hd.o(.text)
    UART4_IRQHandler                         0x0800015f   Thumb Code     0  startup_stm32f10x_hd.o(.text)
    UART5_IRQHandler                         0x0800015f   Thumb Code     0  startup_stm32f10x_hd.o(.text)
    USART2_IRQHandler                        0x0800015f   Thumb Code     0  startup_stm32f10x_hd.o(.text)
    USART3_IRQHandler                        0x0800015f   Thumb Code     0  startup_stm32f10x_hd.o(.text)
    USBWakeUp_IRQHandler                     0x0800015f   Thumb Code     0  startup_stm32f10x_hd.o(.text)
    USB_HP_CAN1_TX_IRQHandler                0x0800015f   Thumb Code     0  startup_stm32f10x_hd.o(.text)
    USB_LP_CAN1_RX0_IRQHandler               0x0800015f   Thumb Code     0  startup_stm32f10x_hd.o(.text)
    WWDG_IRQHandler                          0x0800015f   Thumb Code     0  startup_stm32f10x_hd.o(.text)
    SystemInit                               0x08000247   Thumb Code    78  system_stm32f10x.o(.text)
    SystemCoreClockUpdate                    0x08000295   Thumb Code   142  system_stm32f10x.o(.text)
    cr4_fft_256_stm32                        0x08000349   Thumb Code     0  cr4_fft_256_stm32.o(.text)
    NVIC_PriorityGroupConfig                 0x08000929   Thumb Code    10  misc.o(.text)
    NVIC_Init                                0x08000933   Thumb Code   100  misc.o(.text)
    NVIC_SetVectorTable                      0x08000997   Thumb Code    14  misc.o(.text)
    NVIC_SystemLPConfig                      0x080009a5   Thumb Code    34  misc.o(.text)
    SysTick_CLKSourceConfig                  0x080009c7   Thumb Code    40  misc.o(.text)
    ADC_DeInit                               0x08000a05   Thumb Code    78  stm32f10x_adc.o(.text)
    ADC_Init                                 0x08000a53   Thumb Code    70  stm32f10x_adc.o(.text)
    ADC_StructInit                           0x08000a99   Thumb Code    18  stm32f10x_adc.o(.text)
    ADC_Cmd                                  0x08000aab   Thumb Code    22  stm32f10x_adc.o(.text)
    ADC_DMACmd                               0x08000ac1   Thumb Code    22  stm32f10x_adc.o(.text)
    ADC_ITConfig                             0x08000ad7   Thumb Code    24  stm32f10x_adc.o(.text)
    ADC_ResetCalibration                     0x08000aef   Thumb Code    10  stm32f10x_adc.o(.text)
    ADC_GetResetCalibrationStatus            0x08000af9   Thumb Code    20  stm32f10x_adc.o(.text)
    ADC_StartCalibration                     0x08000b0d   Thumb Code    10  stm32f10x_adc.o(.text)
    ADC_GetCalibrationStatus                 0x08000b17   Thumb Code    20  stm32f10x_adc.o(.text)
    ADC_SoftwareStartConvCmd                 0x08000b2b   Thumb Code    22  stm32f10x_adc.o(.text)
    ADC_GetSoftwareStartConvStatus           0x08000b41   Thumb Code    20  stm32f10x_adc.o(.text)
    ADC_DiscModeChannelCountConfig           0x08000b55   Thumb Code    24  stm32f10x_adc.o(.text)
    ADC_DiscModeCmd                          0x08000b6d   Thumb Code    22  stm32f10x_adc.o(.text)
    ADC_RegularChannelConfig                 0x08000b83   Thumb Code   184  stm32f10x_adc.o(.text)
    ADC_ExternalTrigConvCmd                  0x08000c3b   Thumb Code    22  stm32f10x_adc.o(.text)
    ADC_GetConversionValue                   0x08000c51   Thumb Code     8  stm32f10x_adc.o(.text)
    ADC_GetDualModeConversionValue           0x08000c59   Thumb Code     8  stm32f10x_adc.o(.text)
    ADC_AutoInjectedConvCmd                  0x08000c61   Thumb Code    22  stm32f10x_adc.o(.text)
    ADC_InjectedDiscModeCmd                  0x08000c77   Thumb Code    22  stm32f10x_adc.o(.text)
    ADC_ExternalTrigInjectedConvConfig       0x08000c8d   Thumb Code    16  stm32f10x_adc.o(.text)
    ADC_ExternalTrigInjectedConvCmd          0x08000c9d   Thumb Code    22  stm32f10x_adc.o(.text)
    ADC_SoftwareStartInjectedConvCmd         0x08000cb3   Thumb Code    22  stm32f10x_adc.o(.text)
    ADC_GetSoftwareStartInjectedConvCmdStatus 0x08000cc9   Thumb Code    20  stm32f10x_adc.o(.text)
    ADC_InjectedChannelConfig                0x08000cdd   Thumb Code   130  stm32f10x_adc.o(.text)
    ADC_InjectedSequencerLengthConfig        0x08000d5f   Thumb Code    24  stm32f10x_adc.o(.text)
    ADC_SetInjectedOffset                    0x08000d77   Thumb Code    20  stm32f10x_adc.o(.text)
    ADC_GetInjectedConversionValue           0x08000d8b   Thumb Code    28  stm32f10x_adc.o(.text)
    ADC_AnalogWatchdogCmd                    0x08000da7   Thumb Code    16  stm32f10x_adc.o(.text)
    ADC_AnalogWatchdogThresholdsConfig       0x08000db7   Thumb Code     6  stm32f10x_adc.o(.text)
    ADC_AnalogWatchdogSingleChannelConfig    0x08000dbd   Thumb Code    16  stm32f10x_adc.o(.text)
    ADC_TempSensorVrefintCmd                 0x08000dcd   Thumb Code    64  stm32f10x_adc.o(.text)
    ADC_GetFlagStatus                        0x08000e0d   Thumb Code    18  stm32f10x_adc.o(.text)
    ADC_ClearFlag                            0x08000e1f   Thumb Code     6  stm32f10x_adc.o(.text)
    ADC_GetITStatus                          0x08000e25   Thumb Code    36  stm32f10x_adc.o(.text)
    ADC_ClearITPendingBit                    0x08000e49   Thumb Code    10  stm32f10x_adc.o(.text)
    DMA_DeInit                               0x08000e55   Thumb Code   324  stm32f10x_dma.o(.text)
    DMA_Init                                 0x08000f99   Thumb Code    60  stm32f10x_dma.o(.text)
    DMA_StructInit                           0x08000fd5   Thumb Code    26  stm32f10x_dma.o(.text)
    DMA_Cmd                                  0x08000fef   Thumb Code    24  stm32f10x_dma.o(.text)
    DMA_ITConfig                             0x08001007   Thumb Code    18  stm32f10x_dma.o(.text)
    DMA_SetCurrDataCounter                   0x08001019   Thumb Code     4  stm32f10x_dma.o(.text)
    DMA_GetCurrDataCounter                   0x0800101d   Thumb Code     8  stm32f10x_dma.o(.text)
    DMA_GetFlagStatus                        0x08001025   Thumb Code    40  stm32f10x_dma.o(.text)
    DMA_ClearFlag                            0x0800104d   Thumb Code    22  stm32f10x_dma.o(.text)
    DMA_GetITStatus                          0x08001063   Thumb Code    40  stm32f10x_dma.o(.text)
    DMA_ClearITPendingBit                    0x0800108b   Thumb Code    22  stm32f10x_dma.o(.text)
    EXTI_DeInit                              0x080010a9   Thumb Code    28  stm32f10x_exti.o(.text)
    EXTI_Init                                0x080010c5   Thumb Code   142  stm32f10x_exti.o(.text)
    EXTI_StructInit                          0x08001153   Thumb Code    16  stm32f10x_exti.o(.text)
    EXTI_GenerateSWInterrupt                 0x08001163   Thumb Code    16  stm32f10x_exti.o(.text)
    EXTI_GetFlagStatus                       0x08001173   Thumb Code    22  stm32f10x_exti.o(.text)
    EXTI_ClearFlag                           0x08001189   Thumb Code     8  stm32f10x_exti.o(.text)
    EXTI_GetITStatus                         0x08001191   Thumb Code    34  stm32f10x_exti.o(.text)
    EXTI_ClearITPendingBit                   0x080011b3   Thumb Code     8  stm32f10x_exti.o(.text)
    FSMC_NORSRAMDeInit                       0x080011c5   Thumb Code    54  stm32f10x_fsmc.o(.text)
    FSMC_NANDDeInit                          0x080011fb   Thumb Code    62  stm32f10x_fsmc.o(.text)
    FSMC_PCCARDDeInit                        0x08001239   Thumb Code    36  stm32f10x_fsmc.o(.text)
    FSMC_NORSRAMInit                         0x0800125d   Thumb Code   230  stm32f10x_fsmc.o(.text)
    FSMC_NANDInit                            0x08001343   Thumb Code   132  stm32f10x_fsmc.o(.text)
    FSMC_PCCARDInit                          0x080013c7   Thumb Code   130  stm32f10x_fsmc.o(.text)
    FSMC_NORSRAMStructInit                   0x08001449   Thumb Code   114  stm32f10x_fsmc.o(.text)
    FSMC_NANDStructInit                      0x080014bb   Thumb Code    54  stm32f10x_fsmc.o(.text)
    FSMC_PCCARDStructInit                    0x080014f1   Thumb Code    60  stm32f10x_fsmc.o(.text)
    FSMC_NORSRAMCmd                          0x0800152d   Thumb Code    46  stm32f10x_fsmc.o(.text)
    FSMC_NANDCmd                             0x0800155b   Thumb Code    86  stm32f10x_fsmc.o(.text)
    FSMC_PCCARDCmd                           0x080015b1   Thumb Code    44  stm32f10x_fsmc.o(.text)
    FSMC_NANDECCCmd                          0x080015dd   Thumb Code    90  stm32f10x_fsmc.o(.text)
    FSMC_GetECC                              0x08001637   Thumb Code    24  stm32f10x_fsmc.o(.text)
    FSMC_ITConfig                            0x0800164f   Thumb Code   128  stm32f10x_fsmc.o(.text)
    FSMC_GetFlagStatus                       0x080016cf   Thumb Code    54  stm32f10x_fsmc.o(.text)
    FSMC_ClearFlag                           0x08001705   Thumb Code    62  stm32f10x_fsmc.o(.text)
    FSMC_GetITStatus                         0x08001743   Thumb Code    64  stm32f10x_fsmc.o(.text)
    FSMC_ClearITPendingBit                   0x08001783   Thumb Code    68  stm32f10x_fsmc.o(.text)
    GPIO_DeInit                              0x080017d1   Thumb Code   172  stm32f10x_gpio.o(.text)
    GPIO_AFIODeInit                          0x0800187d   Thumb Code    20  stm32f10x_gpio.o(.text)
    GPIO_Init                                0x08001891   Thumb Code   278  stm32f10x_gpio.o(.text)
    GPIO_StructInit                          0x080019a7   Thumb Code    16  stm32f10x_gpio.o(.text)
    GPIO_ReadInputDataBit                    0x080019b7   Thumb Code    18  stm32f10x_gpio.o(.text)
    GPIO_ReadInputData                       0x080019c9   Thumb Code     8  stm32f10x_gpio.o(.text)
    GPIO_ReadOutputDataBit                   0x080019d1   Thumb Code    18  stm32f10x_gpio.o(.text)
    GPIO_ReadOutputData                      0x080019e3   Thumb Code     8  stm32f10x_gpio.o(.text)
    GPIO_SetBits                             0x080019eb   Thumb Code     4  stm32f10x_gpio.o(.text)
    GPIO_ResetBits                           0x080019ef   Thumb Code     4  stm32f10x_gpio.o(.text)
    GPIO_WriteBit                            0x080019f3   Thumb Code    10  stm32f10x_gpio.o(.text)
    GPIO_Write                               0x080019fd   Thumb Code     4  stm32f10x_gpio.o(.text)
    GPIO_PinLockConfig                       0x08001a01   Thumb Code    18  stm32f10x_gpio.o(.text)
    GPIO_EventOutputConfig                   0x08001a13   Thumb Code    26  stm32f10x_gpio.o(.text)
    GPIO_EventOutputCmd                      0x08001a2d   Thumb Code     6  stm32f10x_gpio.o(.text)
    GPIO_PinRemapConfig                      0x08001a33   Thumb Code   138  stm32f10x_gpio.o(.text)
    GPIO_EXTILineConfig                      0x08001abd   Thumb Code    66  stm32f10x_gpio.o(.text)
    GPIO_ETH_MediaInterfaceConfig            0x08001aff   Thumb Code     8  stm32f10x_gpio.o(.text)
    RCC_DeInit                               0x08001b2d   Thumb Code    64  stm32f10x_rcc.o(.text)
    RCC_HSEConfig                            0x08001b6d   Thumb Code    70  stm32f10x_rcc.o(.text)
    RCC_GetFlagStatus                        0x08001bb3   Thumb Code    56  stm32f10x_rcc.o(.text)
    RCC_WaitForHSEStartUp                    0x08001beb   Thumb Code    56  stm32f10x_rcc.o(.text)
    RCC_AdjustHSICalibrationValue            0x08001c23   Thumb Code    20  stm32f10x_rcc.o(.text)
    RCC_HSICmd                               0x08001c37   Thumb Code     6  stm32f10x_rcc.o(.text)
    RCC_PLLConfig                            0x08001c3d   Thumb Code    24  stm32f10x_rcc.o(.text)
    RCC_PLLCmd                               0x08001c55   Thumb Code     6  stm32f10x_rcc.o(.text)
    RCC_SYSCLKConfig                         0x08001c5b   Thumb Code    18  stm32f10x_rcc.o(.text)
    RCC_GetSYSCLKSource                      0x08001c6d   Thumb Code    10  stm32f10x_rcc.o(.text)
    RCC_HCLKConfig                           0x08001c77   Thumb Code    18  stm32f10x_rcc.o(.text)
    RCC_PCLK1Config                          0x08001c89   Thumb Code    18  stm32f10x_rcc.o(.text)
    RCC_PCLK2Config                          0x08001c9b   Thumb Code    20  stm32f10x_rcc.o(.text)
    RCC_ITConfig                             0x08001caf   Thumb Code    26  stm32f10x_rcc.o(.text)
    RCC_USBCLKConfig                         0x08001cc9   Thumb Code     8  stm32f10x_rcc.o(.text)
    RCC_ADCCLKConfig                         0x08001cd1   Thumb Code    18  stm32f10x_rcc.o(.text)
    RCC_LSEConfig                            0x08001ce3   Thumb Code    50  stm32f10x_rcc.o(.text)
    RCC_LSICmd                               0x08001d15   Thumb Code     6  stm32f10x_rcc.o(.text)
    RCC_RTCCLKConfig                         0x08001d1b   Thumb Code    12  stm32f10x_rcc.o(.text)
    RCC_RTCCLKCmd                            0x08001d27   Thumb Code     8  stm32f10x_rcc.o(.text)
    RCC_GetClocksFreq                        0x08001d2f   Thumb Code   192  stm32f10x_rcc.o(.text)
    RCC_AHBPeriphClockCmd                    0x08001def   Thumb Code    26  stm32f10x_rcc.o(.text)
    RCC_APB2PeriphClockCmd                   0x08001e09   Thumb Code    26  stm32f10x_rcc.o(.text)
    RCC_APB1PeriphClockCmd                   0x08001e23   Thumb Code    26  stm32f10x_rcc.o(.text)
    RCC_APB2PeriphResetCmd                   0x08001e3d   Thumb Code    26  stm32f10x_rcc.o(.text)
    RCC_APB1PeriphResetCmd                   0x08001e57   Thumb Code    26  stm32f10x_rcc.o(.text)
    RCC_BackupResetCmd                       0x08001e71   Thumb Code     8  stm32f10x_rcc.o(.text)
    RCC_ClockSecuritySystemCmd               0x08001e79   Thumb Code     6  stm32f10x_rcc.o(.text)
    RCC_MCOConfig                            0x08001e7f   Thumb Code     6  stm32f10x_rcc.o(.text)
    RCC_ClearFlag                            0x08001e85   Thumb Code    14  stm32f10x_rcc.o(.text)
    RCC_GetITStatus                          0x08001e93   Thumb Code    20  stm32f10x_rcc.o(.text)
    RCC_ClearITPendingBit                    0x08001ea7   Thumb Code     6  stm32f10x_rcc.o(.text)
    TIM_DeInit                               0x08001ed1   Thumb Code   424  stm32f10x_tim.o(.text)
    TIM_TimeBaseInit                         0x08002079   Thumb Code   122  stm32f10x_tim.o(.text)
    TIM_OC1Init                              0x080020f3   Thumb Code   132  stm32f10x_tim.o(.text)
    TIM_OC2Init                              0x08002177   Thumb Code   154  stm32f10x_tim.o(.text)
    TIM_OC3Init                              0x08002211   Thumb Code   150  stm32f10x_tim.o(.text)
    TIM_OC4Init                              0x080022a7   Thumb Code   182  stm32f10x_tim.o(.text)
    TIM_SetIC4Prescaler                      0x0800235d   Thumb Code    26  stm32f10x_tim.o(.text)
    TIM_SetIC3Prescaler                      0x080023f9   Thumb Code    18  stm32f10x_tim.o(.text)
    TIM_SetIC2Prescaler                      0x08002485   Thumb Code    26  stm32f10x_tim.o(.text)
    TIM_SetIC1Prescaler                      0x08002521   Thumb Code    18  stm32f10x_tim.o(.text)
    TIM_ICInit                               0x0800259f   Thumb Code   150  stm32f10x_tim.o(.text)
    TIM_PWMIConfig                           0x08002635   Thumb Code   124  stm32f10x_tim.o(.text)
    TIM_BDTRConfig                           0x080026b1   Thumb Code    32  stm32f10x_tim.o(.text)
    TIM_TimeBaseStructInit                   0x080026d1   Thumb Code    18  stm32f10x_tim.o(.text)
    TIM_OCStructInit                         0x080026e3   Thumb Code    20  stm32f10x_tim.o(.text)
    TIM_ICStructInit                         0x080026f7   Thumb Code    18  stm32f10x_tim.o(.text)
    TIM_BDTRStructInit                       0x08002709   Thumb Code    40  stm32f10x_tim.o(.text)
    TIM_Cmd                                  0x08002731   Thumb Code    24  stm32f10x_tim.o(.text)
    TIM_CtrlPWMOutputs                       0x08002749   Thumb Code    30  stm32f10x_tim.o(.text)
    TIM_ITConfig                             0x08002767   Thumb Code    18  stm32f10x_tim.o(.text)
    TIM_GenerateEvent                        0x08002779   Thumb Code     4  stm32f10x_tim.o(.text)
    TIM_DMAConfig                            0x0800277d   Thumb Code    10  stm32f10x_tim.o(.text)
    TIM_DMACmd                               0x08002787   Thumb Code    18  stm32f10x_tim.o(.text)
    TIM_InternalClockConfig                  0x08002799   Thumb Code    12  stm32f10x_tim.o(.text)
    TIM_SelectInputTrigger                   0x080027a5   Thumb Code    18  stm32f10x_tim.o(.text)
    TIM_ITRxExternalClockConfig              0x080027b7   Thumb Code    24  stm32f10x_tim.o(.text)
    TIM_TIxExternalClockConfig               0x080027cf   Thumb Code    62  stm32f10x_tim.o(.text)
    TIM_ETRConfig                            0x0800280d   Thumb Code    28  stm32f10x_tim.o(.text)
    TIM_ETRClockMode1Config                  0x08002829   Thumb Code    54  stm32f10x_tim.o(.text)
    TIM_ETRClockMode2Config                  0x0800285f   Thumb Code    32  stm32f10x_tim.o(.text)
    TIM_PrescalerConfig                      0x0800287f   Thumb Code     6  stm32f10x_tim.o(.text)
    TIM_CounterModeConfig                    0x08002885   Thumb Code    18  stm32f10x_tim.o(.text)
    TIM_EncoderInterfaceConfig               0x08002897   Thumb Code    66  stm32f10x_tim.o(.text)
    TIM_ForcedOC1Config                      0x080028d9   Thumb Code    18  stm32f10x_tim.o(.text)
    TIM_ForcedOC2Config                      0x080028eb   Thumb Code    26  stm32f10x_tim.o(.text)
    TIM_ForcedOC3Config                      0x08002905   Thumb Code    18  stm32f10x_tim.o(.text)
    TIM_ForcedOC4Config                      0x08002917   Thumb Code    26  stm32f10x_tim.o(.text)
    TIM_ARRPreloadConfig                     0x08002931   Thumb Code    24  stm32f10x_tim.o(.text)
    TIM_SelectCOM                            0x08002949   Thumb Code    24  stm32f10x_tim.o(.text)
    TIM_SelectCCDMA                          0x08002961   Thumb Code    24  stm32f10x_tim.o(.text)
    TIM_CCPreloadControl                     0x08002979   Thumb Code    24  stm32f10x_tim.o(.text)
    TIM_OC1PreloadConfig                     0x08002991   Thumb Code    18  stm32f10x_tim.o(.text)
    TIM_OC2PreloadConfig                     0x080029a3   Thumb Code    26  stm32f10x_tim.o(.text)
    TIM_OC3PreloadConfig                     0x080029bd   Thumb Code    18  stm32f10x_tim.o(.text)
    TIM_OC4PreloadConfig                     0x080029cf   Thumb Code    26  stm32f10x_tim.o(.text)
    TIM_OC1FastConfig                        0x080029e9   Thumb Code    18  stm32f10x_tim.o(.text)
    TIM_OC2FastConfig                        0x080029fb   Thumb Code    26  stm32f10x_tim.o(.text)
    TIM_OC3FastConfig                        0x08002a15   Thumb Code    18  stm32f10x_tim.o(.text)
    TIM_OC4FastConfig                        0x08002a27   Thumb Code    26  stm32f10x_tim.o(.text)
    TIM_ClearOC1Ref                          0x08002a41   Thumb Code    18  stm32f10x_tim.o(.text)
    TIM_ClearOC2Ref                          0x08002a53   Thumb Code    24  stm32f10x_tim.o(.text)
    TIM_ClearOC3Ref                          0x08002a6b   Thumb Code    18  stm32f10x_tim.o(.text)
    TIM_ClearOC4Ref                          0x08002a7d   Thumb Code    24  stm32f10x_tim.o(.text)
    TIM_OC1PolarityConfig                    0x08002a95   Thumb Code    18  stm32f10x_tim.o(.text)
    TIM_OC1NPolarityConfig                   0x08002aa7   Thumb Code    18  stm32f10x_tim.o(.text)
    TIM_OC2PolarityConfig                    0x08002ab9   Thumb Code    26  stm32f10x_tim.o(.text)
    TIM_OC2NPolarityConfig                   0x08002ad3   Thumb Code    26  stm32f10x_tim.o(.text)
    TIM_OC3PolarityConfig                    0x08002aed   Thumb Code    26  stm32f10x_tim.o(.text)
    TIM_OC3NPolarityConfig                   0x08002b07   Thumb Code    26  stm32f10x_tim.o(.text)
    TIM_OC4PolarityConfig                    0x08002b21   Thumb Code    26  stm32f10x_tim.o(.text)
    TIM_CCxCmd                               0x08002b3b   Thumb Code    30  stm32f10x_tim.o(.text)
    TIM_CCxNCmd                              0x08002b59   Thumb Code    30  stm32f10x_tim.o(.text)
    TIM_SelectOCxM                           0x08002b77   Thumb Code    82  stm32f10x_tim.o(.text)
    TIM_UpdateDisableConfig                  0x08002bc9   Thumb Code    24  stm32f10x_tim.o(.text)
    TIM_UpdateRequestConfig                  0x08002be1   Thumb Code    24  stm32f10x_tim.o(.text)
    TIM_SelectHallSensor                     0x08002bf9   Thumb Code    24  stm32f10x_tim.o(.text)
    TIM_SelectOnePulseMode                   0x08002c11   Thumb Code    18  stm32f10x_tim.o(.text)
    TIM_SelectOutputTrigger                  0x08002c23   Thumb Code    18  stm32f10x_tim.o(.text)
    TIM_SelectSlaveMode                      0x08002c35   Thumb Code    18  stm32f10x_tim.o(.text)
    TIM_SelectMasterSlaveMode                0x08002c47   Thumb Code    18  stm32f10x_tim.o(.text)
    TIM_SetCounter                           0x08002c59   Thumb Code     4  stm32f10x_tim.o(.text)
    TIM_SetAutoreload                        0x08002c5d   Thumb Code     4  stm32f10x_tim.o(.text)
    TIM_SetCompare1                          0x08002c61   Thumb Code     4  stm32f10x_tim.o(.text)
    TIM_SetCompare2                          0x08002c65   Thumb Code     4  stm32f10x_tim.o(.text)
    TIM_SetCompare3                          0x08002c69   Thumb Code     4  stm32f10x_tim.o(.text)
    TIM_SetCompare4                          0x08002c6d   Thumb Code     6  stm32f10x_tim.o(.text)
    TIM_SetClockDivision                     0x08002c73   Thumb Code    18  stm32f10x_tim.o(.text)
    TIM_GetCapture1                          0x08002c85   Thumb Code     6  stm32f10x_tim.o(.text)
    TIM_GetCapture2                          0x08002c8b   Thumb Code     6  stm32f10x_tim.o(.text)
    TIM_GetCapture3                          0x08002c91   Thumb Code     6  stm32f10x_tim.o(.text)
    TIM_GetCapture4                          0x08002c97   Thumb Code     8  stm32f10x_tim.o(.text)
    TIM_GetCounter                           0x08002c9f   Thumb Code     6  stm32f10x_tim.o(.text)
    TIM_GetPrescaler                         0x08002ca5   Thumb Code     6  stm32f10x_tim.o(.text)
    TIM_GetFlagStatus                        0x08002cab   Thumb Code    18  stm32f10x_tim.o(.text)
    TIM_ClearFlag                            0x08002cbd   Thumb Code     6  stm32f10x_tim.o(.text)
    TIM_GetITStatus                          0x08002cc3   Thumb Code    34  stm32f10x_tim.o(.text)
    TIM_ClearITPendingBit                    0x08002ce5   Thumb Code     6  stm32f10x_tim.o(.text)
    USART_DeInit                             0x08002ced   Thumb Code   134  stm32f10x_usart.o(.text)
    USART_Init                               0x08002d73   Thumb Code   210  stm32f10x_usart.o(.text)
    USART_StructInit                         0x08002e45   Thumb Code    24  stm32f10x_usart.o(.text)
    USART_ClockInit                          0x08002e5d   Thumb Code    34  stm32f10x_usart.o(.text)
    USART_ClockStructInit                    0x08002e7f   Thumb Code    12  stm32f10x_usart.o(.text)
    USART_Cmd                                0x08002e8b   Thumb Code    24  stm32f10x_usart.o(.text)
    USART_ITConfig                           0x08002ea3   Thumb Code    74  stm32f10x_usart.o(.text)
    USART_DMACmd                             0x08002eed   Thumb Code    18  stm32f10x_usart.o(.text)
    USART_SetAddress                         0x08002eff   Thumb Code    18  stm32f10x_usart.o(.text)
    USART_WakeUpConfig                       0x08002f11   Thumb Code    18  stm32f10x_usart.o(.text)
    USART_ReceiverWakeUpCmd                  0x08002f23   Thumb Code    24  stm32f10x_usart.o(.text)
    USART_LINBreakDetectLengthConfig         0x08002f3b   Thumb Code    18  stm32f10x_usart.o(.text)
    USART_LINCmd                             0x08002f4d   Thumb Code    24  stm32f10x_usart.o(.text)
    USART_SendData                           0x08002f65   Thumb Code     8  stm32f10x_usart.o(.text)
    USART_ReceiveData                        0x08002f6d   Thumb Code    10  stm32f10x_usart.o(.text)
    USART_SendBreak                          0x08002f77   Thumb Code    10  stm32f10x_usart.o(.text)
    USART_SetGuardTime                       0x08002f81   Thumb Code    16  stm32f10x_usart.o(.text)
    USART_SetPrescaler                       0x08002f91   Thumb Code    16  stm32f10x_usart.o(.text)
    USART_SmartCardCmd                       0x08002fa1   Thumb Code    24  stm32f10x_usart.o(.text)
    USART_SmartCardNACKCmd                   0x08002fb9   Thumb Code    24  stm32f10x_usart.o(.text)
    USART_HalfDuplexCmd                      0x08002fd1   Thumb Code    24  stm32f10x_usart.o(.text)
    USART_OverSampling8Cmd                   0x08002fe9   Thumb Code    22  stm32f10x_usart.o(.text)
    USART_OneBitMethodCmd                    0x08002fff   Thumb Code    24  stm32f10x_usart.o(.text)
    USART_IrDAConfig                         0x08003017   Thumb Code    18  stm32f10x_usart.o(.text)
    USART_IrDACmd                            0x08003029   Thumb Code    24  stm32f10x_usart.o(.text)
    USART_GetFlagStatus                      0x08003041   Thumb Code    26  stm32f10x_usart.o(.text)
    USART_ClearFlag                          0x0800305b   Thumb Code    18  stm32f10x_usart.o(.text)
    USART_GetITStatus                        0x0800306d   Thumb Code    84  stm32f10x_usart.o(.text)
    USART_ClearITPendingBit                  0x080030c1   Thumb Code    52  stm32f10x_usart.o(.text)
    set_max                                  0x080030f5   Thumb Code    68  main.o(.text)
    main                                     0x08003139   Thumb Code    92  main.o(.text)
    NMI_Handler                              0x080031a9   Thumb Code     2  stm32f10x_it.o(.text)
    HardFault_Handler                        0x080031ab   Thumb Code     4  stm32f10x_it.o(.text)
    MemManage_Handler                        0x080031af   Thumb Code     4  stm32f10x_it.o(.text)
    BusFault_Handler                         0x080031b3   Thumb Code     4  stm32f10x_it.o(.text)
    UsageFault_Handler                       0x080031b7   Thumb Code     4  stm32f10x_it.o(.text)
    SVC_Handler                              0x080031bb   Thumb Code     2  stm32f10x_it.o(.text)
    DebugMon_Handler                         0x080031bd   Thumb Code     2  stm32f10x_it.o(.text)
    PendSV_Handler                           0x080031bf   Thumb Code     2  stm32f10x_it.o(.text)
    SysTick_Handler                          0x080031c1   Thumb Code     2  stm32f10x_it.o(.text)
    USART1_IRQHandler                        0x080031c3   Thumb Code    32  stm32f10x_it.o(.text)
    USART_Config                             0x080031e9   Thumb Code   120  bsp_usart.o(.text)
    Usart_SendByte                           0x08003261   Thumb Code    30  bsp_usart.o(.text)
    Usart_SendString                         0x0800327f   Thumb Code    42  bsp_usart.o(.text)
    Usart_SendHalfWord                       0x080032a9   Thumb Code    60  bsp_usart.o(.text)
    fputc                                    0x080032e5   Thumb Code    32  bsp_usart.o(.text)
    fgetc                                    0x08003305   Thumb Code    26  bsp_usart.o(.text)
    Delay_us                                 0x0800331f   Thumb Code    54  bsp_usart.o(.text)
    Delay_ms                                 0x08003355   Thumb Code    56  bsp_usart.o(.text)
    EXTI_Key_Config                          0x080033cb   Thumb Code   128  exti_key.o(.text)
    EXTI3_IRQHandler                         0x0800344b   Thumb Code    26  exti_key.o(.text)
    EXTI4_IRQHandler                         0x08003465   Thumb Code    18  exti_key.o(.text)
    ADVANCE_TIMX_Init                        0x0800354b   Thumb Code    16  pwm_ic.o(.text)
    TIM1_CC_IRQHandler                       0x0800355b   Thumb Code   156  pwm_ic.o(.text)
    TIM4_Init                                0x08003639   Thumb Code   132  tim.o(.text)
    GetPowerMag                              0x080036c5   Thumb Code   210  adc_double.o(.text)
    TIM2_Init                                0x080037b7   Thumb Code    98  adc_double.o(.text)
    ADC_DOUBLE_Init                          0x08003931   Thumb Code    12  adc_double.o(.text)
    DMA1_Channel1_IRQHandler                 0x0800393d   Thumb Code   132  adc_double.o(.text)
    FFT                                      0x080039c1   Thumb Code   112  adc_double.o(.text)
    LCD_WR_REG                               0x08003a55   Thumb Code     6  lcd.o(.text)
    LCD_WR_DATA                              0x08003a5b   Thumb Code     8  lcd.o(.text)
    LCD_RD_DATA                              0x08003a63   Thumb Code     8  lcd.o(.text)
    LCD_WriteReg                             0x08003a6b   Thumb Code    10  lcd.o(.text)
    LCD_ReadReg                              0x08003a75   Thumb Code    22  lcd.o(.text)
    LCD_WriteRAM_Prepare                     0x08003a8b   Thumb Code    10  lcd.o(.text)
    LCD_WriteRAM                             0x08003a95   Thumb Code     8  lcd.o(.text)
    LCD_BGR2RGB                              0x08003a9d   Thumb Code    26  lcd.o(.text)
    opt_delay                                0x08003ab7   Thumb Code    14  lcd.o(.text)
    LCD_SetCursor                            0x08003ac5   Thumb Code   262  lcd.o(.text)
    LCD_ReadPoint                            0x08003bcb   Thumb Code   358  lcd.o(.text)
    LCD_DisplayOn                            0x08003d31   Thumb Code    80  lcd.o(.text)
    LCD_DisplayOff                           0x08003d81   Thumb Code    78  lcd.o(.text)
    LCD_Scan_Dir                             0x08003dcf   Thumb Code   718  lcd.o(.text)
    LCD_DrawPoint                            0x0800409d   Thumb Code    28  lcd.o(.text)
    LCD_Fast_DrawPoint                       0x080040b9   Thumb Code   278  lcd.o(.text)
    LCD_Display_Dir                          0x080041cf   Thumb Code   432  lcd.o(.text)
    LCD_Set_Window                           0x0800437f   Thumb Code   422  lcd.o(.text)
    LCD_Clear                                0x08004525   Thumb Code   100  lcd.o(.text)
    LCD_Init                                 0x08004589   Thumb Code 14100  lcd.o(.text)
    LCD_Fill                                 0x08007c9d   Thumb Code   178  lcd.o(.text)
    LCD_Color_Fill                           0x08007d4f   Thumb Code   102  lcd.o(.text)
    LCD_DrawLine                             0x08007db5   Thumb Code   176  lcd.o(.text)
    LCD_DrawRectangle                        0x08007e65   Thumb Code    60  lcd.o(.text)
    Draw_Circle                              0x08007ea1   Thumb Code   152  lcd.o(.text)
    LCD_ShowChar                             0x08007f39   Thumb Code   340  lcd.o(.text)
    LCD_Pow                                  0x0800808d   Thumb Code    22  lcd.o(.text)
    LCD_ShowNum                              0x080080a3   Thumb Code   148  lcd.o(.text)
    LCD_ShowxNum                             0x08008137   Thumb Code   218  lcd.o(.text)
    LCD_ShowString                           0x08008211   Thumb Code   102  lcd.o(.text)
    Frame                                    0x08008279   Thumb Code   244  control.o(.text)
    __aeabi_fadd                             0x08008371   Thumb Code   164  fadd.o(.text)
    __aeabi_fsub                             0x08008415   Thumb Code     6  fadd.o(.text)
    __aeabi_frsub                            0x0800841b   Thumb Code     6  fadd.o(.text)
    __aeabi_fmul                             0x08008421   Thumb Code   100  fmul.o(.text)
    __aeabi_fdiv                             0x08008485   Thumb Code   124  fdiv.o(.text)
    __aeabi_ddiv                             0x08008501   Thumb Code   222  ddiv.o(.text)
    __aeabi_i2f                              0x080085df   Thumb Code    18  fflti.o(.text)
    __aeabi_ui2f                             0x080085f1   Thumb Code    10  ffltui.o(.text)
    __aeabi_f2uiz                            0x080085fb   Thumb Code    40  ffixui.o(.text)
    __aeabi_f2d                              0x08008623   Thumb Code    38  f2d.o(.text)
    __aeabi_d2f                              0x08008649   Thumb Code    56  d2f.o(.text)
    __aeabi_uidiv                            0x08008681   Thumb Code     0  uidiv.o(.text)
    __aeabi_uidivmod                         0x08008681   Thumb Code    44  uidiv.o(.text)
    __aeabi_uldivmod                         0x080086ad   Thumb Code    98  uldiv.o(.text)
    __I$use$fp                               0x0800870f   Thumb Code     0  iusefp.o(.text)
    _float_round                             0x0800870f   Thumb Code    18  fepilogue.o(.text)
    _float_epilogue                          0x08008721   Thumb Code    92  fepilogue.o(.text)
    _double_round                            0x0800877d   Thumb Code    30  depilogue.o(.text)
    _double_epilogue                         0x0800879b   Thumb Code   156  depilogue.o(.text)
    __aeabi_dadd                             0x08008837   Thumb Code   322  dadd.o(.text)
    __aeabi_dsub                             0x08008979   Thumb Code     6  dadd.o(.text)
    __aeabi_drsub                            0x0800897f   Thumb Code     6  dadd.o(.text)
    __aeabi_dmul                             0x08008985   Thumb Code   228  dmul.o(.text)
    _dsqrt                                   0x08008a69   Thumb Code   162  dsqrt.o(.text)
    __aeabi_d2ulz                            0x08008b0b   Thumb Code    48  dfixul.o(.text)
    __aeabi_cdrcmple                         0x08008b3d   Thumb Code    48  cdrcmple.o(.text)
    __scatterload                            0x08008b6d   Thumb Code    28  init.o(.text)
    __scatterload_rt2                        0x08008b6d   Thumb Code     0  init.o(.text)
    __aeabi_llsl                             0x08008b91   Thumb Code    30  llshl.o(.text)
    _ll_shift_l                              0x08008b91   Thumb Code     0  llshl.o(.text)
    __aeabi_llsr                             0x08008baf   Thumb Code    32  llushr.o(.text)
    _ll_ushift_r                             0x08008baf   Thumb Code     0  llushr.o(.text)
    __aeabi_lasr                             0x08008bcf   Thumb Code    36  llsshr.o(.text)
    _ll_sshift_r                             0x08008bcf   Thumb Code     0  llsshr.o(.text)
    __decompress                             0x08008bf3   Thumb Code     0  __dclz77c.o(.text)
    __decompress2                            0x08008bf3   Thumb Code    94  __dclz77c.o(.text)
    arm_bitreversal_32                       0x08008c51   Thumb Code    64  arm_bitreversal2.o(.text.arm_bitreversal_32)
    arm_cfft_f32                             0x08008c91   Thumb Code   256  arm_cfft_f32.o(.text.arm_cfft_f32)
    arm_cfft_radix8by2_f32                   0x08008d91   Thumb Code   642  arm_cfft_f32.o(.text.arm_cfft_radix8by2_f32)
    arm_cfft_radix8by4_f32                   0x08009015   Thumb Code  1692  arm_cfft_f32.o(.text.arm_cfft_radix8by4_f32)
    arm_radix8_butterfly_f32                 0x080096b1   Thumb Code  2182  arm_cfft_radix8_f32.o(.text.arm_radix8_butterfly_f32)
    arm_rfft_1024_fast_init_f32              0x08009f37   Thumb Code    60  arm_rfft_fast_init_f32.o(.text.arm_rfft_1024_fast_init_f32)
    arm_rfft_2048_fast_init_f32              0x08009f73   Thumb Code    60  arm_rfft_fast_init_f32.o(.text.arm_rfft_2048_fast_init_f32)
    arm_rfft_256_fast_init_f32               0x08009faf   Thumb Code    56  arm_rfft_fast_init_f32.o(.text.arm_rfft_256_fast_init_f32)
    arm_rfft_32_fast_init_f32                0x08009fe7   Thumb Code    54  arm_rfft_fast_init_f32.o(.text.arm_rfft_32_fast_init_f32)
    arm_rfft_4096_fast_init_f32              0x0800a01d   Thumb Code    60  arm_rfft_fast_init_f32.o(.text.arm_rfft_4096_fast_init_f32)
    arm_rfft_512_fast_init_f32               0x0800a059   Thumb Code    60  arm_rfft_fast_init_f32.o(.text.arm_rfft_512_fast_init_f32)
    arm_rfft_64_fast_init_f32                0x0800a095   Thumb Code    54  arm_rfft_fast_init_f32.o(.text.arm_rfft_64_fast_init_f32)
    arm_rfft_fast_f32                        0x0800a0cb   Thumb Code    80  arm_rfft_fast_f32.o(.text.arm_rfft_fast_f32)
    arm_rfft_fast_init_f32                   0x0800a11b   Thumb Code   126  arm_rfft_fast_init_f32.o(.text.arm_rfft_fast_init_f32)
    merge_rfft_f32                           0x0800a199   Thumb Code   282  arm_rfft_fast_f32.o(.text.merge_rfft_f32)
    stage_rfft_f32                           0x0800a2b5   Thumb Code   284  arm_rfft_fast_f32.o(.text.stage_rfft_f32)
    __0printf                                0x0800a3d1   Thumb Code    22  printfa.o(i.__0printf)
    __1printf                                0x0800a3d1   Thumb Code     0  printfa.o(i.__0printf)
    __2printf                                0x0800a3d1   Thumb Code     0  printfa.o(i.__0printf)
    __c89printf                              0x0800a3d1   Thumb Code     0  printfa.o(i.__0printf)
    printf                                   0x0800a3d1   Thumb Code     0  printfa.o(i.__0printf)
    __scatterload_copy                       0x0800a3f1   Thumb Code    14  handlers.o(i.__scatterload_copy)
    __scatterload_null                       0x0800a3ff   Thumb Code     2  handlers.o(i.__scatterload_null)
    __scatterload_zeroinit                   0x0800a401   Thumb Code    14  handlers.o(i.__scatterload_zeroinit)
    __set_errno                              0x0800a411   Thumb Code     6  errno.o(i.__set_errno)
    sqrt                                     0x0800accf   Thumb Code    76  sqrt.o(i.sqrt)
    asc2_1206                                0x0800ad1a   Data        1140  lcd.o(.constdata)
    asc2_1608                                0x0800b18e   Data        1520  lcd.o(.constdata)
    armBitRevIndexTable1024                  0x0800b77e   Data        3600  arm_common_tables.o(.rodata.armBitRevIndexTable1024)
    armBitRevIndexTable128                   0x0800c58e   Data         416  arm_common_tables.o(.rodata.armBitRevIndexTable128)
    armBitRevIndexTable16                    0x0800c72e   Data          40  arm_common_tables.o(.rodata.armBitRevIndexTable16)
    armBitRevIndexTable2048                  0x0800c756   Data        7616  arm_common_tables.o(.rodata.armBitRevIndexTable2048)
    armBitRevIndexTable256                   0x0800e516   Data         880  arm_common_tables.o(.rodata.armBitRevIndexTable256)
    armBitRevIndexTable32                    0x0800e886   Data          96  arm_common_tables.o(.rodata.armBitRevIndexTable32)
    armBitRevIndexTable512                   0x0800e8e6   Data         896  arm_common_tables.o(.rodata.armBitRevIndexTable512)
    twiddleCoef_1024                         0x0800ec68   Data        8192  arm_common_tables.o(.rodata.twiddleCoef_1024)
    twiddleCoef_128                          0x08010c68   Data        1024  arm_common_tables.o(.rodata.twiddleCoef_128)
    twiddleCoef_16                           0x08011068   Data         128  arm_common_tables.o(.rodata.twiddleCoef_16)
    twiddleCoef_2048                         0x080110e8   Data       16384  arm_common_tables.o(.rodata.twiddleCoef_2048)
    twiddleCoef_256                          0x080150e8   Data        2048  arm_common_tables.o(.rodata.twiddleCoef_256)
    twiddleCoef_32                           0x080158e8   Data         256  arm_common_tables.o(.rodata.twiddleCoef_32)
    twiddleCoef_512                          0x080159e8   Data        4096  arm_common_tables.o(.rodata.twiddleCoef_512)
    twiddleCoef_rfft_1024                    0x080169e8   Data        4096  arm_common_tables.o(.rodata.twiddleCoef_rfft_1024)
    twiddleCoef_rfft_2048                    0x080179e8   Data        8192  arm_common_tables.o(.rodata.twiddleCoef_rfft_2048)
    twiddleCoef_rfft_256                     0x080199e8   Data        1024  arm_common_tables.o(.rodata.twiddleCoef_rfft_256)
    twiddleCoef_rfft_32                      0x08019de8   Data         128  arm_common_tables.o(.rodata.twiddleCoef_rfft_32)
    twiddleCoef_rfft_4096                    0x08019e68   Data       16384  arm_common_tables.o(.rodata.twiddleCoef_rfft_4096)
    twiddleCoef_rfft_512                     0x0801de68   Data        2048  arm_common_tables.o(.rodata.twiddleCoef_rfft_512)
    twiddleCoef_rfft_64                      0x0801e668   Data         256  arm_common_tables.o(.rodata.twiddleCoef_rfft_64)
    Region$$Table$$Base                      0x0801e768   Number         0  anon$$obj.o(Region$$Table)
    Region$$Table$$Limit                     0x0801e788   Number         0  anon$$obj.o(Region$$Table)
    SystemCoreClock                          0x20000000   Data           4  system_stm32f10x.o(.data)
    AHBPrescTable                            0x20000004   Data          16  system_stm32f10x.o(.data)
    MAX                                      0x20000028   Data           4  main.o(.data)
    F_fft                                    0x2000002c   Data           2  main.o(.data)
    Vpp                                      0x2000002e   Data           2  main.o(.data)
    IC2Value                                 0x20000030   Data           2  pwm_ic.o(.data)
    IC1Value                                 0x20000032   Data           2  pwm_ic.o(.data)
    DutyCycle                                0x20000034   Data           4  pwm_ic.o(.data)
    Frequency                                0x20000038   Data           4  pwm_ic.o(.data)
    TableFFT                                 0x2000003c   Data        4080  adc_double.o(.data)
    ADC_ConvertedValue                       0x2000102c   Data           4  adc_double.o(.data)
    ADC_ConvertedValueLocal                  0x20001030   Data           8  adc_double.o(.data)
    fangda                                   0x20001038   Data           2  adc_double.o(.data)
    SET_I                                    0x2000103a   Data           2  adc_double.o(.data)
    fft_i                                    0x2000103c   Data           2  adc_double.o(.data)
    POINT_COLOR                              0x2000103e   Data           2  lcd.o(.data)
    BACK_COLOR                               0x20001040   Data           2  lcd.o(.data)
    Display_Grid                             0x20001042   Data           4  control.o(.data)
    GRID_ARR                                 0x20001046   Data           4  control.o(.data)
    __stdout                                 0x2000104c   Data           4  stdout.o(.data)
    fft_src1                                 0x20001054   Data        1024  adc_double.o(.bss)
    fft_src2                                 0x20001454   Data         512  adc_double.o(.bss)
    fft_dst                                  0x20001654   Data        1024  adc_double.o(.bss)
    fft_fre                                  0x20001a54   Data         512  adc_double.o(.bss)
    fuzhi                                    0x20001c54   Data         512  adc_double.o(.bss)
    InBufArray                               0x20001e54   Data        4096  adc_double.o(.bss)
    OutBufArray                              0x20002e54   Data        2048  adc_double.o(.bss)
    MagBufArray                              0x20003654   Data        2048  adc_double.o(.bss)
    lcddev                                   0x20003e54   Data          14  lcd.o(.bss)
    __initial_sp                             0x20004268   Data           0  startup_stm32f10x_hd.o(STACK)



==============================================================================

Memory Map of the image

  Image Entry point : 0x08000131

  Load Region LR_IROM1 (Base: 0x08000000, Size: 0x0001f7dc, Max: 0x00080000, ABSOLUTE, COMPRESSED[0x0001f3b4])

    Execution Region ER_IROM1 (Exec base: 0x08000000, Load base: 0x08000000, Size: 0x0001e788, Max: 0x00080000, ABSOLUTE)

    Exec Addr    Load Addr    Size         Type   Attr      Idx    E Section Name        Object

    0x08000000   0x08000000   0x00000130   Data   RO            3    RESET               startup_stm32f10x_hd.o
    0x08000130   0x08000130   0x00000000   Code   RO         1112  * .ARM.Collect$$$$00000000  mc_w.l(entry.o)
    0x08000130   0x08000130   0x00000004   Code   RO         1394    .ARM.Collect$$$$00000001  mc_w.l(entry2.o)
    0x08000134   0x08000134   0x00000004   Code   RO         1397    .ARM.Collect$$$$00000004  mc_w.l(entry5.o)
    0x08000138   0x08000138   0x00000000   Code   RO         1399    .ARM.Collect$$$$00000008  mc_w.l(entry7b.o)
    0x08000138   0x08000138   0x00000000   Code   RO         1401    .ARM.Collect$$$$0000000A  mc_w.l(entry8b.o)
    0x08000138   0x08000138   0x00000008   Code   RO         1402    .ARM.Collect$$$$0000000B  mc_w.l(entry9a.o)
    0x08000140   0x08000140   0x00000000   Code   RO         1404    .ARM.Collect$$$$0000000D  mc_w.l(entry10a.o)
    0x08000140   0x08000140   0x00000000   Code   RO         1406    .ARM.Collect$$$$0000000F  mc_w.l(entry11a.o)
    0x08000140   0x08000140   0x00000004   Code   RO         1395    .ARM.Collect$$$$00002712  mc_w.l(entry2.o)
    0x08000144   0x08000144   0x00000024   Code   RO            4    .text               startup_stm32f10x_hd.o
    0x08000168   0x08000168   0x000001e0   Code   RO           26    .text               system_stm32f10x.o
    0x08000348   0x08000348   0x000005de   Code   RO          135    .text               cr4_fft_256_stm32.o
    0x08000926   0x08000926   0x00000002   PAD
    0x08000928   0x08000928   0x000000dc   Code   RO          143    .text               misc.o
    0x08000a04   0x08000a04   0x0000044e   Code   RO          167    .text               stm32f10x_adc.o
    0x08000e52   0x08000e52   0x00000002   PAD
    0x08000e54   0x08000e54   0x00000254   Code   RO          307    .text               stm32f10x_dma.o
    0x080010a8   0x080010a8   0x0000011c   Code   RO          327    .text               stm32f10x_exti.o
    0x080011c4   0x080011c4   0x0000060c   Code   RO          367    .text               stm32f10x_fsmc.o
    0x080017d0   0x080017d0   0x0000035c   Code   RO          387    .text               stm32f10x_gpio.o
    0x08001b2c   0x08001b2c   0x000003a4   Code   RO          467    .text               stm32f10x_rcc.o
    0x08001ed0   0x08001ed0   0x00000e1a   Code   RO          549    .text               stm32f10x_tim.o
    0x08002cea   0x08002cea   0x00000002   PAD
    0x08002cec   0x08002cec   0x00000408   Code   RO          569    .text               stm32f10x_usart.o
    0x080030f4   0x080030f4   0x000000b4   Code   RO          609    .text               main.o
    0x080031a8   0x080031a8   0x00000040   Code   RO          675    .text               stm32f10x_it.o
    0x080031e8   0x080031e8   0x000001ac   Code   RO          698    .text               bsp_usart.o
    0x08003394   0x08003394   0x000000ec   Code   RO          718    .text               exti_key.o
    0x08003480   0x08003480   0x000001b8   Code   RO          741    .text               pwm_ic.o
    0x08003638   0x08003638   0x0000008c   Code   RO          764    .text               tim.o
    0x080036c4   0x080036c4   0x00000390   Code   RO          787    .text               adc_double.o
    0x08003a54   0x08003a54   0x00004822   Code   RO          863    .text               lcd.o
    0x08008276   0x08008276   0x00000002   PAD
    0x08008278   0x08008278   0x000000f8   Code   RO          901    .text               control.o
    0x08008370   0x08008370   0x000000b0   Code   RO         1376    .text               mf_w.l(fadd.o)
    0x08008420   0x08008420   0x00000064   Code   RO         1378    .text               mf_w.l(fmul.o)
    0x08008484   0x08008484   0x0000007c   Code   RO         1380    .text               mf_w.l(fdiv.o)
    0x08008500   0x08008500   0x000000de   Code   RO         1382    .text               mf_w.l(ddiv.o)
    0x080085de   0x080085de   0x00000012   Code   RO         1384    .text               mf_w.l(fflti.o)
    0x080085f0   0x080085f0   0x0000000a   Code   RO         1386    .text               mf_w.l(ffltui.o)
    0x080085fa   0x080085fa   0x00000028   Code   RO         1388    .text               mf_w.l(ffixui.o)
    0x08008622   0x08008622   0x00000026   Code   RO         1390    .text               mf_w.l(f2d.o)
    0x08008648   0x08008648   0x00000038   Code   RO         1392    .text               mf_w.l(d2f.o)
    0x08008680   0x08008680   0x0000002c   Code   RO         1409    .text               mc_w.l(uidiv.o)
    0x080086ac   0x080086ac   0x00000062   Code   RO         1411    .text               mc_w.l(uldiv.o)
    0x0800870e   0x0800870e   0x00000000   Code   RO         1420    .text               mc_w.l(iusefp.o)
    0x0800870e   0x0800870e   0x0000006e   Code   RO         1421    .text               mf_w.l(fepilogue.o)
    0x0800877c   0x0800877c   0x000000ba   Code   RO         1423    .text               mf_w.l(depilogue.o)
    0x08008836   0x08008836   0x0000014e   Code   RO         1425    .text               mf_w.l(dadd.o)
    0x08008984   0x08008984   0x000000e4   Code   RO         1427    .text               mf_w.l(dmul.o)
    0x08008a68   0x08008a68   0x000000a2   Code   RO         1429    .text               mf_w.l(dsqrt.o)
    0x08008b0a   0x08008b0a   0x00000030   Code   RO         1431    .text               mf_w.l(dfixul.o)
    0x08008b3a   0x08008b3a   0x00000002   PAD
    0x08008b3c   0x08008b3c   0x00000030   Code   RO         1435    .text               mf_w.l(cdrcmple.o)
    0x08008b6c   0x08008b6c   0x00000024   Code   RO         1437    .text               mc_w.l(init.o)
    0x08008b90   0x08008b90   0x0000001e   Code   RO         1439    .text               mc_w.l(llshl.o)
    0x08008bae   0x08008bae   0x00000020   Code   RO         1441    .text               mc_w.l(llushr.o)
    0x08008bce   0x08008bce   0x00000024   Code   RO         1443    .text               mc_w.l(llsshr.o)
    0x08008bf2   0x08008bf2   0x0000005e   Code   RO         1453    .text               mc_w.l(__dclz77c.o)
    0x08008c50   0x08008c50   0x00000040   Code   RO         1082    .text.arm_bitreversal_32  arm_cortexM3l_math.lib(arm_bitreversal2.o)
    0x08008c90   0x08008c90   0x00000100   Code   RO          976    .text.arm_cfft_f32  arm_cortexM3l_math.lib(arm_cfft_f32.o)
    0x08008d90   0x08008d90   0x00000282   Code   RO          972    .text.arm_cfft_radix8by2_f32  arm_cortexM3l_math.lib(arm_cfft_f32.o)
    0x08009012   0x08009012   0x00000002   PAD
    0x08009014   0x08009014   0x0000069c   Code   RO          974    .text.arm_cfft_radix8by4_f32  arm_cortexM3l_math.lib(arm_cfft_f32.o)
    0x080096b0   0x080096b0   0x00000886   Code   RO         1095    .text.arm_radix8_butterfly_f32  arm_cortexM3l_math.lib(arm_cfft_radix8_f32.o)
    0x08009f36   0x08009f36   0x0000003c   Code   RO          955    .text.arm_rfft_1024_fast_init_f32  arm_cortexM3l_math.lib(arm_rfft_fast_init_f32.o)
    0x08009f72   0x08009f72   0x0000003c   Code   RO          957    .text.arm_rfft_2048_fast_init_f32  arm_cortexM3l_math.lib(arm_rfft_fast_init_f32.o)
    0x08009fae   0x08009fae   0x00000038   Code   RO          951    .text.arm_rfft_256_fast_init_f32  arm_cortexM3l_math.lib(arm_rfft_fast_init_f32.o)
    0x08009fe6   0x08009fe6   0x00000036   Code   RO          945    .text.arm_rfft_32_fast_init_f32  arm_cortexM3l_math.lib(arm_rfft_fast_init_f32.o)
    0x0800a01c   0x0800a01c   0x0000003c   Code   RO          959    .text.arm_rfft_4096_fast_init_f32  arm_cortexM3l_math.lib(arm_rfft_fast_init_f32.o)
    0x0800a058   0x0800a058   0x0000003c   Code   RO          953    .text.arm_rfft_512_fast_init_f32  arm_cortexM3l_math.lib(arm_rfft_fast_init_f32.o)
    0x0800a094   0x0800a094   0x00000036   Code   RO          947    .text.arm_rfft_64_fast_init_f32  arm_cortexM3l_math.lib(arm_rfft_fast_init_f32.o)
    0x0800a0ca   0x0800a0ca   0x00000050   Code   RO          934    .text.arm_rfft_fast_f32  arm_cortexM3l_math.lib(arm_rfft_fast_f32.o)
    0x0800a11a   0x0800a11a   0x0000007e   Code   RO          961    .text.arm_rfft_fast_init_f32  arm_cortexM3l_math.lib(arm_rfft_fast_init_f32.o)
    0x0800a198   0x0800a198   0x0000011a   Code   RO          932    .text.merge_rfft_f32  arm_cortexM3l_math.lib(arm_rfft_fast_f32.o)
    0x0800a2b2   0x0800a2b2   0x00000002   PAD
    0x0800a2b4   0x0800a2b4   0x0000011c   Code   RO          930    .text.stage_rfft_f32  arm_cortexM3l_math.lib(arm_rfft_fast_f32.o)
    0x0800a3d0   0x0800a3d0   0x00000020   Code   RO         1348    i.__0printf         mc_w.l(printfa.o)
    0x0800a3f0   0x0800a3f0   0x0000000e   Code   RO         1447    i.__scatterload_copy  mc_w.l(handlers.o)
    0x0800a3fe   0x0800a3fe   0x00000002   Code   RO         1448    i.__scatterload_null  mc_w.l(handlers.o)
    0x0800a400   0x0800a400   0x0000000e   Code   RO         1449    i.__scatterload_zeroinit  mc_w.l(handlers.o)
    0x0800a40e   0x0800a40e   0x00000002   PAD
    0x0800a410   0x0800a410   0x0000000c   Code   RO         1415    i.__set_errno       mc_w.l(errno.o)
    0x0800a41c   0x0800a41c   0x00000184   Code   RO         1355    i._fp_digits        mc_w.l(printfa.o)
    0x0800a5a0   0x0800a5a0   0x000006dc   Code   RO         1356    i._printf_core      mc_w.l(printfa.o)
    0x0800ac7c   0x0800ac7c   0x00000024   Code   RO         1357    i._printf_post_padding  mc_w.l(printfa.o)
    0x0800aca0   0x0800aca0   0x0000002e   Code   RO         1358    i._printf_pre_padding  mc_w.l(printfa.o)
    0x0800acce   0x0800acce   0x0000004c   Code   RO         1105    i.sqrt              m_ws.l(sqrt.o)
    0x0800ad1a   0x0800ad1a   0x00000a64   Data   RO          865    .constdata          lcd.o
    0x0800b77e   0x0800b77e   0x00000e10   Data   RO         1021    .rodata.armBitRevIndexTable1024  arm_cortexM3l_math.lib(arm_common_tables.o)
    0x0800c58e   0x0800c58e   0x000001a0   Data   RO         1018    .rodata.armBitRevIndexTable128  arm_cortexM3l_math.lib(arm_common_tables.o)
    0x0800c72e   0x0800c72e   0x00000028   Data   RO         1015    .rodata.armBitRevIndexTable16  arm_cortexM3l_math.lib(arm_common_tables.o)
    0x0800c756   0x0800c756   0x00001dc0   Data   RO         1022    .rodata.armBitRevIndexTable2048  arm_cortexM3l_math.lib(arm_common_tables.o)
    0x0800e516   0x0800e516   0x00000370   Data   RO         1019    .rodata.armBitRevIndexTable256  arm_cortexM3l_math.lib(arm_common_tables.o)
    0x0800e886   0x0800e886   0x00000060   Data   RO         1016    .rodata.armBitRevIndexTable32  arm_cortexM3l_math.lib(arm_common_tables.o)
    0x0800e8e6   0x0800e8e6   0x00000380   Data   RO         1020    .rodata.armBitRevIndexTable512  arm_cortexM3l_math.lib(arm_common_tables.o)
    0x0800ec66   0x0800ec66   0x00000002   PAD
    0x0800ec68   0x0800ec68   0x00002000   Data   RO          994    .rodata.twiddleCoef_1024  arm_cortexM3l_math.lib(arm_common_tables.o)
    0x08010c68   0x08010c68   0x00000400   Data   RO          991    .rodata.twiddleCoef_128  arm_cortexM3l_math.lib(arm_common_tables.o)
    0x08011068   0x08011068   0x00000080   Data   RO          988    .rodata.twiddleCoef_16  arm_cortexM3l_math.lib(arm_common_tables.o)
    0x080110e8   0x080110e8   0x00004000   Data   RO          995    .rodata.twiddleCoef_2048  arm_cortexM3l_math.lib(arm_common_tables.o)
    0x080150e8   0x080150e8   0x00000800   Data   RO          992    .rodata.twiddleCoef_256  arm_cortexM3l_math.lib(arm_common_tables.o)
    0x080158e8   0x080158e8   0x00000100   Data   RO          989    .rodata.twiddleCoef_32  arm_cortexM3l_math.lib(arm_common_tables.o)
    0x080159e8   0x080159e8   0x00001000   Data   RO          993    .rodata.twiddleCoef_512  arm_cortexM3l_math.lib(arm_common_tables.o)
    0x080169e8   0x080169e8   0x00001000   Data   RO         1038    .rodata.twiddleCoef_rfft_1024  arm_cortexM3l_math.lib(arm_common_tables.o)
    0x080179e8   0x080179e8   0x00002000   Data   RO         1039    .rodata.twiddleCoef_rfft_2048  arm_cortexM3l_math.lib(arm_common_tables.o)
    0x080199e8   0x080199e8   0x00000400   Data   RO         1036    .rodata.twiddleCoef_rfft_256  arm_cortexM3l_math.lib(arm_common_tables.o)
    0x08019de8   0x08019de8   0x00000080   Data   RO         1033    .rodata.twiddleCoef_rfft_32  arm_cortexM3l_math.lib(arm_common_tables.o)
    0x08019e68   0x08019e68   0x00004000   Data   RO         1040    .rodata.twiddleCoef_rfft_4096  arm_cortexM3l_math.lib(arm_common_tables.o)
    0x0801de68   0x0801de68   0x00000800   Data   RO         1037    .rodata.twiddleCoef_rfft_512  arm_cortexM3l_math.lib(arm_common_tables.o)
    0x0801e668   0x0801e668   0x00000100   Data   RO         1034    .rodata.twiddleCoef_rfft_64  arm_cortexM3l_math.lib(arm_common_tables.o)
    0x0801e768   0x0801e768   0x00000020   Data   RO         1445    Region$$Table       anon$$obj.o


    Execution Region RW_IRAM1 (Exec base: 0x20000000, Load base: 0x0801e788, Size: 0x00004268, Max: 0x00010000, ABSOLUTE, COMPRESSED[0x00000c2c])

    Exec Addr    Load Addr    Size         Type   Attr      Idx    E Section Name        Object

    0x20000000   COMPRESSED   0x00000014   Data   RW           27    .data               system_stm32f10x.o
    0x20000014   COMPRESSED   0x00000014   Data   RW          468    .data               stm32f10x_rcc.o
    0x20000028   COMPRESSED   0x00000008   Data   RW          610    .data               main.o
    0x20000030   COMPRESSED   0x0000000c   Data   RW          742    .data               pwm_ic.o
    0x2000003c   COMPRESSED   0x00001002   Data   RW          789    .data               adc_double.o
    0x2000103e   COMPRESSED   0x00000004   Data   RW          866    .data               lcd.o
    0x20001042   COMPRESSED   0x00000008   Data   RW          902    .data               control.o
    0x2000104a   COMPRESSED   0x00000002   PAD
    0x2000104c   COMPRESSED   0x00000004   Data   RW         1408    .data               mc_w.l(stdout.o)
    0x20001050   COMPRESSED   0x00000004   Data   RW         1416    .data               mc_w.l(errno.o)
    0x20001054        -       0x00002e00   Zero   RW          788    .bss                adc_double.o
    0x20003e54        -       0x0000000e   Zero   RW          864    .bss                lcd.o
    0x20003e62   COMPRESSED   0x00000006   PAD
    0x20003e68        -       0x00000400   Zero   RW            1    STACK               startup_stm32f10x_hd.o


==============================================================================

Image component sizes


      Code (inc. data)   RO Data    RW Data    ZI Data      Debug   Object Name

       912         36          0       4098      11776       4057   adc_double.o
       428          8          0          0          0       2512   bsp_usart.o
       248          4          0          8          0       1720   control.o
         0          0          0          0          0       4524   core_cm3.o
      1502       1008          0          0          0        344   cr4_fft_256_stm32.o
       236         10          0          0          0       1024   exti_key.o
     18466        142       2660          4         14      22547   lcd.o
       180         20          0          8          0      16463   main.o
       220         22          0          0          0       1821   misc.o
       440         66          0         12          0       1895   pwm_ic.o
        36          8        304          0       1024        860   startup_stm32f10x_hd.o
      1102         26          0          0          0      11057   stm32f10x_adc.o
       596          8          0          0          0       4382   stm32f10x_dma.o
       284         10          0          0          0       2275   stm32f10x_exti.o
      1548         18          0          0          0       5391   stm32f10x_fsmc.o
       860         38          0          0          0       5749   stm32f10x_gpio.o
        64          6          0          0          0       1444   stm32f10x_it.o
       932         36          0         20          0       8928   stm32f10x_rcc.o
      3610         88          0          0          0      22860   stm32f10x_tim.o
      1032         22          0          0          0       8476   stm32f10x_usart.o
       480         38          0         20          0     279391   system_stm32f10x.o
       140          8          0          0          0        636   tim.o

    ----------------------------------------------------------------------
     33324       1624       2996       4172      12820     408356   Object Totals
         0          0         32          0          0          0   (incl. Generated)
         8          2          0          2          6          0   (incl. Padding)

    ----------------------------------------------------------------------

      Code (inc. data)   RO Data    RW Data    ZI Data      Debug   Library Member Name

        64          0          0          0          0       1216   arm_bitreversal2.o
      2590          0          0          0          0       4672   arm_cfft_f32.o
      2182          0          0          0          0       3457   arm_cfft_radix8_f32.o
         0          0      77800          0          0       4961   arm_common_tables.o
       646          0          0          0          0       2972   arm_rfft_fast_f32.o
       530          0          0          0          0       3555   arm_rfft_fast_init_f32.o
        76          0          0          0          0         84   sqrt.o
        94          0          0          0          0          0   __dclz77c.o
         0          0          0          0          0          0   entry.o
         0          0          0          0          0          0   entry10a.o
         0          0          0          0          0          0   entry11a.o
         8          4          0          0          0          0   entry2.o
         4          0          0          0          0          0   entry5.o
         0          0          0          0          0          0   entry7b.o
         0          0          0          0          0          0   entry8b.o
         8          4          0          0          0          0   entry9a.o
        12          6          0          4          0         68   errno.o
        30          0          0          0          0          0   handlers.o
        36          8          0          0          0         68   init.o
         0          0          0          0          0          0   iusefp.o
        30          0          0          0          0         68   llshl.o
        36          0          0          0          0         68   llsshr.o
        32          0          0          0          0         68   llushr.o
      2258         90          0          0          0        452   printfa.o
         0          0          0          4          0          0   stdout.o
        44          0          0          0          0         80   uidiv.o
        98          0          0          0          0         92   uldiv.o
        48          0          0          0          0         68   cdrcmple.o
        56          0          0          0          0         88   d2f.o
       334          0          0          0          0        148   dadd.o
       222          0          0          0          0        100   ddiv.o
       186          0          0          0          0        176   depilogue.o
        48          0          0          0          0         68   dfixul.o
       228          0          0          0          0         96   dmul.o
       162          0          0          0          0        100   dsqrt.o
        38          0          0          0          0         68   f2d.o
       176          0          0          0          0        140   fadd.o
       124          0          0          0          0         88   fdiv.o
       110          0          0          0          0        168   fepilogue.o
        40          0          0          0          0         68   ffixui.o
        18          0          0          0          0         68   fflti.o
        10          0          0          0          0         68   ffltui.o
       100          0          0          0          0         76   fmul.o

    ----------------------------------------------------------------------
     10686        112      77802          8          0      23469   Library Totals
         8          0          2          0          0          0   (incl. Padding)

    ----------------------------------------------------------------------

      Code (inc. data)   RO Data    RW Data    ZI Data      Debug   Library Name

      6012          0      77800          0          0      20833   arm_cortexM3l_math.lib
        76          0          0          0          0         84   m_ws.l
      2690        112          0          8          0        964   mc_w.l
      1900          0          0          0          0       1588   mf_w.l

    ----------------------------------------------------------------------
     10686        112      77802          8          0      23469   Library Totals

    ----------------------------------------------------------------------

==============================================================================


      Code (inc. data)   RO Data    RW Data    ZI Data      Debug   

     44010       1736      80798       4180      12820     428665   Grand Totals
     44010       1736      80798       3116      12820     428665   ELF Image Totals (compressed)
     44010       1736      80798       3116          0          0   ROM Totals

==============================================================================

    Total RO  Size (Code + RO Data)               124808 ( 121.88kB)
    Total RW  Size (RW Data + ZI Data)             17000 (  16.60kB)
    Total ROM Size (Code + RO Data + RW Data)     127924 ( 124.93kB)

==============================================================================

