Component: ARM Compiler 5.06 update 6 (build 750) Tool: armlink [4d35ed]

==============================================================================

Section Cross References

    startup_stm32f10x_hd.o(RESET) refers to startup_stm32f10x_hd.o(STACK) for __initial_sp
    startup_stm32f10x_hd.o(RESET) refers to startup_stm32f10x_hd.o(.text) for Reset_Handler
    startup_stm32f10x_hd.o(RESET) refers to stm32f10x_it.o(.text) for NMI_Handler
    startup_stm32f10x_hd.o(RESET) refers to exti_key.o(.text) for EXTI3_IRQHandler
    startup_stm32f10x_hd.o(RESET) refers to adc_double.o(.text) for DMA1_Channel1_IRQHandler
    startup_stm32f10x_hd.o(RESET) refers to pwm_ic.o(.text) for TIM1_CC_IRQHandler
    startup_stm32f10x_hd.o(.text) refers to system_stm32f10x.o(.text) for SystemInit
    startup_stm32f10x_hd.o(.text) refers to entry.o(.ARM.Collect$$$$00000000) for __main
    system_stm32f10x.o(.text) refers to system_stm32f10x.o(.data) for SystemCoreClock
    stm32f10x_adc.o(.text) refers to stm32f10x_rcc.o(.text) for RCC_APB2PeriphResetCmd
    stm32f10x_bkp.o(.text) refers to stm32f10x_rcc.o(.text) for RCC_BackupResetCmd
    stm32f10x_can.o(.text) refers to stm32f10x_rcc.o(.text) for RCC_APB1PeriphResetCmd
    stm32f10x_cec.o(.text) refers to stm32f10x_rcc.o(.text) for RCC_APB1PeriphResetCmd
    stm32f10x_dac.o(.text) refers to stm32f10x_rcc.o(.text) for RCC_APB1PeriphResetCmd
    stm32f10x_gpio.o(.text) refers to stm32f10x_rcc.o(.text) for RCC_APB2PeriphResetCmd
    stm32f10x_i2c.o(.text) refers to stm32f10x_rcc.o(.text) for RCC_APB1PeriphResetCmd
    stm32f10x_pwr.o(.text) refers to stm32f10x_rcc.o(.text) for RCC_APB1PeriphResetCmd
    stm32f10x_rcc.o(.text) refers to stm32f10x_rcc.o(.data) for APBAHBPrescTable
    stm32f10x_spi.o(.text) refers to stm32f10x_rcc.o(.text) for RCC_APB2PeriphResetCmd
    stm32f10x_tim.o(.text) refers to stm32f10x_rcc.o(.text) for RCC_APB2PeriphResetCmd
    stm32f10x_usart.o(.text) refers to stm32f10x_rcc.o(.text) for RCC_APB2PeriphResetCmd
    stm32f10x_wwdg.o(.text) refers to stm32f10x_rcc.o(.text) for RCC_APB1PeriphResetCmd
    main.o(.text) refers to misc.o(.text) for NVIC_PriorityGroupConfig
    main.o(.text) refers to bsp_usart.o(.text) for USART_Config
    main.o(.text) refers to lcd.o(.text) for LCD_Init
    main.o(.text) refers to control.o(.text) for Frame
    main.o(.text) refers to adc_double.o(.text) for ADC_DOUBLE_Init
    main.o(.text) refers to tim.o(.text) for TIM4_Init
    main.o(.text) refers to lcd.o(.data) for POINT_COLOR
    main.o(.text) refers to adc_double.o(.bss) for MagBufArray
    main.o(.text) refers to main.o(.data) for MAX
    stm32f10x_it.o(.text) refers to stm32f10x_usart.o(.text) for USART_GetITStatus
    bsp_usart.o(.text) refers to stm32f10x_rcc.o(.text) for RCC_APB2PeriphClockCmd
    bsp_usart.o(.text) refers to stm32f10x_gpio.o(.text) for GPIO_Init
    bsp_usart.o(.text) refers to stm32f10x_usart.o(.text) for USART_Init
    exti_key.o(.text) refers to misc.o(.text) for NVIC_Init
    exti_key.o(.text) refers to stm32f10x_rcc.o(.text) for RCC_APB2PeriphClockCmd
    exti_key.o(.text) refers to stm32f10x_gpio.o(.text) for GPIO_Init
    exti_key.o(.text) refers to stm32f10x_exti.o(.text) for EXTI_Init
    exti_key.o(.text) refers to stm32f10x_tim.o(.text) for TIM_Cmd
    pwm_ic.o(.text) refers to misc.o(.text) for NVIC_Init
    pwm_ic.o(.text) refers to stm32f10x_rcc.o(.text) for RCC_APB2PeriphClockCmd
    pwm_ic.o(.text) refers to stm32f10x_gpio.o(.text) for GPIO_Init
    pwm_ic.o(.text) refers to stm32f10x_tim.o(.text) for TIM_TimeBaseInit
    pwm_ic.o(.text) refers to fflti.o(.text) for __aeabi_i2f
    pwm_ic.o(.text) refers to fdiv.o(.text) for __aeabi_fdiv
    pwm_ic.o(.text) refers to f2d.o(.text) for __aeabi_f2d
    pwm_ic.o(.text) refers to printfa.o(i.__0printf) for __2printf
    pwm_ic.o(.text) refers to pwm_ic.o(.data) for IC1Value
    tim.o(.text) refers to stm32f10x_rcc.o(.text) for RCC_APB2PeriphClockCmd
    tim.o(.text) refers to stm32f10x_gpio.o(.text) for GPIO_Init
    tim.o(.text) refers to stm32f10x_tim.o(.text) for TIM_TimeBaseInit
    adc_double.o(.text) refers to fflti.o(.text) for __aeabi_i2f
    adc_double.o(.text) refers to fmul.o(.text) for __aeabi_fmul
    adc_double.o(.text) refers to fdiv.o(.text) for __aeabi_fdiv
    adc_double.o(.text) refers to fadd.o(.text) for __aeabi_fadd
    adc_double.o(.text) refers to f2d.o(.text) for __aeabi_f2d
    adc_double.o(.text) refers to sqrt.o(i.sqrt) for sqrt
    adc_double.o(.text) refers to ddiv.o(.text) for __aeabi_ddiv
    adc_double.o(.text) refers to d2f.o(.text) for __aeabi_d2f
    adc_double.o(.text) refers to ffixui.o(.text) for __aeabi_f2uiz
    adc_double.o(.text) refers to printfa.o(i.__0printf) for __2printf
    adc_double.o(.text) refers to stm32f10x_rcc.o(.text) for RCC_APB2PeriphClockCmd
    adc_double.o(.text) refers to stm32f10x_gpio.o(.text) for GPIO_Init
    adc_double.o(.text) refers to stm32f10x_tim.o(.text) for TIM_TimeBaseInit
[...]
    ../clib/microlib/init/entry.s            0x00000000   Number         0  entry10a.o ABSOLUTE
    ../clib/microlib/init/entry.s            0x00000000   Number         0  entry9a.o ABSOLUTE
    ../clib/microlib/longlong.c              0x00000000   Number         0  llushr.o ABSOLUTE
    ../clib/microlib/longlong.c              0x00000000   Number         0  llsshr.o ABSOLUTE
    ../clib/microlib/longlong.c              0x00000000   Number         0  llshl.o ABSOLUTE
    ../clib/microlib/printf/printf.c         0x00000000   Number         0  printfb.o ABSOLUTE
    ../clib/microlib/printf/printf.c         0x00000000   Number         0  printf3.o ABSOLUTE
    ../clib/microlib/printf/printf.c         0x00000000   Number         0  printf1.o ABSOLUTE
    ../clib/microlib/printf/printf.c         0x00000000   Number         0  printf4.o ABSOLUTE
    ../clib/microlib/printf/printf.c         0x00000000   Number         0  printf5.o ABSOLUTE
    ../clib/microlib/printf/printf.c         0x00000000   Number         0  printf0.o ABSOLUTE
    ../clib/microlib/printf/printf.c         0x00000000   Number         0  printf6.o ABSOLUTE
    ../clib/microlib/printf/printf.c         0x00000000   Number         0  printfa.o ABSOLUTE
    ../clib/microlib/printf/printf.c         0x00000000   Number         0  printf8.o ABSOLUTE
    ../clib/microlib/printf/printf.c         0x00000000   Number         0  printf7.o ABSOLUTE
    ../clib/microlib/printf/printf.c         0x00000000   Number         0  printf2.o ABSOLUTE
    ../clib/microlib/printf/stubs.s          0x00000000   Number         0  stubs.o ABSOLUTE
    ../clib/microlib/stdio/streams.c         0x00000000   Number         0  stdout.o ABSOLUTE
    ../clib/microlib/stubs.s                 0x00000000   Number         0  iusefp.o ABSOLUTE
    ../fplib/microlib/d2f.c                  0x00000000   Number         0  d2f.o ABSOLUTE
    ../fplib/microlib/f2d.c                  0x00000000   Number         0  f2d.o ABSOLUTE
    ../fplib/microlib/fpadd.c                0x00000000   Number         0  dadd.o ABSOLUTE
    ../fplib/microlib/fpadd.c                0x00000000   Number         0  fadd.o ABSOLUTE
    ../fplib/microlib/fpdiv.c                0x00000000   Number         0  ddiv.o ABSOLUTE
    ../fplib/microlib/fpdiv.c                0x00000000   Number         0  fdiv.o ABSOLUTE
    ../fplib/microlib/fpepilogue.c           0x00000000   Number         0  fepilogue.o ABSOLUTE
    ../fplib/microlib/fpepilogue.c           0x00000000   Number         0  depilogue.o ABSOLUTE
    ../fplib/microlib/fpfix.c                0x00000000   Number         0  dfixul.o ABSOLUTE
    ../fplib/microlib/fpfix.c                0x00000000   Number         0  dfixi.o ABSOLUTE
    ../fplib/microlib/fpfix.c                0x00000000   Number         0  ffixi.o ABSOLUTE
    ../fplib/microlib/fpfix.c                0x00000000   Number         0  ffixui.o ABSOLUTE
    ../fplib/microlib/fpflt.c                0x00000000   Number         0  dflti.o ABSOLUTE
    ../fplib/microlib/fpflt.c                0x00000000   Number         0  fflti.o ABSOLUTE
    ../fplib/microlib/fpflt.c                0x00000000   Number         0  ffltui.o ABSOLUTE
    ../fplib/microlib/fpflt.c                0x00000000   Number         0  dfltui.o ABSOLUTE
    ../fplib/microlib/fpmul.c                0x00000000   Number         0  fmul.o ABSOLUTE
    ../fplib/microlib/fpmul.c                0x00000000   Number         0  dmul.o ABSOLUTE
    ../fplib/microlib/fpscalb.c              0x00000000   Number         0  dscalb.o ABSOLUTE
    ../fplib/microlib/fpsqrt.c               0x00000000   Number         0  dsqrt.o ABSOLUTE
    ../mathlib/cos_i.c                       0x00000000   Number         0  cos_i.o ABSOLUTE
    ../mathlib/dunder.c                      0x00000000   Number         0  dunder.o ABSOLUTE
    ../mathlib/fpclassify.c                  0x00000000   Number         0  fpclassify.o ABSOLUTE
    ../mathlib/poly.c                        0x00000000   Number         0  poly.o ABSOLUTE
    ../mathlib/rred.c                        0x00000000   Number         0  rred.o ABSOLUTE
    ../mathlib/sin.c                         0x00000000   Number         0  sin.o ABSOLUTE
    ../mathlib/sin.c                         0x00000000   Number         0  sin_x.o ABSOLUTE
    ../mathlib/sin_i.c                       0x00000000   Number         0  sin_i_x.o ABSOLUTE
    ../mathlib/sin_i.c                       0x00000000   Number         0  sin_i.o ABSOLUTE
    ../mathlib/sqrt.c                        0x00000000   Number         0  sqrt.o ABSOLUTE
    ../mathlib/sqrt.c                        0x00000000   Number         0  sqrt_x.o ABSOLUTE
    ..\..\Libraries\CMSIS\core_cm3.c         0x00000000   Number         0  core_cm3.o ABSOLUTE
    ..\..\Libraries\CMSIS\startup\startup_stm32f10x_hd.s 0x00000000   Number         0  startup_stm32f10x_hd.o ABSOLUTE
    ..\..\Libraries\CMSIS\system_stm32f10x.c 0x00000000   Number         0  system_stm32f10x.o ABSOLUTE
    ..\..\Libraries\FWlib\Include\cr4_fft_1024_stm32.s 0x00000000   Number         0  cr4_fft_1024_stm32.o ABSOLUTE
    ..\..\Libraries\FWlib\Include\cr4_fft_256_stm32.s 0x00000000   Number         0  cr4_fft_256_stm32.o ABSOLUTE
    ..\..\Libraries\FWlib\src\misc.c         0x00000000   Number         0  misc.o ABSOLUTE
    ..\..\Libraries\FWlib\src\stm32f10x_adc.c 0x00000000   Number         0  stm32f10x_adc.o ABSOLUTE
    ..\..\Libraries\FWlib\src\stm32f10x_bkp.c 0x00000000   Number         0  stm32f10x_bkp.o ABSOLUTE
    ..\..\Libraries\FWlib\src\stm32f10x_can.c 0x00000000   Number         0  stm32f10x_can.o ABSOLUTE
    ..\..\Libraries\FWlib\src\stm32f10x_cec.c 0x00000000   Number         0  stm32f10x_cec.o ABSOLUTE
    ..\..\Libraries\FWlib\src\stm32f10x_crc.c 0x00000000   Number         0  stm32f10x_crc.o ABSOLUTE
    ..\..\Libraries\FWlib\src\stm32f10x_dac.c 0x00000000   Number         0  stm32f10x_dac.o ABSOLUTE
    ..\..\Libraries\FWlib\src\stm32f10x_dbgmcu.c 0x00000000   Number         0  stm32f10x_dbgmcu.o ABSOLUTE
    ..\..\Libraries\FWlib\src\stm32f10x_dma.c 0x00000000   Number         0  stm32f10x_dma.o ABSOLUTE
    ..\..\Libraries\FWlib\src\stm32f10x_exti.c 0x00000000   Number         0  stm32f10x_exti.o ABSOLUTE
    ..\..\Libraries\FWlib\src\stm32f10x_flash.c 0x00000000   Number         0  stm32f10x_flash.o ABSOLUTE
    ..\..\Libraries\FWlib\src\stm32f10x_fsmc.c 0x00000000   Number         0  stm32f10x_fsmc.o ABSOLUTE
    ..\..\Libraries\FWlib\src\stm32f10x_gpio.c 0x00000000   Number         0  stm32f10x_gpio.o ABSOLUTE
    ..\..\Libraries\FWlib\src\stm32f10x_i2c.c 0x00000000   Number         0  stm32f10x_i2c.o ABSOLUTE
    ..\..\Libraries\FWlib\src\stm32f10x_iwdg.c 0x00000000   Number         0  stm32f10x_iwdg.o ABSOLUTE
    ..\..\Libraries\FWlib\src\stm32f10x_pwr.c 0x00000000   Number         0  stm32f10x_pwr.o ABSOLUTE
    ..\..\Libraries\FWlib\src\stm32f10x_rcc.c 0x00000000   Number         0  stm32f10x_rcc.o ABSOLUTE
    ..\..\Libraries\FWlib\src\stm32f10x_rtc.c 0x00000000   Number         0  stm32f10x_rtc.o ABSOLUTE
    ..\..\Libraries\FWlib\src\stm32f10x_sdio.c 0x00000000   Number         0  stm32f10x_sdio.o ABSOLUTE
    ..\..\Libraries\FWlib\src\stm32f10x_spi.c 0x00000000   Number         0  stm32f10x_spi.o ABSOLUTE
    ..\..\Libraries\FWlib\src\stm32f10x_tim.c 0x00000000   Number         0  stm32f10x_tim.o ABSOLUTE
    ..\..\Libraries\FWlib\src\stm32f10x_usart.c 0x00000000   Number         0  stm32f10x_usart.o ABSOLUTE
    ..\..\Libraries\FWlib\src\stm32f10x_wwdg.c 0x00000000   Number         0  stm32f10x_wwdg.o ABSOLUTE
    ..\..\User\AD_DA\DAC.c                   0x00000000   Number         0  dac.o ABSOLUTE
    ..\..\User\AD_DA\adc_Double.c            0x00000000   Number         0  adc_double.o ABSOLUTE
    ..\..\User\AD_DA\bsp_adc.c               0x00000000   Number         0  bsp_adc.o ABSOLUTE
    ..\..\User\TIM\PWM_IC.c                  0x00000000   Number         0  pwm_ic.o ABSOLUTE
    ..\..\User\TIM\TIM.c                     0x00000000   Number         0  tim.o ABSOLUTE
    ..\..\User\exit\exti_key.c               0x00000000   Number         0  exti_key.o ABSOLUTE
    ..\..\User\main.c                        0x00000000   Number         0  main.o ABSOLUTE
    ..\..\User\stm32f10x_it.c                0x00000000   Number         0  stm32f10x_it.o ABSOLUTE
    ..\..\User\tft\Control.c                 0x00000000   Number         0  control.o ABSOLUTE
    ..\..\User\tft\lcd.c                     0x00000000   Number         0  lcd.o ABSOLUTE
    ..\..\User\usart\bsp_usart.c             0x00000000   Number         0  bsp_usart.o ABSOLUTE
    ..\\..\\Libraries\\CMSIS\\core_cm3.c     0x00000000   Number         0  core_cm3.o ABSOLUTE
    ..\\..\\Libraries\\CMSIS\\system_stm32f10x.c 0x00000000   Number         0  system_stm32f10x.o ABSOLUTE
    ..\\..\\Libraries\\FWlib\\src\\misc.c    0x00000000   Number         0  misc.o ABSOLUTE
    ..\\..\\Libraries\\FWlib\\src\\stm32f10x_adc.c 0x00000000   Number         0  stm32f10x_adc.o ABSOLUTE
    ..\\..\\Libraries\\FWlib\\src\\stm32f10x_bkp.c 0x00000000   Number         0  stm32f10x_bkp.o ABSOLUTE
    ..\\..\\Libraries\\FWlib\\src\\stm32f10x_can.c 0x00000000   Number         0  stm32f10x_can.o ABSOLUTE
    ..\\..\\Libraries\\FWlib\\src\\stm32f10x_cec.c 0x00000000   Number         0  stm32f10x_cec.o ABSOLUTE
    ..\\..\\Libraries\\FWlib\\src\\stm32f10x_crc.c 0x00000000   Number         0  stm32f10x_crc.o ABSOLUTE
    ..\\..\\Libraries\\FWlib\\src\\stm32f10x_dac.c 0x00000000   Number         0  stm32f10x_dac.o ABSOLUTE
    ..\\..\\Libraries\\FWlib\\src\\stm32f10x_dbgmcu.c 0x00000000   Number         0  stm32f10x_dbgmcu.o ABSOLUTE
    ..\\..\\Libraries\\FWlib\\src\\stm32f10x_dma.c 0x00000000   Number         0  stm32f10x_dma.o ABSOLUTE
    ..\\..\\Libraries\\FWlib\\src\\stm32f10x_exti.c 0x00000000   Number         0  stm32f10x_exti.o ABSOLUTE
    ..\\..\\Libraries\\FWlib\\src\\stm32f10x_flash.c 0x00000000   Number         0  stm32f10x_flash.o ABSOLUTE
    ..\\..\\Libraries\\FWlib\\src\\stm32f10x_fsmc.c 0x00000000   Number         0  stm32f10x_fsmc.o ABSOLUTE
    ..\\..\\Libraries\\FWlib\\src\\stm32f10x_gpio.c 0x00000000   Number         0  stm32f10x_gpio.o ABSOLUTE
    ..\\..\\Libraries\\FWlib\\src\\stm32f10x_i2c.c 0x00000000   Number         0  stm32f10x_i2c.o ABSOLUTE
    ..\\..\\Libraries\\FWlib\\src\\stm32f10x_iwdg.c 0x00000000   Number         0  stm32f10x_iwdg.o ABSOLUTE
    ..\\..\\Libraries\\FWlib\\src\\stm32f10x_pwr.c 0x00000000   Number         0  stm32f10x_pwr.o ABSOLUTE
    ..\\..\\Libraries\\FWlib\\src\\stm32f10x_rcc.c 0x00000000   Number         0  stm32f10x_rcc.o ABSOLUTE
    ..\\..\\Libraries\\FWlib\\src\\stm32f10x_rtc.c 0x00000000   Number         0  stm32f10x_rtc.o ABSOLUTE
    ..\\..\\Libraries\\FWlib\\src\\stm32f10x_sdio.c 0x00000000   Number         0  stm32f10x_sdio.o ABSOLUTE
    ..\\..\\Libraries\\FWlib\\src\\stm32f10x_spi.c 0x00000000   Number         0  stm32f10x_spi.o ABSOLUTE
    ..\\..\\Libraries\\FWlib\\src\\stm32f10x_tim.c 0x00000000   Number         0  stm32f10x_tim.o ABSOLUTE
    ..\\..\\Libraries\\FWlib\\src\\stm32f10x_usart.c 0x00000000   Number         0  stm32f10x_usart.o ABSOLUTE
    ..\\..\\Libraries\\FWlib\\src\\stm32f10x_wwdg.c 0x00000000   Number         0  stm32f10x_wwdg.o ABSOLUTE
    ..\\..\\User\\AD_DA\\DAC.c               0x00000000   Number         0  dac.o ABSOLUTE
    ..\\..\\User\\AD_DA\\adc_Double.c        0x00000000   Number         0  adc_double.o ABSOLUTE
    ..\\..\\User\\AD_DA\\bsp_adc.c           0x00000000   Number         0  bsp_adc.o ABSOLUTE
    ..\\..\\User\\TIM\\PWM_IC.c              0x00000000   Number         0  pwm_ic.o ABSOLUTE
    ..\\..\\User\\TIM\\TIM.c                 0x00000000   Number         0  tim.o ABSOLUTE
    ..\\..\\User\\exit\\exti_key.c           0x00000000   Number         0  exti_key.o ABSOLUTE
    ..\\..\\User\\main.c                     0x00000000   Number         0  main.o ABSOLUTE
    ..\\..\\User\\stm32f10x_it.c             0x00000000   Number         0  stm32f10x_it.o ABSOLUTE
    ..\\..\\User\\tft\\Control.c             0x00000000   Number         0  control.o ABSOLUTE
    ..\\..\\User\\tft\\lcd.c                 0x00000000   Number         0  lcd.o ABSOLUTE
    ..\\..\\User\\usart\\bsp_usart.c         0x00000000   Number         0  bsp_usart.o ABSOLUTE
    cdcmple.s                                0x00000000   Number         0  cdcmple.o ABSOLUTE
    cdrcmple.s                               0x00000000   Number         0  cdrcmple.o ABSOLUTE
    dc.s                                     0x00000000   Number         0  dc.o ABSOLUTE
    handlers.s                               0x00000000   Number         0  handlers.o ABSOLUTE
    init.s                                   0x00000000   Number         0  init.o ABSOLUTE
    RESET                                    0x08000000   Section      304  startup_stm32f10x_hd.o(RESET)
    .ARM.Collect$$$$00000000                 0x08000130   Section        0  entry.o(.ARM.Collect$$$$00000000)
    .ARM.Collect$$$$00000001                 0x08000130   Section        4  entry2.o(.ARM.Collect$$$$00000001)
    .ARM.Collect$$$$00000004                 0x08000134   Section        4  entry5.o(.ARM.Collect$$$$00000004)
    .ARM.Collect$$$$00000008                 0x08000138   Section        0  entry7b.o(.ARM.Collect$$$$00000008)
    .ARM.Collect$$$$0000000A                 0x08000138   Section        0  entry8b.o(.ARM.Collect$$$$0000000A)
    .ARM.Collect$$$$0000000B                 0x08000138   Section        8  entry9a.o(.ARM.Collect$$$$0000000B)
    .ARM.Collect$$$$0000000D                 0x08000140   Section        0  entry10a.o(.ARM.Collect$$$$0000000D)
    .ARM.Collect$$$$0000000F                 0x08000140   Section        0  entry11a.o(.ARM.Collect$$$$0000000F)
    .ARM.Collect$$$$00002712                 0x08000140   Section        4  entry2.o(.ARM.Collect$$$$00002712)
    __lit__00000000                          0x08000140   Data           4  entry2.o(.ARM.Collect$$$$00002712)
    .text                                    0x08000144   Section       36  startup_stm32f10x_hd.o(.text)
    .text                                    0x08000168   Section        0  system_stm32f10x.o(.text)
    SetSysClockTo72                          0x08000169   Thumb Code   214  system_stm32f10x.o(.text)
    SetSysClock                              0x0800023f   Thumb Code     8  system_stm32f10x.o(.text)
    .text                                    0x08000348   Section     4576  cr4_fft_1024_stm32.o(.text)
    .text                                    0x08001528   Section        0  misc.o(.text)
    .text                                    0x08001604   Section        0  stm32f10x_adc.o(.text)
    .text                                    0x08001a54   Section        0  stm32f10x_dma.o(.text)
    .text                                    0x08001ca8   Section        0  stm32f10x_exti.o(.text)
    .text                                    0x08001dc4   Section        0  stm32f10x_fsmc.o(.text)
    .text                                    0x080023d0   Section        0  stm32f10x_gpio.o(.text)
    .text                                    0x0800272c   Section        0  stm32f10x_rcc.o(.text)
    .text                                    0x08002ad0   Section        0  stm32f10x_tim.o(.text)
    TI4_Config                               0x08002f77   Thumb Code   130  stm32f10x_tim.o(.text)
    TI3_Config                               0x0800300b   Thumb Code   122  stm32f10x_tim.o(.text)
    TI2_Config                               0x0800309f   Thumb Code   130  stm32f10x_tim.o(.text)
    TI1_Config                               0x08003133   Thumb Code   108  stm32f10x_tim.o(.text)
    .text                                    0x080038ec   Section        0  stm32f10x_usart.o(.text)
    .text                                    0x08003cf4   Section        0  main.o(.text)
    .text                                    0x08003de4   Section        0  stm32f10x_it.o(.text)
    .text                                    0x08003e24   Section        0  bsp_usart.o(.text)
    .text                                    0x08003fd0   Section        0  exti_key.o(.text)
    NVIC_Configuration                       0x08003fd1   Thumb Code    54  exti_key.o(.text)
    .text                                    0x080040bc   Section        0  pwm_ic.o(.text)
    ADVANCEX_TIM_NVIC_Config                 0x080040bd   Thumb Code    32  pwm_ic.o(.text)
    ADVANCEX_TIM_GPIO_Config                 0x080040dd   Thumb Code    34  pwm_ic.o(.text)
    ADVANCEX_TIM_Mode_Config                 0x080040ff   Thumb Code   136  pwm_ic.o(.text)
    .text                                    0x08004274   Section        0  tim.o(.text)
    .text                                    0x08004300   Section        0  adc_double.o(.text)
    ADCx_GPIO_Config                         0x080043e1   Thumb Code    32  adc_double.o(.text)
    ADCx_Mode_Config                         0x08004463   Thumb Code   280  adc_double.o(.text)
    .text                                    0x080046e8   Section        0  lcd.o(.text)
    .text                                    0x08008f0c   Section        0  control.o(.text)
    .text                                    0x08009004   Section        0  fadd.o(.text)
    .text                                    0x080090b4   Section        0  fmul.o(.text)
    .text                                    0x08009118   Section        0  fdiv.o(.text)
    .text                                    0x08009194   Section        0  dmul.o(.text)
    .text                                    0x08009278   Section        0  ddiv.o(.text)
    .text                                    0x08009356   Section        0  fflti.o(.text)
    .text                                    0x08009368   Section        0  dfltui.o(.text)
    .text                                    0x08009382   Section        0  ffixi.o(.text)
    .text                                    0x080093b4   Section        0  ffixui.o(.text)
    .text                                    0x080093dc   Section        0  f2d.o(.text)
    .text                                    0x08009402   Section        0  d2f.o(.text)
    .text                                    0x0800943a   Section        0  uidiv.o(.text)
    .text                                    0x08009466   Section        0  uldiv.o(.text)
    .text                                    0x080094c8   Section        0  iusefp.o(.text)
    .text                                    0x080094c8   Section        0  fepilogue.o(.text)
    .text                                    0x08009536   Section        0  depilogue.o(.text)
    .text                                    0x080095f0   Section        0  dadd.o(.text)
    .text                                    0x0800973e   Section        0  dsqrt.o(.text)
    .text                                    0x080097e0   Section        0  dfixul.o(.text)
    .text                                    0x08009810   Section       48  cdrcmple.o(.text)
    .text                                    0x08009840   Section       36  init.o(.text)
    .text                                    0x08009864   Section        0  llshl.o(.text)
    .text                                    0x08009882   Section        0  llushr.o(.text)
    .text                                    0x080098a2   Section        0  llsshr.o(.text)
    .text                                    0x080098c6   Section        0  dscalb.o(.text)
    .text                                    0x080098f4   Section        0  dflti.o(.text)
    .text                                    0x08009916   Section        0  dfixi.o(.text)
    .text                                    0x08009954   Section        0  __dclz77c.o(.text)
    i.__0printf                              0x080099b4   Section        0  printfa.o(i.__0printf)
    i.__ARM_fpclassify                       0x080099d4   Section        0  fpclassify.o(i.__ARM_fpclassify)
    i.__ieee754_rem_pio2                     0x080099fc   Section        0  rred.o(i.__ieee754_rem_pio2)
    i.__kernel_cos                           0x08009d84   Section        0  cos_i.o(i.__kernel_cos)
    i.__kernel_poly                          0x08009e80   Section        0  poly.o(i.__kernel_poly)
    i.__kernel_sin                           0x08009f2c   Section        0  sin_i.o(i.__kernel_sin)
    i.__mathlib_dbl_infnan                   0x0800a018   Section        0  dunder.o(i.__mathlib_dbl_infnan)
    i.__mathlib_dbl_invalid                  0x0800a01e   Section        0  dunder.o(i.__mathlib_dbl_invalid)
    i.__mathlib_dbl_underflow                0x0800a02c   Section        0  dunder.o(i.__mathlib_dbl_underflow)
    i.__scatterload_copy                     0x0800a03c   Section       14  handlers.o(i.__scatterload_copy)
    i.__scatterload_null                     0x0800a04a   Section        2  handlers.o(i.__scatterload_null)
    i.__scatterload_zeroinit                 0x0800a04c   Section       14  handlers.o(i.__scatterload_zeroinit)
    i.__set_errno                            0x0800a05c   Section        0  errno.o(i.__set_errno)
    i._fp_digits                             0x0800a068   Section        0  printfa.o(i._fp_digits)
    _fp_digits                               0x0800a069   Thumb Code   366  printfa.o(i._fp_digits)
    i._printf_core                           0x0800a1ec   Section        0  printfa.o(i._printf_core)
    _printf_core                             0x0800a1ed   Thumb Code  1744  printfa.o(i._printf_core)
    i._printf_post_padding                   0x0800a8c8   Section        0  printfa.o(i._printf_post_padding)
    _printf_post_padding                     0x0800a8c9   Thumb Code    36  printfa.o(i._printf_post_padding)
    i._printf_pre_padding                    0x0800a8ec   Section        0  printfa.o(i._printf_pre_padding)
    _printf_pre_padding                      0x0800a8ed   Thumb Code    46  printfa.o(i._printf_pre_padding)
    i.sin                                    0x0800a91c   Section        0  sin.o(i.sin)
    i.sqrt                                   0x0800a9bc   Section        0  sqrt.o(i.sqrt)
    .constdata                               0x0800aa08   Section     2660  lcd.o(.constdata)
    .constdata                               0x0800b470   Section       48  cos_i.o(.constdata)
    C                                        0x0800b470   Data          48  cos_i.o(.constdata)
    .constdata                               0x0800b4a0   Section      200  rred.o(.constdata)
    pio2s                                    0x0800b4a0   Data          48  rred.o(.constdata)
    twooverpi                                0x0800b4d0   Data         152  rred.o(.constdata)
    .constdata                               0x0800b568   Section       40  sin_i.o(.constdata)
    S                                        0x0800b568   Data          40  sin_i.o(.constdata)
    .data                                    0x20000000   Section       20  system_stm32f10x.o(.data)
    .data                                    0x20000014   Section       20  stm32f10x_rcc.o(.data)
    APBAHBPrescTable                         0x20000014   Data          16  stm32f10x_rcc.o(.data)
    ADCPrescTable                            0x20000024   Data           4  stm32f10x_rcc.o(.data)
    .data                                    0x20000028   Section       12  main.o(.data)
    .data                                    0x20000034   Section       12  pwm_ic.o(.data)
    .data                                    0x20000040   Section     4102  adc_double.o(.data)
    .data                                    0x20001046   Section        4  lcd.o(.data)
    .data                                    0x2000104a   Section        8  control.o(.data)
    .data                                    0x20001054   Section        4  stdout.o(.data)
    .data                                    0x20001058   Section        4  errno.o(.data)
    _errno                                   0x20001058   Data           4  errno.o(.data)
    .bss                                     0x2000105c   Section    19968  adc_double.o(.bss)
    .bss                                     0x20005e5c   Section       14  lcd.o(.bss)
    STACK                                    0x20005e70   Section     1024  startup_stm32f10x_hd.o(STACK)

    Global Symbols

    Symbol Name                              Value     Ov Type        Size  Object(Section)

    BuildAttributes$$THM_ISAv4$P$D$K$B$S$PE$A:L22UL41UL21$X:L11$S22US41US21$IEEE1$IW$USESV6$~STKCKD$USESV7$~SHL$OTIME$ROPI$IEEEX$EBA8$MICROLIB$REQ8$PRES8$EABIv2 0x00000000   Number         0  anon$$obj.o ABSOLUTE
    __ARM_use_no_argv                        0x00000000   Number         0  main.o ABSOLUTE
    _printf_a                                0x00000000   Number         0  stubs.o ABSOLUTE
    _printf_c                                0x00000000   Number         0  stubs.o ABSOLUTE
    _printf_charcount                        0x00000000   Number         0  stubs.o ABSOLUTE
    _printf_d                                0x00000000   Number         0  stubs.o ABSOLUTE
    _printf_e                                0x00000000   Number         0  stubs.o ABSOLUTE
    _printf_f                                0x00000000   Number         0  stubs.o ABSOLUTE
    _printf_flags                            0x00000000   Number         0  stubs.o ABSOLUTE
    _printf_fp_dec                           0x00000000   Number         0  stubs.o ABSOLUTE
    _printf_fp_hex                           0x00000000   Number         0  stubs.o ABSOLUTE
    _printf_g                                0x00000000   Number         0  stubs.o ABSOLUTE
    _printf_i                                0x00000000   Number         0  stubs.o ABSOLUTE
    _printf_int_dec                          0x00000000   Number         0  stubs.o ABSOLUTE
    _printf_l                                0x00000000   Number         0  stubs.o ABSOLUTE
    _printf_lc                               0x00000000   Number         0  stubs.o ABSOLUTE
    _printf_ll                               0x00000000   Number         0  stubs.o ABSOLUTE
    _printf_lld                              0x00000000   Number         0  stubs.o ABSOLUTE
    _printf_lli                              0x00000000   Number         0  stubs.o ABSOLUTE
    _printf_llo                              0x00000000   Number         0  stubs.o ABSOLUTE
    _printf_llu                              0x00000000   Number         0  stubs.o ABSOLUTE
    _printf_llx                              0x00000000   Number         0  stubs.o ABSOLUTE
    _printf_longlong_dec                     0x00000000   Number         0  stubs.o ABSOLUTE
    _printf_longlong_hex                     0x00000000   Number         0  stubs.o ABSOLUTE
    _printf_longlong_oct                     0x00000000   Number         0  stubs.o ABSOLUTE
    _printf_ls                               0x00000000   Number         0  stubs.o ABSOLUTE
    _printf_mbtowc                           0x00000000   Number         0  stubs.o ABSOLUTE
    _printf_n                                0x00000000   Number         0  stubs.o ABSOLUTE
    _printf_o                                0x00000000   Number         0  stubs.o ABSOLUTE
    _printf_p                                0x00000000   Number         0  stubs.o ABSOLUTE
    _printf_percent                          0x00000000   Number         0  stubs.o ABSOLUTE
    _printf_pre_padding                      0x00000000   Number         0  stubs.o ABSOLUTE
    _printf_return_value                     0x00000000   Number         0  stubs.o ABSOLUTE
    _printf_s                                0x00000000   Number         0  stubs.o ABSOLUTE
    _printf_sizespec                         0x00000000   Number         0  stubs.o ABSOLUTE
    _printf_str                              0x00000000   Number         0  stubs.o ABSOLUTE
    _printf_truncate_signed                  0x00000000   Number         0  stubs.o ABSOLUTE
    _printf_truncate_unsigned                0x00000000   Number         0  stubs.o ABSOLUTE
    _printf_u                                0x00000000   Number         0  stubs.o ABSOLUTE
    _printf_wc                               0x00000000   Number         0  stubs.o ABSOLUTE
    _printf_wctomb                           0x00000000   Number         0  stubs.o ABSOLUTE
    _printf_widthprec                        0x00000000   Number         0  stubs.o ABSOLUTE
    _printf_x                                0x00000000   Number         0  stubs.o ABSOLUTE
    __cpp_initialize__aeabi_                  - Undefined Weak Reference
    __cxa_finalize                            - Undefined Weak Reference
    _clock_init                               - Undefined Weak Reference
    _microlib_exit                            - Undefined Weak Reference
    __Vectors_Size                           0x00000130   Number         0  startup_stm32f10x_hd.o ABSOLUTE
    __Vectors                                0x08000000   Data           4  startup_stm32f10x_hd.o(RESET)
    __Vectors_End                            0x08000130   Data           0  startup_stm32f10x_hd.o(RESET)
    __main                                   0x08000131   Thumb Code     0  entry.o(.ARM.Collect$$$$00000000)
    _main_stk                                0x08000131   Thumb Code     0  entry2.o(.ARM.Collect$$$$00000001)
    _main_scatterload                        0x08000135   Thumb Code     0  entry5.o(.ARM.Collect$$$$00000004)
    __main_after_scatterload                 0x08000139   Thumb Code     0  entry5.o(.ARM.Collect$$$$00000004)
    _main_clock                              0x08000139   Thumb Code     0  entry7b.o(.ARM.Collect$$$$00000008)
    _main_cpp_init                           0x08000139   Thumb Code     0  entry8b.o(.ARM.Collect$$$$0000000A)
    _main_init                               0x08000139   Thumb Code     0  entry9a.o(.ARM.Collect$$$$0000000B)
    __rt_final_cpp                           0x08000141   Thumb Code     0  entry10a.o(.ARM.Collect$$$$0000000D)
    __rt_final_exit                          0x08000141   Thumb Code     0  entry11a.o(.ARM.Collect$$$$0000000F)
    Reset_Handler                            0x08000145   Thumb Code     8  startup_stm32f10x_hd.o(.text)
    ADC1_2_IRQHandler                        0x0800015f   Thumb Code     0  startup_stm32f10x_hd.o(.text)
    ADC3_IRQHandler                          0x0800015f   Thumb Code     0  startup_stm32f10x_hd.o(.text)
    CAN1_RX1_IRQHandler                      0x0800015f   Thumb Code     0  startup_stm32f10x_hd.o(.text)
    CAN1_SCE_IRQHandler                      0x0800015f   Thumb Code     0  startup_stm32f10x_hd.o(.text)
    DMA1_Channel2_IRQHandler                 0x0800015f   Thumb Code     0  startup_stm32f10x_hd.o(.text)
    DMA1_Channel3_IRQHandler                 0x0800015f   Thumb Code     0  startup_stm32f10x_hd.o(.text)
    DMA1_Channel4_IRQHandler                 0x0800015f   Thumb Code     0  startup_stm32f10x_hd.o(.text)
    DMA1_Channel5_IRQHandler                 0x0800015f   Thumb Code     0  startup_stm32f10x_hd.o(.text)
    DMA1_Channel6_IRQHandler                 0x0800015f   Thumb Code     0  startup_stm32f10x_hd.o(.text)
    DMA1_Channel7_IRQHandler                 0x0800015f   Thumb Code     0  startup_stm32f10x_hd.o(.text)
    DMA2_Channel1_IRQHandler                 0x0800015f   Thumb Code     0  startup_stm32f10x_hd.o(.text)
    DMA2_Channel2_IRQHandler                 0x0800015f   Thumb Code     0  startup_stm32f10x_hd.o(.text)
    DMA2_Channel3_IRQHandler                 0x0800015f   Thumb Code     0  startup_stm32f10x_hd.o(.text)
    DMA2_Channel4_5_IRQHandler               0x0800015f   Thumb Code     0  startup_stm32f10x_hd.o(.text)
    EXTI0_IRQHandler                         0x0800015f   Thumb Code     0  startup_stm32f10x_hd.o(.text)
    EXTI15_10_IRQHandler                     0x0800015f   Thumb Code     0  startup_stm32f10x_hd.o(.text)
    EXTI1_IRQHandler                         0x0800015f   Thumb Code     0  startup_stm32f10x_hd.o(.text)
    EXTI2_IRQHandler                         0x0800015f   Thumb Code     0  startup_stm32f10x_hd.o(.text)
    EXTI9_5_IRQHandler                       0x0800015f   Thumb Code     0  startup_stm32f10x_hd.o(.text)
    FLASH_IRQHandler                         0x0800015f   Thumb Code     0  startup_stm32f10x_hd.o(.text)
    FSMC_IRQHandler                          0x0800015f   Thumb Code     0  startup_stm32f10x_hd.o(.text)
    I2C1_ER_IRQHandler                       0x0800015f   Thumb Code     0  startup_stm32f10x_hd.o(.text)
    I2C1_EV_IRQHandler                       0x0800015f   Thumb Code     0  startup_stm32f10x_hd.o(.text)
    I2C2_ER_IRQHandler                       0x0800015f   Thumb Code     0  startup_stm32f10x_hd.o(.text)
    I2C2_EV_IRQHandler                       0x0800015f   Thumb Code     0  startup_stm32f10x_hd.o(.text)
    PVD_IRQHandler                           0x0800015f   Thumb Code     0  startup_stm32f10x_hd.o(.text)
    RCC_IRQHandler                           0x0800015f   Thumb Code     0  startup_stm32f10x_hd.o(.text)
    RTCAlarm_IRQHandler                      0x0800015f   Thumb Code     0  startup_stm32f10x_hd.o(.text)
    RTC_IRQHandler                           0x0800015f   Thumb Code     0  startup_stm32f10x_hd.o(.text)
    SDIO_IRQHandler                          0x0800015f   Thumb Code     0  startup_stm32f10x_hd.o(.text)
    SPI1_IRQHandler                          0x0800015f   Thumb Code     0  startup_stm32f10x_hd.o(.text)
    SPI2_IRQHandler                          0x0800015f   Thumb Code     0  startup_stm32f10x_hd.o(.text)
    SPI3_IRQHandler                          0x0800015f   Thumb Code     0  startup_stm32f10x_hd.o(.text)
    TAMPER_IRQHandler                        0x0800015f   Thumb Code     0  startup_stm32f10x_hd.o(.text)
    TIM1_BRK_IRQHandler                      0x0800015f   Thumb Code     0  startup_stm32f10x_hd.o(.text)
    TIM1_TRG_COM_IRQHandler                  0x0800015f   Thumb Code     0  startup_stm32f10x_hd.o(.text)
    TIM1_UP_IRQHandler                       0x0800015f   Thumb Code     0  startup_stm32f10x_hd.o(.text)
    TIM2_IRQHandler                          0x0800015f   Thumb Code     0  startup_stm32f10x_hd.o(.text)
    TIM3_IRQHandler                          0x0800015f   Thumb Code     0  startup_stm32f10x_hd.o(.text)
    TIM4_IRQHandler                          0x0800015f   Thumb Code     0  startup_stm32f10x_hd.o(.text)
    TIM5_IRQHandler                          0x0800015f   Thumb Code     0  startup_stm32f10x_hd.o(.text)
    TIM6_IRQHandler                          0x0800015f   Thumb Code     0  startup_stm32f10x_hd.o(.text)
    TIM7_IRQHandler                          0x0800015f   Thumb Code     0  startup_stm32f10x_hd.o(.text)
    TIM8_BRK_IRQHandler                      0x0800015f   Thumb Code     0  startup_stm32f10x_hd.o(.text)
    TIM8_CC_IRQHandler                       0x0800015f   Thumb Code     0  startup_stm32f10x_hd.o(.text)
    TIM8_TRG_COM_IRQHandler                  0x0800015f   Thumb Code     0  startup_stm32f10x_hd.o(.text)
    TIM8_UP_IRQHandler                       0x0800015f   Thumb Code     0  startup_stm32f10x_hd.o(.text)
    UART4_IRQHandler                         0x0800015f   Thumb Code     0  startup_stm32f10x_hd.o(.text)
    UART5_IRQHandler                         0x0800015f   Thumb Code     0  startup_stm32f10x_hd.o(.text)
    USART2_IRQHandler                        0x0800015f   Thumb Code     0  startup_stm32f10x_hd.o(.text)
    USART3_IRQHandler                        0x0800015f   Thumb Code     0  startup_stm32f10x_hd.o(.text)
    USBWakeUp_IRQHandler                     0x0800015f   Thumb Code     0  startup_stm32f10x_hd.o(.text)
    USB_HP_CAN1_TX_IRQHandler                0x0800015f   Thumb Code     0  startup_stm32f10x_hd.o(.text)
    USB_LP_CAN1_RX0_IRQHandler               0x0800015f   Thumb Code     0  startup_stm32f10x_hd.o(.text)
    WWDG_IRQHandler                          0x0800015f   Thumb Code     0  startup_stm32f10x_hd.o(.text)
    SystemInit                               0x08000247   Thumb Code    78  system_stm32f10x.o(.text)
    SystemCoreClockUpdate                    0x08000295   Thumb Code   142  system_stm32f10x.o(.text)
    cr4_fft_1024_stm32                       0x08000349   Thumb Code     0  cr4_fft_1024_stm32.o(.text)
    NVIC_PriorityGroupConfig                 0x08001529   Thumb Code    10  misc.o(.text)
    NVIC_Init                                0x08001533   Thumb Code   100  misc.o(.text)
    NVIC_SetVectorTable                      0x08001597   Thumb Code    14  misc.o(.text)
    NVIC_SystemLPConfig                      0x080015a5   Thumb Code    34  misc.o(.text)
    SysTick_CLKSourceConfig                  0x080015c7   Thumb Code    40  misc.o(.text)
    ADC_DeInit                               0x08001605   Thumb Code    78  stm32f10x_adc.o(.text)
    ADC_Init                                 0x08001653   Thumb Code    70  stm32f10x_adc.o(.text)
    ADC_StructInit                           0x08001699   Thumb Code    18  stm32f10x_adc.o(.text)
    ADC_Cmd                                  0x080016ab   Thumb Code    22  stm32f10x_adc.o(.text)
    ADC_DMACmd                               0x080016c1   Thumb Code    22  stm32f10x_adc.o(.text)
    ADC_ITConfig                             0x080016d7   Thumb Code    24  stm32f10x_adc.o(.text)
    ADC_ResetCalibration                     0x080016ef   Thumb Code    10  stm32f10x_adc.o(.text)
    ADC_GetResetCalibrationStatus            0x080016f9   Thumb Code    20  stm32f10x_adc.o(.text)
    ADC_StartCalibration                     0x0800170d   Thumb Code    10  stm32f10x_adc.o(.text)
    ADC_GetCalibrationStatus                 0x08001717   Thumb Code    20  stm32f10x_adc.o(.text)
    ADC_SoftwareStartConvCmd                 0x0800172b   Thumb Code    22  stm32f10x_adc.o(.text)
    ADC_GetSoftwareStartConvStatus           0x08001741   Thumb Code    20  stm32f10x_adc.o(.text)
    ADC_DiscModeChannelCountConfig           0x08001755   Thumb Code    24  stm32f10x_adc.o(.text)
    ADC_DiscModeCmd                          0x0800176d   Thumb Code    22  stm32f10x_adc.o(.text)
    ADC_RegularChannelConfig                 0x08001783   Thumb Code   184  stm32f10x_adc.o(.text)
    ADC_ExternalTrigConvCmd                  0x0800183b   Thumb Code    22  stm32f10x_adc.o(.text)
    ADC_GetConversionValue                   0x08001851   Thumb Code     8  stm32f10x_adc.o(.text)
    ADC_GetDualModeConversionValue           0x08001859   Thumb Code     8  stm32f10x_adc.o(.text)
    ADC_AutoInjectedConvCmd                  0x08001861   Thumb Code    22  stm32f10x_adc.o(.text)
    ADC_InjectedDiscModeCmd                  0x08001877   Thumb Code    22  stm32f10x_adc.o(.text)
    ADC_ExternalTrigInjectedConvConfig       0x0800188d   Thumb Code    16  stm32f10x_adc.o(.text)
    ADC_ExternalTrigInjectedConvCmd          0x0800189d   Thumb Code    22  stm32f10x_adc.o(.text)
    ADC_SoftwareStartInjectedConvCmd         0x080018b3   Thumb Code    22  stm32f10x_adc.o(.text)
    ADC_GetSoftwareStartInjectedConvCmdStatus 0x080018c9   Thumb Code    20  stm32f10x_adc.o(.text)
    ADC_InjectedChannelConfig                0x080018dd   Thumb Code   130  stm32f10x_adc.o(.text)
    ADC_InjectedSequencerLengthConfig        0x0800195f   Thumb Code    24  stm32f10x_adc.o(.text)
    ADC_SetInjectedOffset                    0x08001977   Thumb Code    20  stm32f10x_adc.o(.text)
    ADC_GetInjectedConversionValue           0x0800198b   Thumb Code    28  stm32f10x_adc.o(.text)
    ADC_AnalogWatchdogCmd                    0x080019a7   Thumb Code    16  stm32f10x_adc.o(.text)
    ADC_AnalogWatchdogThresholdsConfig       0x080019b7   Thumb Code     6  stm32f10x_adc.o(.text)
    ADC_AnalogWatchdogSingleChannelConfig    0x080019bd   Thumb Code    16  stm32f10x_adc.o(.text)
    ADC_TempSensorVrefintCmd                 0x080019cd   Thumb Code    64  stm32f10x_adc.o(.text)
    ADC_GetFlagStatus                        0x08001a0d   Thumb Code    18  stm32f10x_adc.o(.text)
    ADC_ClearFlag                            0x08001a1f   Thumb Code     6  stm32f10x_adc.o(.text)
    ADC_GetITStatus                          0x08001a25   Thumb Code    36  stm32f10x_adc.o(.text)
    ADC_ClearITPendingBit                    0x08001a49   Thumb Code    10  stm32f10x_adc.o(.text)
    DMA_DeInit                               0x08001a55   Thumb Code   324  stm32f10x_dma.o(.text)
    DMA_Init                                 0x08001b99   Thumb Code    60  stm32f10x_dma.o(.text)
    DMA_StructInit                           0x08001bd5   Thumb Code    26  stm32f10x_dma.o(.text)
    DMA_Cmd                                  0x08001bef   Thumb Code    24  stm32f10x_dma.o(.text)
    DMA_ITConfig                             0x08001c07   Thumb Code    18  stm32f10x_dma.o(.text)
    DMA_SetCurrDataCounter                   0x08001c19   Thumb Code     4  stm32f10x_dma.o(.text)
    DMA_GetCurrDataCounter                   0x08001c1d   Thumb Code     8  stm32f10x_dma.o(.text)
    DMA_GetFlagStatus                        0x08001c25   Thumb Code    40  stm32f10x_dma.o(.text)
    DMA_ClearFlag                            0x08001c4d   Thumb Code    22  stm32f10x_dma.o(.text)
    DMA_GetITStatus                          0x08001c63   Thumb Code    40  stm32f10x_dma.o(.text)
    DMA_ClearITPendingBit                    0x08001c8b   Thumb Code    22  stm32f10x_dma.o(.text)
    EXTI_DeInit                              0x08001ca9   Thumb Code    28  stm32f10x_exti.o(.text)
    EXTI_Init                                0x08001cc5   Thumb Code   142  stm32f10x_exti.o(.text)
    EXTI_StructInit                          0x08001d53   Thumb Code    16  stm32f10x_exti.o(.text)
    EXTI_GenerateSWInterrupt                 0x08001d63   Thumb Code    16  stm32f10x_exti.o(.text)
    EXTI_GetFlagStatus                       0x08001d73   Thumb Code    22  stm32f10x_exti.o(.text)
    EXTI_ClearFlag                           0x08001d89   Thumb Code     8  stm32f10x_exti.o(.text)
    EXTI_GetITStatus                         0x08001d91   Thumb Code    34  stm32f10x_exti.o(.text)
    EXTI_ClearITPendingBit                   0x08001db3   Thumb Code     8  stm32f10x_exti.o(.text)
    FSMC_NORSRAMDeInit                       0x08001dc5   Thumb Code    54  stm32f10x_fsmc.o(.text)
    FSMC_NANDDeInit                          0x08001dfb   Thumb Code    62  stm32f10x_fsmc.o(.text)
    FSMC_PCCARDDeInit                        0x08001e39   Thumb Code    36  stm32f10x_fsmc.o(.text)
    FSMC_NORSRAMInit                         0x08001e5d   Thumb Code   230  stm32f10x_fsmc.o(.text)
    FSMC_NANDInit                            0x08001f43   Thumb Code   132  stm32f10x_fsmc.o(.text)
    FSMC_PCCARDInit                          0x08001fc7   Thumb Code   130  stm32f10x_fsmc.o(.text)
    FSMC_NORSRAMStructInit                   0x08002049   Thumb Code   114  stm32f10x_fsmc.o(.text)
    FSMC_NANDStructInit                      0x080020bb   Thumb Code    54  stm32f10x_fsmc.o(.text)
    FSMC_PCCARDStructInit                    0x080020f1   Thumb Code    60  stm32f10x_fsmc.o(.text)
    FSMC_NORSRAMCmd                          0x0800212d   Thumb Code    46  stm32f10x_fsmc.o(.text)
    FSMC_NANDCmd                             0x0800215b   Thumb Code    86  stm32f10x_fsmc.o(.text)
    FSMC_PCCARDCmd                           0x080021b1   Thumb Code    44  stm32f10x_fsmc.o(.text)
    FSMC_NANDECCCmd                          0x080021dd   Thumb Code    90  stm32f10x_fsmc.o(.text)
    FSMC_GetECC                              0x08002237   Thumb Code    24  stm32f10x_fsmc.o(.text)
    FSMC_ITConfig                            0x0800224f   Thumb Code   128  stm32f10x_fsmc.o(.text)
    FSMC_GetFlagStatus                       0x080022cf   Thumb Code    54  stm32f10x_fsmc.o(.text)
    FSMC_ClearFlag                           0x08002305   Thumb Code    62  stm32f10x_fsmc.o(.text)
    FSMC_GetITStatus                         0x08002343   Thumb Code    64  stm32f10x_fsmc.o(.text)
    FSMC_ClearITPendingBit                   0x08002383   Thumb Code    68  stm32f10x_fsmc.o(.text)
    GPIO_DeInit                              0x080023d1   Thumb Code   172  stm32f10x_gpio.o(.text)
    GPIO_AFIODeInit                          0x0800247d   Thumb Code    20  stm32f10x_gpio.o(.text)
    GPIO_Init                                0x08002491   Thumb Code   278  stm32f10x_gpio.o(.text)
    GPIO_StructInit                          0x080025a7   Thumb Code    16  stm32f10x_gpio.o(.text)
    GPIO_ReadInputDataBit                    0x080025b7   Thumb Code    18  stm32f10x_gpio.o(.text)
    GPIO_ReadInputData                       0x080025c9   Thumb Code     8  stm32f10x_gpio.o(.text)
    GPIO_ReadOutputDataBit                   0x080025d1   Thumb Code    18  stm32f10x_gpio.o(.text)
    GPIO_ReadOutputData                      0x080025e3   Thumb Code     8  stm32f10x_gpio.o(.text)
    GPIO_SetBits                             0x080025eb   Thumb Code     4  stm32f10x_gpio.o(.text)
    GPIO_ResetBits                           0x080025ef   Thumb Code     4  stm32f10x_gpio.o(.text)
    GPIO_WriteBit                            0x080025f3   Thumb Code    10  stm32f10x_gpio.o(.text)
    GPIO_Write                               0x080025fd   Thumb Code     4  stm32f10x_gpio.o(.text)
    GPIO_PinLockConfig                       0x08002601   Thumb Code    18  stm32f10x_gpio.o(.text)
    GPIO_EventOutputConfig                   0x08002613   Thumb Code    26  stm32f10x_gpio.o(.text)
    GPIO_EventOutputCmd                      0x0800262d   Thumb Code     6  stm32f10x_gpio.o(.text)
    GPIO_PinRemapConfig                      0x08002633   Thumb Code   138  stm32f10x_gpio.o(.text)
    GPIO_EXTILineConfig                      0x080026bd   Thumb Code    66  stm32f10x_gpio.o(.text)
    GPIO_ETH_MediaInterfaceConfig            0x080026ff   Thumb Code     8  stm32f10x_gpio.o(.text)
    RCC_DeInit                               0x0800272d   Thumb Code    64  stm32f10x_rcc.o(.text)
    RCC_HSEConfig                            0x0800276d   Thumb Code    70  stm32f10x_rcc.o(.text)
    RCC_GetFlagStatus                        0x080027b3   Thumb Code    56  stm32f10x_rcc.o(.text)
    RCC_WaitForHSEStartUp                    0x080027eb   Thumb Code    56  stm32f10x_rcc.o(.text)
    RCC_AdjustHSICalibrationValue            0x08002823   Thumb Code    20  stm32f10x_rcc.o(.text)
    RCC_HSICmd                               0x08002837   Thumb Code     6  stm32f10x_rcc.o(.text)
    RCC_PLLConfig                            0x0800283d   Thumb Code    24  stm32f10x_rcc.o(.text)
    RCC_PLLCmd                               0x08002855   Thumb Code     6  stm32f10x_rcc.o(.text)
    RCC_SYSCLKConfig                         0x0800285b   Thumb Code    18  stm32f10x_rcc.o(.text)
    RCC_GetSYSCLKSource                      0x0800286d   Thumb Code    10  stm32f10x_rcc.o(.text)
    RCC_HCLKConfig                           0x08002877   Thumb Code    18  stm32f10x_rcc.o(.text)
    RCC_PCLK1Config                          0x08002889   Thumb Code    18  stm32f10x_rcc.o(.text)
    RCC_PCLK2Config                          0x0800289b   Thumb Code    20  stm32f10x_rcc.o(.text)
    RCC_ITConfig                             0x080028af   Thumb Code    26  stm32f10x_rcc.o(.text)
    RCC_USBCLKConfig                         0x080028c9   Thumb Code     8  stm32f10x_rcc.o(.text)
    RCC_ADCCLKConfig                         0x080028d1   Thumb Code    18  stm32f10x_rcc.o(.text)
    RCC_LSEConfig                            0x080028e3   Thumb Code    50  stm32f10x_rcc.o(.text)
    RCC_LSICmd                               0x08002915   Thumb Code     6  stm32f10x_rcc.o(.text)
    RCC_RTCCLKConfig                         0x0800291b   Thumb Code    12  stm32f10x_rcc.o(.text)
    RCC_RTCCLKCmd                            0x08002927   Thumb Code     8  stm32f10x_rcc.o(.text)
    RCC_GetClocksFreq                        0x0800292f   Thumb Code   192  stm32f10x_rcc.o(.text)
    RCC_AHBPeriphClockCmd                    0x080029ef   Thumb Code    26  stm32f10x_rcc.o(.text)
    RCC_APB2PeriphClockCmd                   0x08002a09   Thumb Code    26  stm32f10x_rcc.o(.text)
    RCC_APB1PeriphClockCmd                   0x08002a23   Thumb Code    26  stm32f10x_rcc.o(.text)
    RCC_APB2PeriphResetCmd                   0x08002a3d   Thumb Code    26  stm32f10x_rcc.o(.text)
    RCC_APB1PeriphResetCmd                   0x08002a57   Thumb Code    26  stm32f10x_rcc.o(.text)
    RCC_BackupResetCmd                       0x08002a71   Thumb Code     8  stm32f10x_rcc.o(.text)
    RCC_ClockSecuritySystemCmd               0x08002a79   Thumb Code     6  stm32f10x_rcc.o(.text)
    RCC_MCOConfig                            0x08002a7f   Thumb Code     6  stm32f10x_rcc.o(.text)
    RCC_ClearFlag                            0x08002a85   Thumb Code    14  stm32f10x_rcc.o(.text)
    RCC_GetITStatus                          0x08002a93   Thumb Code    20  stm32f10x_rcc.o(.text)
    RCC_ClearITPendingBit                    0x08002aa7   Thumb Code     6  stm32f10x_rcc.o(.text)
    TIM_DeInit                               0x08002ad1   Thumb Code   424  stm32f10x_tim.o(.text)
    TIM_TimeBaseInit                         0x08002c79   Thumb Code   122  stm32f10x_tim.o(.text)
    TIM_OC1Init                              0x08002cf3   Thumb Code   132  stm32f10x_tim.o(.text)
    TIM_OC2Init                              0x08002d77   Thumb Code   154  stm32f10x_tim.o(.text)
    TIM_OC3Init                              0x08002e11   Thumb Code   150  stm32f10x_tim.o(.text)
    TIM_OC4Init                              0x08002ea7   Thumb Code   182  stm32f10x_tim.o(.text)
    TIM_SetIC4Prescaler                      0x08002f5d   Thumb Code    26  stm32f10x_tim.o(.text)
    TIM_SetIC3Prescaler                      0x08002ff9   Thumb Code    18  stm32f10x_tim.o(.text)
    TIM_SetIC2Prescaler                      0x08003085   Thumb Code    26  stm32f10x_tim.o(.text)
    TIM_SetIC1Prescaler                      0x08003121   Thumb Code    18  stm32f10x_tim.o(.text)
    TIM_ICInit                               0x0800319f   Thumb Code   150  stm32f10x_tim.o(.text)
    TIM_PWMIConfig                           0x08003235   Thumb Code   124  stm32f10x_tim.o(.text)
    TIM_BDTRConfig                           0x080032b1   Thumb Code    32  stm32f10x_tim.o(.text)
    TIM_TimeBaseStructInit                   0x080032d1   Thumb Code    18  stm32f10x_tim.o(.text)
    TIM_OCStructInit                         0x080032e3   Thumb Code    20  stm32f10x_tim.o(.text)
    TIM_ICStructInit                         0x080032f7   Thumb Code    18  stm32f10x_tim.o(.text)
    TIM_BDTRStructInit                       0x08003309   Thumb Code    40  stm32f10x_tim.o(.text)
    TIM_Cmd                                  0x08003331   Thumb Code    24  stm32f10x_tim.o(.text)
    TIM_CtrlPWMOutputs                       0x08003349   Thumb Code    30  stm32f10x_tim.o(.text)
    TIM_ITConfig                             0x08003367   Thumb Code    18  stm32f10x_tim.o(.text)
    TIM_GenerateEvent                        0x08003379   Thumb Code     4  stm32f10x_tim.o(.text)
    TIM_DMAConfig                            0x0800337d   Thumb Code    10  stm32f10x_tim.o(.text)
    TIM_DMACmd                               0x08003387   Thumb Code    18  stm32f10x_tim.o(.text)
    TIM_InternalClockConfig                  0x08003399   Thumb Code    12  stm32f10x_tim.o(.text)
    TIM_SelectInputTrigger                   0x080033a5   Thumb Code    18  stm32f10x_tim.o(.text)
    TIM_ITRxExternalClockConfig              0x080033b7   Thumb Code    24  stm32f10x_tim.o(.text)
    TIM_TIxExternalClockConfig               0x080033cf   Thumb Code    62  stm32f10x_tim.o(.text)
    TIM_ETRConfig                            0x0800340d   Thumb Code    28  stm32f10x_tim.o(.text)
    TIM_ETRClockMode1Config                  0x08003429   Thumb Code    54  stm32f10x_tim.o(.text)
    TIM_ETRClockMode2Config                  0x0800345f   Thumb Code    32  stm32f10x_tim.o(.text)
    TIM_PrescalerConfig                      0x0800347f   Thumb Code     6  stm32f10x_tim.o(.text)
    TIM_CounterModeConfig                    0x08003485   Thumb Code    18  stm32f10x_tim.o(.text)
    TIM_EncoderInterfaceConfig               0x08003497   Thumb Code    66  stm32f10x_tim.o(.text)
    TIM_ForcedOC1Config                      0x080034d9   Thumb Code    18  stm32f10x_tim.o(.text)
    TIM_ForcedOC2Config                      0x080034eb   Thumb Code    26  stm32f10x_tim.o(.text)
    TIM_ForcedOC3Config                      0x08003505   Thumb Code    18  stm32f10x_tim.o(.text)
    TIM_ForcedOC4Config                      0x08003517   Thumb Code    26  stm32f10x_tim.o(.text)
    TIM_ARRPreloadConfig                     0x08003531   Thumb Code    24  stm32f10x_tim.o(.text)
    TIM_SelectCOM                            0x08003549   Thumb Code    24  stm32f10x_tim.o(.text)
    TIM_SelectCCDMA                          0x08003561   Thumb Code    24  stm32f10x_tim.o(.text)
    TIM_CCPreloadControl                     0x08003579   Thumb Code    24  stm32f10x_tim.o(.text)
    TIM_OC1PreloadConfig                     0x08003591   Thumb Code    18  stm32f10x_tim.o(.text)
    TIM_OC2PreloadConfig                     0x080035a3   Thumb Code    26  stm32f10x_tim.o(.text)
    TIM_OC3PreloadConfig                     0x080035bd   Thumb Code    18  stm32f10x_tim.o(.text)
    TIM_OC4PreloadConfig                     0x080035cf   Thumb Code    26  stm32f10x_tim.o(.text)
    TIM_OC1FastConfig                        0x080035e9   Thumb Code    18  stm32f10x_tim.o(.text)
    TIM_OC2FastConfig                        0x080035fb   Thumb Code    26  stm32f10x_tim.o(.text)
    TIM_OC3FastConfig                        0x08003615   Thumb Code    18  stm32f10x_tim.o(.text)
    TIM_OC4FastConfig                        0x08003627   Thumb Code    26  stm32f10x_tim.o(.text)
    TIM_ClearOC1Ref                          0x08003641   Thumb Code    18  stm32f10x_tim.o(.text)
    TIM_ClearOC2Ref                          0x08003653   Thumb Code    24  stm32f10x_tim.o(.text)
    TIM_ClearOC3Ref                          0x0800366b   Thumb Code    18  stm32f10x_tim.o(.text)
    TIM_ClearOC4Ref                          0x0800367d   Thumb Code    24  stm32f10x_tim.o(.text)
    TIM_OC1PolarityConfig                    0x08003695   Thumb Code    18  stm32f10x_tim.o(.text)
    TIM_OC1NPolarityConfig                   0x080036a7   Thumb Code    18  stm32f10x_tim.o(.text)
    TIM_OC2PolarityConfig                    0x080036b9   Thumb Code    26  stm32f10x_tim.o(.text)
    TIM_OC2NPolarityConfig                   0x080036d3   Thumb Code    26  stm32f10x_tim.o(.text)
    TIM_OC3PolarityConfig                    0x080036ed   Thumb Code    26  stm32f10x_tim.o(.text)
    TIM_OC3NPolarityConfig                   0x08003707   Thumb Code    26  stm32f10x_tim.o(.text)
    TIM_OC4PolarityConfig                    0x08003721   Thumb Code    26  stm32f10x_tim.o(.text)
    TIM_CCxCmd                               0x0800373b   Thumb Code    30  stm32f10x_tim.o(.text)
    TIM_CCxNCmd                              0x08003759   Thumb Code    30  stm32f10x_tim.o(.text)
    TIM_SelectOCxM                           0x08003777   Thumb Code    82  stm32f10x_tim.o(.text)
    TIM_UpdateDisableConfig                  0x080037c9   Thumb Code    24  stm32f10x_tim.o(.text)
    TIM_UpdateRequestConfig                  0x080037e1   Thumb Code    24  stm32f10x_tim.o(.text)
    TIM_SelectHallSensor                     0x080037f9   Thumb Code    24  stm32f10x_tim.o(.text)
    TIM_SelectOnePulseMode                   0x08003811   Thumb Code    18  stm32f10x_tim.o(.text)
    TIM_SelectOutputTrigger                  0x08003823   Thumb Code    18  stm32f10x_tim.o(.text)
    TIM_SelectSlaveMode                      0x08003835   Thumb Code    18  stm32f10x_tim.o(.text)
    TIM_SelectMasterSlaveMode                0x08003847   Thumb Code    18  stm32f10x_tim.o(.text)
    TIM_SetCounter                           0x08003859   Thumb Code     4  stm32f10x_tim.o(.text)
    TIM_SetAutoreload                        0x0800385d   Thumb Code     4  stm32f10x_tim.o(.text)
    TIM_SetCompare1                          0x08003861   Thumb Code     4  stm32f10x_tim.o(.text)
    TIM_SetCompare2                          0x08003865   Thumb Code     4  stm32f10x_tim.o(.text)
    TIM_SetCompare3                          0x08003869   Thumb Code     4  stm32f10x_tim.o(.text)
    TIM_SetCompare4                          0x0800386d   Thumb Code     6  stm32f10x_tim.o(.text)
    TIM_SetClockDivision                     0x08003873   Thumb Code    18  stm32f10x_tim.o(.text)
    TIM_GetCapture1                          0x08003885   Thumb Code     6  stm32f10x_tim.o(.text)
    TIM_GetCapture2                          0x0800388b   Thumb Code     6  stm32f10x_tim.o(.text)
    TIM_GetCapture3                          0x08003891   Thumb Code     6  stm32f10x_tim.o(.text)
    TIM_GetCapture4                          0x08003897   Thumb Code     8  stm32f10x_tim.o(.text)
    TIM_GetCounter                           0x0800389f   Thumb Code     6  stm32f10x_tim.o(.text)
    TIM_GetPrescaler                         0x080038a5   Thumb Code     6  stm32f10x_tim.o(.text)
    TIM_GetFlagStatus                        0x080038ab   Thumb Code    18  stm32f10x_tim.o(.text)
    TIM_ClearFlag                            0x080038bd   Thumb Code     6  stm32f10x_tim.o(.text)
    TIM_GetITStatus                          0x080038c3   Thumb Code    34  stm32f10x_tim.o(.text)
    TIM_ClearITPendingBit                    0x080038e5   Thumb Code     6  stm32f10x_tim.o(.text)
    USART_DeInit                             0x080038ed   Thumb Code   134  stm32f10x_usart.o(.text)
    USART_Init                               0x08003973   Thumb Code   210  stm32f10x_usart.o(.text)
    USART_StructInit                         0x08003a45   Thumb Code    24  stm32f10x_usart.o(.text)
    USART_ClockInit                          0x08003a5d   Thumb Code    34  stm32f10x_usart.o(.text)
    USART_ClockStructInit                    0x08003a7f   Thumb Code    12  stm32f10x_usart.o(.text)
    USART_Cmd                                0x08003a8b   Thumb Code    24  stm32f10x_usart.o(.text)
    USART_ITConfig                           0x08003aa3   Thumb Code    74  stm32f10x_usart.o(.text)
    USART_DMACmd                             0x08003aed   Thumb Code    18  stm32f10x_usart.o(.text)
    USART_SetAddress                         0x08003aff   Thumb Code    18  stm32f10x_usart.o(.text)
    USART_WakeUpConfig                       0x08003b11   Thumb Code    18  stm32f10x_usart.o(.text)
    USART_ReceiverWakeUpCmd                  0x08003b23   Thumb Code    24  stm32f10x_usart.o(.text)
    USART_LINBreakDetectLengthConfig         0x08003b3b   Thumb Code    18  stm32f10x_usart.o(.text)
    USART_LINCmd                             0x08003b4d   Thumb Code    24  stm32f10x_usart.o(.text)
    USART_SendData                           0x08003b65   Thumb Code     8  stm32f10x_usart.o(.text)
    USART_ReceiveData                        0x08003b6d   Thumb Code    10  stm32f10x_usart.o(.text)
    USART_SendBreak                          0x08003b77   Thumb Code    10  stm32f10x_usart.o(.text)
    USART_SetGuardTime                       0x08003b81   Thumb Code    16  stm32f10x_usart.o(.text)
    USART_SetPrescaler                       0x08003b91   Thumb Code    16  stm32f10x_usart.o(.text)
    USART_SmartCardCmd                       0x08003ba1   Thumb Code    24  stm32f10x_usart.o(.text)
    USART_SmartCardNACKCmd                   0x08003bb9   Thumb Code    24  stm32f10x_usart.o(.text)
    USART_HalfDuplexCmd                      0x08003bd1   Thumb Code    24  stm32f10x_usart.o(.text)
    USART_OverSampling8Cmd                   0x08003be9   Thumb Code    22  stm32f10x_usart.o(.text)
    USART_OneBitMethodCmd                    0x08003bff   Thumb Code    24  stm32f10x_usart.o(.text)
    USART_IrDAConfig                         0x08003c17   Thumb Code    18  stm32f10x_usart.o(.text)
    USART_IrDACmd                            0x08003c29   Thumb Code    24  stm32f10x_usart.o(.text)
    USART_GetFlagStatus                      0x08003c41   Thumb Code    26  stm32f10x_usart.o(.text)
    USART_ClearFlag                          0x08003c5b   Thumb Code    18  stm32f10x_usart.o(.text)
    USART_GetITStatus                        0x08003c6d   Thumb Code    84  stm32f10x_usart.o(.text)
    USART_ClearITPendingBit                  0x08003cc1   Thumb Code    52  stm32f10x_usart.o(.text)
    set_max_idx                              0x08003cf5   Thumb Code    56  main.o(.text)
    set_max                                  0x08003d2d   Thumb Code    68  main.o(.text)
    main                                     0x08003d71   Thumb Code    96  main.o(.text)
    NMI_Handler                              0x08003de5   Thumb Code     2  stm32f10x_it.o(.text)
    HardFault_Handler                        0x08003de7   Thumb Code     4  stm32f10x_it.o(.text)
    MemManage_Handler                        0x08003deb   Thumb Code     4  stm32f10x_it.o(.text)
    BusFault_Handler                         0x08003def   Thumb Code     4  stm32f10x_it.o(.text)
    UsageFault_Handler                       0x08003df3   Thumb Code     4  stm32f10x_it.o(.text)
    SVC_Handler                              0x08003df7   Thumb Code     2  stm32f10x_it.o(.text)
    DebugMon_Handler                         0x08003df9   Thumb Code     2  stm32f10x_it.o(.text)
    PendSV_Handler                           0x08003dfb   Thumb Code     2  stm32f10x_it.o(.text)
    SysTick_Handler                          0x08003dfd   Thumb Code     2  stm32f10x_it.o(.text)
    USART1_IRQHandler                        0x08003dff   Thumb Code    32  stm32f10x_it.o(.text)
    USART_Config                             0x08003e25   Thumb Code   120  bsp_usart.o(.text)
    Usart_SendByte                           0x08003e9d   Thumb Code    30  bsp_usart.o(.text)
    Usart_SendString                         0x08003ebb   Thumb Code    42  bsp_usart.o(.text)
    Usart_SendHalfWord                       0x08003ee5   Thumb Code    60  bsp_usart.o(.text)
    fputc                                    0x08003f21   Thumb Code    32  bsp_usart.o(.text)
    fgetc                                    0x08003f41   Thumb Code    26  bsp_usart.o(.text)
    Delay_us                                 0x08003f5b   Thumb Code    54  bsp_usart.o(.text)
    Delay_ms                                 0x08003f91   Thumb Code    56  bsp_usart.o(.text)
    EXTI_Key_Config                          0x08004007   Thumb Code   128  exti_key.o(.text)
    EXTI3_IRQHandler                         0x08004087   Thumb Code    26  exti_key.o(.text)
    EXTI4_IRQHandler                         0x080040a1   Thumb Code    18  exti_key.o(.text)
    ADVANCE_TIMX_Init                        0x08004187   Thumb Code    16  pwm_ic.o(.text)
    TIM1_CC_IRQHandler                       0x08004197   Thumb Code   156  pwm_ic.o(.text)
    TIM4_Init                                0x08004275   Thumb Code   132  tim.o(.text)
    GetPowerMag                              0x08004301   Thumb Code   224  adc_double.o(.text)
    TIM2_Init                                0x08004401   Thumb Code    98  adc_double.o(.text)
    ADC_DOUBLE_Init                          0x0800457b   Thumb Code    12  adc_double.o(.text)
    InitBufInArray                           0x08004587   Thumb Code   124  adc_double.o(.text)
    DMA1_Channel1_IRQHandler                 0x08004603   Thumb Code   148  adc_double.o(.text)
    LCD_WR_REG                               0x080046e9   Thumb Code     6  lcd.o(.text)
    LCD_WR_DATA                              0x080046ef   Thumb Code     8  lcd.o(.text)
    LCD_RD_DATA                              0x080046f7   Thumb Code     8  lcd.o(.text)
    LCD_WriteReg                             0x080046ff   Thumb Code    10  lcd.o(.text)
    LCD_ReadReg                              0x08004709   Thumb Code    22  lcd.o(.text)
    LCD_WriteRAM_Prepare                     0x0800471f   Thumb Code    10  lcd.o(.text)
    LCD_WriteRAM                             0x08004729   Thumb Code     8  lcd.o(.text)
    LCD_BGR2RGB                              0x08004731   Thumb Code    26  lcd.o(.text)
    opt_delay                                0x0800474b   Thumb Code    14  lcd.o(.text)
    LCD_SetCursor                            0x08004759   Thumb Code   262  lcd.o(.text)
    LCD_ReadPoint                            0x0800485f   Thumb Code   358  lcd.o(.text)
    LCD_DisplayOn                            0x080049c5   Thumb Code    80  lcd.o(.text)
    LCD_DisplayOff                           0x08004a15   Thumb Code    78  lcd.o(.text)
    LCD_Scan_Dir                             0x08004a63   Thumb Code   718  lcd.o(.text)
    LCD_DrawPoint                            0x08004d31   Thumb Code    28  lcd.o(.text)
    LCD_Fast_DrawPoint                       0x08004d4d   Thumb Code   278  lcd.o(.text)
    LCD_Display_Dir                          0x08004e63   Thumb Code   432  lcd.o(.text)
    LCD_Set_Window                           0x08005013   Thumb Code   422  lcd.o(.text)
    LCD_Clear                                0x080051b9   Thumb Code   100  lcd.o(.text)
    LCD_Init                                 0x0800521d   Thumb Code 14100  lcd.o(.text)
    LCD_Fill                                 0x08008931   Thumb Code   178  lcd.o(.text)
    LCD_Color_Fill                           0x080089e3   Thumb Code   102  lcd.o(.text)
    LCD_DrawLine                             0x08008a49   Thumb Code   176  lcd.o(.text)
    LCD_DrawRectangle                        0x08008af9   Thumb Code    60  lcd.o(.text)
    Draw_Circle                              0x08008b35   Thumb Code   152  lcd.o(.text)
    LCD_ShowChar                             0x08008bcd   Thumb Code   340  lcd.o(.text)
    LCD_Pow                                  0x08008d21   Thumb Code    22  lcd.o(.text)
    LCD_ShowNum                              0x08008d37   Thumb Code   148  lcd.o(.text)
    LCD_ShowxNum                             0x08008dcb   Thumb Code   218  lcd.o(.text)
    LCD_ShowString                           0x08008ea5   Thumb Code   102  lcd.o(.text)
    Frame                                    0x08008f0d   Thumb Code   244  control.o(.text)
    __aeabi_fadd                             0x08009005   Thumb Code   164  fadd.o(.text)
    __aeabi_fsub                             0x080090a9   Thumb Code     6  fadd.o(.text)
    __aeabi_frsub                            0x080090af   Thumb Code     6  fadd.o(.text)
    __aeabi_fmul                             0x080090b5   Thumb Code   100  fmul.o(.text)
    __aeabi_fdiv                             0x08009119   Thumb Code   124  fdiv.o(.text)
    __aeabi_dmul                             0x08009195   Thumb Code   228  dmul.o(.text)
    __aeabi_ddiv                             0x08009279   Thumb Code   222  ddiv.o(.text)
    __aeabi_i2f                              0x08009357   Thumb Code    18  fflti.o(.text)
    __aeabi_ui2d                             0x08009369   Thumb Code    26  dfltui.o(.text)
    __aeabi_f2iz                             0x08009383   Thumb Code    50  ffixi.o(.text)
    __aeabi_f2uiz                            0x080093b5   Thumb Code    40  ffixui.o(.text)
    __aeabi_f2d                              0x080093dd   Thumb Code    38  f2d.o(.text)
    __aeabi_d2f                              0x08009403   Thumb Code    56  d2f.o(.text)
    __aeabi_uidiv                            0x0800943b   Thumb Code     0  uidiv.o(.text)
    __aeabi_uidivmod                         0x0800943b   Thumb Code    44  uidiv.o(.text)
    __aeabi_uldivmod                         0x08009467   Thumb Code    98  uldiv.o(.text)
    __I$use$fp                               0x080094c9   Thumb Code     0  iusefp.o(.text)
    _float_round                             0x080094c9   Thumb Code    18  fepilogue.o(.text)
    _float_epilogue                          0x080094db   Thumb Code    92  fepilogue.o(.text)
    _double_round                            0x08009537   Thumb Code    30  depilogue.o(.text)
    _double_epilogue                         0x08009555   Thumb Code   156  depilogue.o(.text)
    __aeabi_dadd                             0x080095f1   Thumb Code   322  dadd.o(.text)
    __aeabi_dsub                             0x08009733   Thumb Code     6  dadd.o(.text)
    __aeabi_drsub                            0x08009739   Thumb Code     6  dadd.o(.text)
    _dsqrt                                   0x0800973f   Thumb Code   162  dsqrt.o(.text)
    __aeabi_d2ulz                            0x080097e1   Thumb Code    48  dfixul.o(.text)
    __aeabi_cdrcmple                         0x08009811   Thumb Code    48  cdrcmple.o(.text)
    __scatterload                            0x08009841   Thumb Code    28  init.o(.text)
    __scatterload_rt2                        0x08009841   Thumb Code     0  init.o(.text)
    __aeabi_llsl                             0x08009865   Thumb Code    30  llshl.o(.text)
    _ll_shift_l                              0x08009865   Thumb Code     0  llshl.o(.text)
    __aeabi_llsr                             0x08009883   Thumb Code    32  llushr.o(.text)
    _ll_ushift_r                             0x08009883   Thumb Code     0  llushr.o(.text)
    __aeabi_lasr                             0x080098a3   Thumb Code    36  llsshr.o(.text)
    _ll_sshift_r                             0x080098a3   Thumb Code     0  llsshr.o(.text)
    __ARM_scalbn                             0x080098c7   Thumb Code    46  dscalb.o(.text)
    scalbn                                   0x080098c7   Thumb Code     0  dscalb.o(.text)
    __aeabi_i2d                              0x080098f5   Thumb Code    34  dflti.o(.text)
    __aeabi_d2iz                             0x08009917   Thumb Code    62  dfixi.o(.text)
    __decompress                             0x08009955   Thumb Code     0  __dclz77c.o(.text)
    __decompress2                            0x08009955   Thumb Code    94  __dclz77c.o(.text)
    __0printf                                0x080099b5   Thumb Code    22  printfa.o(i.__0printf)
    __1printf                                0x080099b5   Thumb Code     0  printfa.o(i.__0printf)
    __2printf                                0x080099b5   Thumb Code     0  printfa.o(i.__0printf)
    __c89printf                              0x080099b5   Thumb Code     0  printfa.o(i.__0printf)
    printf                                   0x080099b5   Thumb Code     0  printfa.o(i.__0printf)
    __ARM_fpclassify                         0x080099d5   Thumb Code    40  fpclassify.o(i.__ARM_fpclassify)
    __ieee754_rem_pio2                       0x080099fd   Thumb Code   828  rred.o(i.__ieee754_rem_pio2)
    __kernel_cos                             0x08009d85   Thumb Code   230  cos_i.o(i.__kernel_cos)
    __kernel_poly                            0x08009e81   Thumb Code   170  poly.o(i.__kernel_poly)
    __kernel_sin                             0x08009f2d   Thumb Code   224  sin_i.o(i.__kernel_sin)
    __mathlib_dbl_infnan                     0x0800a019   Thumb Code     6  dunder.o(i.__mathlib_dbl_infnan)
    __mathlib_dbl_invalid                    0x0800a01f   Thumb Code    12  dunder.o(i.__mathlib_dbl_invalid)
    __mathlib_dbl_underflow                  0x0800a02d   Thumb Code    10  dunder.o(i.__mathlib_dbl_underflow)
    __scatterload_copy                       0x0800a03d   Thumb Code    14  handlers.o(i.__scatterload_copy)
    __scatterload_null                       0x0800a04b   Thumb Code     2  handlers.o(i.__scatterload_null)
    __scatterload_zeroinit                   0x0800a04d   Thumb Code    14  handlers.o(i.__scatterload_zeroinit)
    __set_errno                              0x0800a05d   Thumb Code     6  errno.o(i.__set_errno)
    sin                                      0x0800a91d   Thumb Code   150  sin.o(i.sin)
    sqrt                                     0x0800a9bd   Thumb Code    76  sqrt.o(i.sqrt)
    asc2_1206                                0x0800aa08   Data        1140  lcd.o(.constdata)
    asc2_1608                                0x0800ae7c   Data        1520  lcd.o(.constdata)
    Region$$Table$$Base                      0x0800b590   Number         0  anon$$obj.o(Region$$Table)
    Region$$Table$$Limit                     0x0800b5b0   Number         0  anon$$obj.o(Region$$Table)
    SystemCoreClock                          0x20000000   Data           4  system_stm32f10x.o(.data)
    AHBPrescTable                            0x20000004   Data          16  system_stm32f10x.o(.data)
    index_1                                  0x20000028   Data           4  main.o(.data)
    MAX                                      0x2000002c   Data           4  main.o(.data)
    F_fft                                    0x20000030   Data           2  main.o(.data)
    Vpp                                      0x20000032   Data           2  main.o(.data)
    IC2Value                                 0x20000034   Data           2  pwm_ic.o(.data)
    IC1Value                                 0x20000036   Data           2  pwm_ic.o(.data)
    DutyCycle                                0x20000038   Data           4  pwm_ic.o(.data)
    Frequency                                0x2000003c   Data           4  pwm_ic.o(.data)
    TableFFT                                 0x20000040   Data        4080  adc_double.o(.data)
    ADC_ConvertedValue                       0x20001030   Data           4  adc_double.o(.data)
    ADC_ConvertedValueLocal                  0x20001034   Data           8  adc_double.o(.data)
    fangda                                   0x2000103c   Data           4  adc_double.o(.data)
    SET_I                                    0x20001040   Data           2  adc_double.o(.data)
    chuan                                    0x20001042   Data           2  adc_double.o(.data)
    fft_i                                    0x20001044   Data           2  adc_double.o(.data)
    POINT_COLOR                              0x20001046   Data           2  lcd.o(.data)
    BACK_COLOR                               0x20001048   Data           2  lcd.o(.data)
    Display_Grid                             0x2000104a   Data           4  control.o(.data)
    GRID_ARR                                 0x2000104e   Data           4  control.o(.data)
    __stdout                                 0x20001054   Data           4  stdout.o(.data)
    fft_src1                                 0x2000105c   Data        1024  adc_double.o(.bss)
    fft_src2                                 0x2000145c   Data         512  adc_double.o(.bss)
    fft_dst                                  0x2000165c   Data        1024  adc_double.o(.bss)
    fft_fre                                  0x20001a5c   Data         512  adc_double.o(.bss)
    fuzhi                                    0x20001c5c   Data         512  adc_double.o(.bss)
    InBufArray0                              0x20001e5c   Data        4096  adc_double.o(.bss)
    InBufArray1                              0x20002e5c   Data        4096  adc_double.o(.bss)
    OutBufArray                              0x20003e5c   Data        2048  adc_double.o(.bss)
    MagBufArray                              0x2000465c   Data        2048  adc_double.o(.bss)
    lBufInArray                              0x20004e5c   Data        4096  adc_double.o(.bss)
    lcddev                                   0x20005e5c   Data          14  lcd.o(.bss)
    __initial_sp                             0x20006270   Data           0  startup_stm32f10x_hd.o(STACK)



==============================================================================

Memory Map of the image

  Image Entry point : 0x08000131

  Load Region LR_IROM1 (Base: 0x08000000, Size: 0x0000c60c, Max: 0x00080000, ABSOLUTE, COMPRESSED[0x0000c1e0])

    Execution Region ER_IROM1 (Exec base: 0x08000000, Load base: 0x08000000, Size: 0x0000b5b0, Max: 0x00080000, ABSOLUTE)

    Exec Addr    Load Addr    Size         Type   Attr      Idx    E Section Name        Object

    0x08000000   0x08000000   0x00000130   Data   RO            3    RESET               startup_stm32f10x_hd.o
    0x08000130   0x08000130   0x00000000   Code   RO          945  * .ARM.Collect$$$$00000000  mc_w.l(entry.o)
    0x08000130   0x08000130   0x00000004   Code   RO         1261    .ARM.Collect$$$$00000001  mc_w.l(entry2.o)
    0x08000134   0x08000134   0x00000004   Code   RO         1264    .ARM.Collect$$$$00000004  mc_w.l(entry5.o)
    0x08000138   0x08000138   0x00000000   Code   RO         1266    .ARM.Collect$$$$00000008  mc_w.l(entry7b.o)
    0x08000138   0x08000138   0x00000000   Code   RO         1268    .ARM.Collect$$$$0000000A  mc_w.l(entry8b.o)
    0x08000138   0x08000138   0x00000008   Code   RO         1269    .ARM.Collect$$$$0000000B  mc_w.l(entry9a.o)
    0x08000140   0x08000140   0x00000000   Code   RO         1271    .ARM.Collect$$$$0000000D  mc_w.l(entry10a.o)
    0x08000140   0x08000140   0x00000000   Code   RO         1273    .ARM.Collect$$$$0000000F  mc_w.l(entry11a.o)
    0x08000140   0x08000140   0x00000004   Code   RO         1262    .ARM.Collect$$$$00002712  mc_w.l(entry2.o)
    0x08000144   0x08000144   0x00000024   Code   RO            4    .text               startup_stm32f10x_hd.o
    0x08000168   0x08000168   0x000001e0   Code   RO           26    .text               system_stm32f10x.o
    0x08000348   0x08000348   0x000011e0   Code   RO          138    .text               cr4_fft_1024_stm32.o
    0x08001528   0x08001528   0x000000dc   Code   RO          143    .text               misc.o
    0x08001604   0x08001604   0x0000044e   Code   RO          167    .text               stm32f10x_adc.o
    0x08001a52   0x08001a52   0x00000002   PAD
    0x08001a54   0x08001a54   0x00000254   Code   RO          307    .text               stm32f10x_dma.o
    0x08001ca8   0x08001ca8   0x0000011c   Code   RO          327    .text               stm32f10x_exti.o
    0x08001dc4   0x08001dc4   0x0000060c   Code   RO          367    .text               stm32f10x_fsmc.o
    0x080023d0   0x080023d0   0x0000035c   Code   RO          387    .text               stm32f10x_gpio.o
    0x0800272c   0x0800272c   0x000003a4   Code   RO          467    .text               stm32f10x_rcc.o
    0x08002ad0   0x08002ad0   0x00000e1a   Code   RO          549    .text               stm32f10x_tim.o
    0x080038ea   0x080038ea   0x00000002   PAD
    0x080038ec   0x080038ec   0x00000408   Code   RO          569    .text               stm32f10x_usart.o
    0x08003cf4   0x08003cf4   0x000000f0   Code   RO          609    .text               main.o
    0x08003de4   0x08003de4   0x00000040   Code   RO          675    .text               stm32f10x_it.o
    0x08003e24   0x08003e24   0x000001ac   Code   RO          698    .text               bsp_usart.o
    0x08003fd0   0x08003fd0   0x000000ec   Code   RO          718    .text               exti_key.o
    0x080040bc   0x080040bc   0x000001b8   Code   RO          741    .text               pwm_ic.o
    0x08004274   0x08004274   0x0000008c   Code   RO          764    .text               tim.o
    0x08004300   0x08004300   0x000003e8   Code   RO          787    .text               adc_double.o
    0x080046e8   0x080046e8   0x00004822   Code   RO          863    .text               lcd.o
    0x08008f0a   0x08008f0a   0x00000002   PAD
    0x08008f0c   0x08008f0c   0x000000f8   Code   RO          901    .text               control.o
    0x08009004   0x08009004   0x000000b0   Code   RO         1209    .text               mf_w.l(fadd.o)
    0x080090b4   0x080090b4   0x00000064   Code   RO         1211    .text               mf_w.l(fmul.o)
    0x08009118   0x08009118   0x0000007c   Code   RO         1213    .text               mf_w.l(fdiv.o)
    0x08009194   0x08009194   0x000000e4   Code   RO         1215    .text               mf_w.l(dmul.o)
    0x08009278   0x08009278   0x000000de   Code   RO         1217    .text               mf_w.l(ddiv.o)
    0x08009356   0x08009356   0x00000012   Code   RO         1219    .text               mf_w.l(fflti.o)
    0x08009368   0x08009368   0x0000001a   Code   RO         1223    .text               mf_w.l(dfltui.o)
    0x08009382   0x08009382   0x00000032   Code   RO         1225    .text               mf_w.l(ffixi.o)
    0x080093b4   0x080093b4   0x00000028   Code   RO         1227    .text               mf_w.l(ffixui.o)
    0x080093dc   0x080093dc   0x00000026   Code   RO         1229    .text               mf_w.l(f2d.o)
    0x08009402   0x08009402   0x00000038   Code   RO         1231    .text               mf_w.l(d2f.o)
    0x0800943a   0x0800943a   0x0000002c   Code   RO         1276    .text               mc_w.l(uidiv.o)
    0x08009466   0x08009466   0x00000062   Code   RO         1278    .text               mc_w.l(uldiv.o)
    0x080094c8   0x080094c8   0x00000000   Code   RO         1287    .text               mc_w.l(iusefp.o)
    0x080094c8   0x080094c8   0x0000006e   Code   RO         1288    .text               mf_w.l(fepilogue.o)
    0x08009536   0x08009536   0x000000ba   Code   RO         1290    .text               mf_w.l(depilogue.o)
    0x080095f0   0x080095f0   0x0000014e   Code   RO         1292    .text               mf_w.l(dadd.o)
    0x0800973e   0x0800973e   0x000000a2   Code   RO         1294    .text               mf_w.l(dsqrt.o)
    0x080097e0   0x080097e0   0x00000030   Code   RO         1296    .text               mf_w.l(dfixul.o)
    0x08009810   0x08009810   0x00000030   Code   RO         1300    .text               mf_w.l(cdrcmple.o)
    0x08009840   0x08009840   0x00000024   Code   RO         1306    .text               mc_w.l(init.o)
    0x08009864   0x08009864   0x0000001e   Code   RO         1308    .text               mc_w.l(llshl.o)
    0x08009882   0x08009882   0x00000020   Code   RO         1310    .text               mc_w.l(llushr.o)
    0x080098a2   0x080098a2   0x00000024   Code   RO         1312    .text               mc_w.l(llsshr.o)
    0x080098c6   0x080098c6   0x0000002e   Code   RO         1314    .text               mf_w.l(dscalb.o)
    0x080098f4   0x080098f4   0x00000022   Code   RO         1316    .text               mf_w.l(dflti.o)
    0x08009916   0x08009916   0x0000003e   Code   RO         1318    .text               mf_w.l(dfixi.o)
    0x08009954   0x08009954   0x0000005e   Code   RO         1328    .text               mc_w.l(__dclz77c.o)
    0x080099b2   0x080099b2   0x00000002   PAD
    0x080099b4   0x080099b4   0x00000020   Code   RO         1181    i.__0printf         mc_w.l(printfa.o)
    0x080099d4   0x080099d4   0x00000028   Code   RO         1302    i.__ARM_fpclassify  m_ws.l(fpclassify.o)
    0x080099fc   0x080099fc   0x00000388   Code   RO         1250    i.__ieee754_rem_pio2  m_ws.l(rred.o)
    0x08009d84   0x08009d84   0x000000fc   Code   RO         1233    i.__kernel_cos      m_ws.l(cos_i.o)
    0x08009e80   0x08009e80   0x000000aa   Code   RO         1304    i.__kernel_poly     m_ws.l(poly.o)
    0x08009f2a   0x08009f2a   0x00000002   PAD
    0x08009f2c   0x08009f2c   0x000000ec   Code   RO         1255    i.__kernel_sin      m_ws.l(sin_i.o)
    0x0800a018   0x0800a018   0x00000006   Code   RO         1237    i.__mathlib_dbl_infnan  m_ws.l(dunder.o)
    0x0800a01e   0x0800a01e   0x0000000c   Code   RO         1239    i.__mathlib_dbl_invalid  m_ws.l(dunder.o)
    0x0800a02a   0x0800a02a   0x00000002   PAD
    0x0800a02c   0x0800a02c   0x00000010   Code   RO         1242    i.__mathlib_dbl_underflow  m_ws.l(dunder.o)
    0x0800a03c   0x0800a03c   0x0000000e   Code   RO         1322    i.__scatterload_copy  mc_w.l(handlers.o)
    0x0800a04a   0x0800a04a   0x00000002   Code   RO         1323    i.__scatterload_null  mc_w.l(handlers.o)
    0x0800a04c   0x0800a04c   0x0000000e   Code   RO         1324    i.__scatterload_zeroinit  mc_w.l(handlers.o)
    0x0800a05a   0x0800a05a   0x00000002   PAD
    0x0800a05c   0x0800a05c   0x0000000c   Code   RO         1282    i.__set_errno       mc_w.l(errno.o)
    0x0800a068   0x0800a068   0x00000184   Code   RO         1188    i._fp_digits        mc_w.l(printfa.o)
    0x0800a1ec   0x0800a1ec   0x000006dc   Code   RO         1189    i._printf_core      mc_w.l(printfa.o)
    0x0800a8c8   0x0800a8c8   0x00000024   Code   RO         1190    i._printf_post_padding  mc_w.l(printfa.o)
    0x0800a8ec   0x0800a8ec   0x0000002e   Code   RO         1191    i._printf_pre_padding  mc_w.l(printfa.o)
    0x0800a91a   0x0800a91a   0x00000002   PAD
    0x0800a91c   0x0800a91c   0x000000a0   Code   RO          930    i.sin               m_ws.l(sin.o)
    0x0800a9bc   0x0800a9bc   0x0000004c   Code   RO          938    i.sqrt              m_ws.l(sqrt.o)
    0x0800aa08   0x0800aa08   0x00000a64   Data   RO          865    .constdata          lcd.o
    0x0800b46c   0x0800b46c   0x00000004   PAD
    0x0800b470   0x0800b470   0x00000030   Data   RO         1234    .constdata          m_ws.l(cos_i.o)
    0x0800b4a0   0x0800b4a0   0x000000c8   Data   RO         1252    .constdata          m_ws.l(rred.o)
    0x0800b568   0x0800b568   0x00000028   Data   RO         1256    .constdata          m_ws.l(sin_i.o)
    0x0800b590   0x0800b590   0x00000020   Data   RO         1320    Region$$Table       anon$$obj.o


    Execution Region RW_IRAM1 (Exec base: 0x20000000, Load base: 0x0800b5b0, Size: 0x00006270, Max: 0x00010000, ABSOLUTE, COMPRESSED[0x00000c30])

    Exec Addr    Load Addr    Size         Type   Attr      Idx    E Section Name        Object

    0x20000000   COMPRESSED   0x00000014   Data   RW           27    .data               system_stm32f10x.o
    0x20000014   COMPRESSED   0x00000014   Data   RW          468    .data               stm32f10x_rcc.o
    0x20000028   COMPRESSED   0x0000000c   Data   RW          610    .data               main.o
    0x20000034   COMPRESSED   0x0000000c   Data   RW          742    .data               pwm_ic.o
    0x20000040   COMPRESSED   0x00001006   Data   RW          789    .data               adc_double.o
    0x20001046   COMPRESSED   0x00000004   Data   RW          866    .data               lcd.o
    0x2000104a   COMPRESSED   0x00000008   Data   RW          902    .data               control.o
    0x20001052   COMPRESSED   0x00000002   PAD
    0x20001054   COMPRESSED   0x00000004   Data   RW         1275    .data               mc_w.l(stdout.o)
    0x20001058   COMPRESSED   0x00000004   Data   RW         1283    .data               mc_w.l(errno.o)
    0x2000105c        -       0x00004e00   Zero   RW          788    .bss                adc_double.o
    0x20005e5c        -       0x0000000e   Zero   RW          864    .bss                lcd.o
    0x20005e6a   COMPRESSED   0x00000006   PAD
    0x20005e70        -       0x00000400   Zero   RW            1    STACK               startup_stm32f10x_hd.o


==============================================================================

Image component sizes


      Code (inc. data)   RO Data    RW Data    ZI Data      Debug   Object Name

      1000         82          0       4102      19968       3975   adc_double.o
       428          8          0          0          0       2500   bsp_usart.o
       248          4          0          8          0       1696   control.o
         0          0          0          0          0       4524   core_cm3.o
      4576       4080          0          0          0        344   cr4_fft_1024_stm32.o
       236         10          0          0          0       1016   exti_key.o
     18466        142       2660          4         14      22511   lcd.o
       240         20          0         12          0       2779   main.o
       220         22          0          0          0       1805   misc.o
       440         66          0         12          0       1875   pwm_ic.o
        36          8        304          0       1024        860   startup_stm32f10x_hd.o
      1102         26          0          0          0      11041   stm32f10x_adc.o
       596          8          0          0          0       4370   stm32f10x_dma.o
       284         10          0          0          0       2259   stm32f10x_exti.o
      1548         18          0          0          0       5379   stm32f10x_fsmc.o
       860         38          0          0          0       5733   stm32f10x_gpio.o
        64          6          0          0          0       1436   stm32f10x_it.o
       932         36          0         20          0       8908   stm32f10x_rcc.o
      3610         88          0          0          0      22844   stm32f10x_tim.o
      1032         22          0          0          0       8464   stm32f10x_usart.o
       480         38          0         20          0     279311   system_stm32f10x.o
       140          8          0          0          0        628   tim.o

    ----------------------------------------------------------------------
     36544       4740       3000       4180      21012     394258   Object Totals
         0          0         32          0          0          0   (incl. Generated)
         6          0          4          2          6          0   (incl. Padding)

    ----------------------------------------------------------------------

      Code (inc. data)   RO Data    RW Data    ZI Data      Debug   Library Member Name

       252         22         48          0          0        124   cos_i.o
        34          6          0          0          0        204   dunder.o
        40          0          0          0          0         68   fpclassify.o
       170          0          0          0          0         96   poly.o
       904         76        200          0          0        140   rred.o
       160         10          0          0          0        108   sin.o
       236         12         40          0          0        128   sin_i.o
        76          0          0          0          0         84   sqrt.o
        94          0          0          0          0          0   __dclz77c.o
         0          0          0          0          0          0   entry.o
         0          0          0          0          0          0   entry10a.o
         0          0          0          0          0          0   entry11a.o
         8          4          0          0          0          0   entry2.o
         4          0          0          0          0          0   entry5.o
         0          0          0          0          0          0   entry7b.o
         0          0          0          0          0          0   entry8b.o
         8          4          0          0          0          0   entry9a.o
        12          6          0          4          0         68   errno.o
        30          0          0          0          0          0   handlers.o
        36          8          0          0          0         68   init.o
         0          0          0          0          0          0   iusefp.o
        30          0          0          0          0         68   llshl.o
        36          0          0          0          0         68   llsshr.o
        32          0          0          0          0         68   llushr.o
      2258         90          0          0          0        452   printfa.o
         0          0          0          4          0          0   stdout.o
        44          0          0          0          0         80   uidiv.o
        98          0          0          0          0         92   uldiv.o
        48          0          0          0          0         68   cdrcmple.o
        56          0          0          0          0         88   d2f.o
       334          0          0          0          0        148   dadd.o
       222          0          0          0          0        100   ddiv.o
       186          0          0          0          0        176   depilogue.o
        62          0          0          0          0         80   dfixi.o
        48          0          0          0          0         68   dfixul.o
        34          0          0          0          0         76   dflti.o
        26          0          0          0          0         76   dfltui.o
       228          0          0          0          0         96   dmul.o
        46          0          0          0          0         80   dscalb.o
       162          0          0          0          0        100   dsqrt.o
        38          0          0          0          0         68   f2d.o
       176          0          0          0          0        140   fadd.o
       124          0          0          0          0         88   fdiv.o
       110          0          0          0          0        168   fepilogue.o
        50          0          0          0          0         68   ffixi.o
        40          0          0          0          0         68   ffixui.o
        18          0          0          0          0         68   fflti.o
       100          0          0          0          0         76   fmul.o

    ----------------------------------------------------------------------
      6680        238        288          8          0       3816   Library Totals
        10          0          0          0          0          0   (incl. Padding)

    ----------------------------------------------------------------------

      Code (inc. data)   RO Data    RW Data    ZI Data      Debug   Library Name

      1872        126        288          0          0        952   m_ws.l
      2690        112          0          8          0        964   mc_w.l
      2108          0          0          0          0       1900   mf_w.l

    ----------------------------------------------------------------------
      6680        238        288          8          0       3816   Library Totals

    ----------------------------------------------------------------------

==============================================================================


      Code (inc. data)   RO Data    RW Data    ZI Data      Debug   

     43224       4978       3288       4188      21012     394302   Grand Totals
     43224       4978       3288       3120      21012     394302   ELF Image Totals (compressed)
     43224       4978       3288       3120          0          0   ROM Totals

==============================================================================

    Total RO  Size (Code + RO Data)                46512 (  45.42kB)
    Total RW  Size (RW Data + ZI Data)             25200 (  24.61kB)
    Total ROM Size (Code + RO Data + RW Data)      49632 (  48.47kB)

==============================================================================

